[    0.000000] Linux version 4.16.7 (nishad@nishad) (gcc version 7.3.0 (Ubuntu 7.3.0-16ubuntu3)) #1 SMP Sat May 5 14:59:41 IST 2018
[    0.000000] Command line: BOOT_IMAGE=/boot/vmlinuz-4.16.7 root=UUID=1542f4c0-3dd3-4ded-b33a-c155f494d1aa ro quiet splash vt.handoff=1
[    0.000000] KERNEL supported cpus:
[    0.000000]   Intel GenuineIntel
[    0.000000]   AMD AuthenticAMD
[    0.000000]   Centaur CentaurHauls
[    0.000000] x86/fpu: Supporting XSAVE feature 0x001: 'x87 floating point registers'
[    0.000000] x86/fpu: Supporting XSAVE feature 0x002: 'SSE registers'
[    0.000000] x86/fpu: Supporting XSAVE feature 0x004: 'AVX registers'
[    0.000000] x86/fpu: xstate_offset[2]:  576, xstate_sizes[2]:  256
[    0.000000] x86/fpu: Enabled xstate features 0x7, context size is 832 bytes, using 'standard' format.
[    0.000000] e820: BIOS-provided physical RAM map:
[    0.000000] BIOS-e820: [mem 0x0000000000000000-0x000000000006efff] usable
[    0.000000] BIOS-e820: [mem 0x000000000006f000-0x000000000006ffff] reserved
[    0.000000] BIOS-e820: [mem 0x0000000000070000-0x0000000000087fff] usable
[    0.000000] BIOS-e820: [mem 0x0000000000088000-0x00000000000bffff] reserved
[    0.000000] BIOS-e820: [mem 0x0000000000100000-0x000000009299efff] usable
[    0.000000] BIOS-e820: [mem 0x000000009299f000-0x0000000092b9efff] type 20
[    0.000000] BIOS-e820: [mem 0x0000000092b9f000-0x0000000092eaefff] reserved
[    0.000000] BIOS-e820: [mem 0x0000000092eaf000-0x0000000092faefff] ACPI NVS
[    0.000000] BIOS-e820: [mem 0x0000000092faf000-0x0000000092ffefff] ACPI data
[    0.000000] BIOS-e820: [mem 0x0000000092fff000-0x0000000092ffffff] usable
[    0.000000] BIOS-e820: [mem 0x0000000093000000-0x000000009f9fffff] reserved
[    0.000000] BIOS-e820: [mem 0x00000000e0000000-0x00000000efffffff] reserved
[    0.000000] BIOS-e820: [mem 0x00000000fe101000-0x00000000fe112fff] reserved
[    0.000000] BIOS-e820: [mem 0x00000000feb00000-0x00000000feb0ffff] reserved
[    0.000000] BIOS-e820: [mem 0x00000000fec00000-0x00000000fec00fff] reserved
[    0.000000] BIOS-e820: [mem 0x00000000fed00000-0x00000000fee00fff] reserved
[    0.000000] BIOS-e820: [mem 0x00000000ffc00000-0x00000000ffffffff] reserved
[    0.000000] BIOS-e820: [mem 0x0000000100000000-0x000000015f5fffff] usable
[    0.000000] NX (Execute Disable) protection: active
[    0.000000] efi: EFI v2.31 by INSYDE Corp.
[    0.000000] efi:  ACPI=0x92ffe000  ACPI 2.0=0x92ffe014  SMBIOS=0x92eaef98 
[    0.000000] SMBIOS 2.7 present.
[    0.000000] DMI: Hewlett-Packard HP Pavilion 15 Notebook PC/2164, BIOS F.04 07/03/2013
[    0.000000] e820: update [mem 0x00000000-0x00000fff] usable ==> reserved
[    0.000000] e820: remove [mem 0x000a0000-0x000fffff] usable
[    0.000000] e820: last_pfn = 0x15f600 max_arch_pfn = 0x400000000
[    0.000000] MTRR default type: uncachable
[    0.000000] MTRR fixed ranges enabled:
[    0.000000]   00000-9FFFF write-back
[    0.000000]   A0000-BFFFF uncachable
[    0.000000]   C0000-E7FFF write-protect
[    0.000000]   E8000-EFFFF write-combining
[    0.000000]   F0000-FFFFF write-protect
[    0.000000] MTRR variable ranges enabled:
[    0.000000]   0 base 0000000000 mask 7F80000000 write-back
[    0.000000]   1 base 0080000000 mask 7FF0000000 write-back
[    0.000000]   2 base 0090000000 mask 7FFE000000 write-back
[    0.000000]   3 base 0092000000 mask 7FFF000000 write-back
[    0.000000]   4 base 00FFC00000 mask 7FFFC00000 write-protect
[    0.000000]   5 base 0100000000 mask 7F80000000 write-back
[    0.000000]   6 base 015F600000 mask 7FFFE00000 uncachable
[    0.000000]   7 base 015F800000 mask 7FFF800000 uncachable
[    0.000000]   8 base 0160000000 mask 7FE0000000 uncachable
[    0.000000]   9 disabled
[    0.000000] x86/PAT: Configuration [0-7]: WB  WC  UC- UC  WB  WP  UC- WT  
[    0.000000] e820: last_pfn = 0x93000 max_arch_pfn = 0x400000000
[    0.000000] Scanning 1 areas for low memory corruption
[    0.000000] Base memory trampoline at [        (ptrval)] 7c000 size 24576
[    0.000000] Using GB pages for direct mapping
[    0.000000] BRK [0x82740000, 0x82740fff] PGTABLE
[    0.000000] BRK [0x82741000, 0x82741fff] PGTABLE
[    0.000000] BRK [0x82742000, 0x82742fff] PGTABLE
[    0.000000] BRK [0x82743000, 0x82743fff] PGTABLE
[    0.000000] BRK [0x82744000, 0x82744fff] PGTABLE
[    0.000000] BRK [0x82745000, 0x82745fff] PGTABLE
[    0.000000] Secure boot could not be determined
[    0.000000] RAMDISK: [mem 0x03e51000-0x24fdafff]
[    0.000000] ACPI: Early table checksum verification disabled
[    0.000000] ACPI: RSDP 0x0000000092FFE014 000024 (v02 HPQOEM)
[    0.000000] ACPI: XSDT 0x0000000092FFE210 0000B4 (v01 HPQOEM SLIC-MPC 00000001 HP   01000013)
[    0.000000] ACPI: FACP 0x0000000092FF8000 00010C (v05 HPQOEM SLIC-MPC 00000001 HP   00040000)
[    0.000000] ACPI: DSDT 0x0000000092FE5000 00FD7A (v01 HPQOEM 2164     00000000 ACPI 00040000)
[    0.000000] ACPI: FACS 0x0000000092FAA000 000040
[    0.000000] ACPI: UEFI 0x0000000092FFD000 000236 (v01 HPQOEM 2164     00000001 HP   00040000)
[    0.000000] ACPI: FPDT 0x0000000092FFB000 000044 (v01 HPQOEM 2164     00000001 HP   00040000)
[    0.000000] ACPI: MSDM 0x0000000092FFA000 000055 (v03 HPQOEM SLIC-MPC 00000001 HP   00040000)
[    0.000000] ACPI: ASF! 0x0000000092FF9000 0000A5 (v32 HPQOEM 2164     00000001 HP   00040000)
[    0.000000] ACPI: HPET 0x0000000092FF7000 000038 (v01 HPQOEM 2164     00000001 HP   00040000)
[    0.000000] ACPI: APIC 0x0000000092FF6000 00008C (v03 HPQOEM 2164     00000001 HP   00040000)
[    0.000000] ACPI: MCFG 0x0000000092FF5000 00003C (v01 HPQOEM 2164     00000001 HP   00040000)
[    0.000000] ACPI: SSDT 0x0000000092FE3000 0010BF (v01 HPQOEM 2164     00001000 ACPI 00040000)
[    0.000000] ACPI: BOOT 0x0000000092FE1000 000028 (v01 HPQOEM 2164     00000001 HP   00040000)
[    0.000000] ACPI: ASPT 0x0000000092FDF000 000034 (v07 HPQOEM 2164     00000001 HP   00040000)
[    0.000000] ACPI: DBGP 0x0000000092FDE000 000034 (v01 HPQOEM 2164     00000001 HP   00040000)
[    0.000000] ACPI: SSDT 0x0000000092FDD000 000539 (v01 HPQOEM 2164     00003000 ACPI 00040000)
[    0.000000] ACPI: SSDT 0x0000000092FDC000 000AD8 (v01 HPQOEM 2164     00003000 ACPI 00040000)
[    0.000000] ACPI: SSDT 0x0000000092FD8000 0032C2 (v01 HPQOEM 2164     00003000 ACPI 00040000)
[    0.000000] ACPI: SSDT 0x0000000092FD3000 002066 (v01 HPQOEM 2164     00001000 ACPI 00040000)
[    0.000000] ACPI: BGRT 0x0000000092FD7000 000038 (v01 HPQOEM 2164     00000001 HP   00040000)
[    0.000000] ACPI: DMAR 0x0000000092FD6000 000088 (v01 HPQOEM 2164     00000001 HP   00040000)
[    0.000000] ACPI: Local APIC address 0xfee00000
[    0.000000] No NUMA configuration found
[    0.000000] Faking a node at [mem 0x0000000000000000-0x000000015f5fffff]
[    0.000000] NODE_DATA(0) allocated [mem 0x15f5d3000-0x15f5fdfff]
[    0.000000] tsc: Fast TSC calibration using PIT
[    0.000000] Zone ranges:
[    0.000000]   DMA      [mem 0x0000000000001000-0x0000000000ffffff]
[    0.000000]   DMA32    [mem 0x0000000001000000-0x00000000ffffffff]
[    0.000000]   Normal   [mem 0x0000000100000000-0x000000015f5fffff]
[    0.000000]   Device   empty
[    0.000000] Movable zone start for each node
[    0.000000] Early memory node ranges
[    0.000000]   node   0: [mem 0x0000000000001000-0x000000000006efff]
[    0.000000]   node   0: [mem 0x0000000000070000-0x0000000000087fff]
[    0.000000]   node   0: [mem 0x0000000000100000-0x000000009299efff]
[    0.000000]   node   0: [mem 0x0000000092fff000-0x0000000092ffffff]
[    0.000000]   node   0: [mem 0x0000000100000000-0x000000015f5fffff]
[    0.000000] Initmem setup node 0 [mem 0x0000000000001000-0x000000015f5fffff]
[    0.000000] On node 0 totalpages: 991014
[    0.000000]   DMA zone: 64 pages used for memmap
[    0.000000]   DMA zone: 22 pages reserved
[    0.000000]   DMA zone: 3974 pages, LIFO batch:0
[    0.000000]   DMA32 zone: 9319 pages used for memmap
[    0.000000]   DMA32 zone: 596384 pages, LIFO batch:31
[    0.000000]   Normal zone: 6104 pages used for memmap
[    0.000000]   Normal zone: 390656 pages, LIFO batch:31
[    0.000000] Reserved but unavailable: 99 pages
[    0.000000] Reserving Intel graphics memory at [mem 0x9da00000-0x9f9fffff]
[    0.000000] ACPI: PM-Timer IO Port: 0x1808
[    0.000000] ACPI: Local APIC address 0xfee00000
[    0.000000] IOAPIC[0]: apic_id 2, version 32, address 0xfec00000, GSI 0-39
[    0.000000] ACPI: INT_SRC_OVR (bus 0 bus_irq 0 global_irq 2 dfl dfl)
[    0.000000] ACPI: INT_SRC_OVR (bus 0 bus_irq 9 global_irq 9 high level)
[    0.000000] ACPI: IRQ0 used by override.
[    0.000000] ACPI: IRQ9 used by override.
[    0.000000] Using ACPI (MADT) for SMP configuration information
[    0.000000] ACPI: HPET id: 0x8086a201 base: 0xfed00000
[    0.000000] [Firmware Bug]: TSC_DEADLINE disabled due to Errata; please update microcode to version: 0x20 (or later)
[    0.000000] smpboot: Allowing 8 CPUs, 4 hotplug CPUs
[    0.000000] PM: Registered nosave memory: [mem 0x00000000-0x00000fff]
[    0.000000] PM: Registered nosave memory: [mem 0x0006f000-0x0006ffff]
[    0.000000] PM: Registered nosave memory: [mem 0x00088000-0x000bffff]
[    0.000000] PM: Registered nosave memory: [mem 0x000c0000-0x000fffff]
[    0.000000] PM: Registered nosave memory: [mem 0x9299f000-0x92b9efff]
[    0.000000] PM: Registered nosave memory: [mem 0x92b9f000-0x92eaefff]
[    0.000000] PM: Registered nosave memory: [mem 0x92eaf000-0x92faefff]
[    0.000000] PM: Registered nosave memory: [mem 0x92faf000-0x92ffefff]
[    0.000000] PM: Registered nosave memory: [mem 0x93000000-0x9f9fffff]
[    0.000000] PM: Registered nosave memory: [mem 0x9fa00000-0xdfffffff]
[    0.000000] PM: Registered nosave memory: [mem 0xe0000000-0xefffffff]
[    0.000000] PM: Registered nosave memory: [mem 0xf0000000-0xfe100fff]
[    0.000000] PM: Registered nosave memory: [mem 0xfe101000-0xfe112fff]
[    0.000000] PM: Registered nosave memory: [mem 0xfe113000-0xfeafffff]
[    0.000000] PM: Registered nosave memory: [mem 0xfeb00000-0xfeb0ffff]
[    0.000000] PM: Registered nosave memory: [mem 0xfeb10000-0xfebfffff]
[    0.000000] PM: Registered nosave memory: [mem 0xfec00000-0xfec00fff]
[    0.000000] PM: Registered nosave memory: [mem 0xfec01000-0xfecfffff]
[    0.000000] PM: Registered nosave memory: [mem 0xfed00000-0xfee00fff]
[    0.000000] PM: Registered nosave memory: [mem 0xfee01000-0xffbfffff]
[    0.000000] PM: Registered nosave memory: [mem 0xffc00000-0xffffffff]
[    0.000000] e820: [mem 0x9fa00000-0xdfffffff] available for PCI devices
[    0.000000] Booting paravirtualized kernel on bare hardware
[    0.000000] clocksource: refined-jiffies: mask: 0xffffffff max_cycles: 0xffffffff, max_idle_ns: 7645519600211568 ns
[    0.000000] random: get_random_bytes called from start_kernel+0x99/0x4ff with crng_init=0
[    0.000000] setup_percpu: NR_CPUS:8192 nr_cpumask_bits:8 nr_cpu_ids:8 nr_node_ids:1
[    0.000000] percpu: Embedded 46 pages/cpu @        (ptrval) s151552 r8192 d28672 u262144
[    0.000000] pcpu-alloc: s151552 r8192 d28672 u262144 alloc=1*2097152
[    0.000000] pcpu-alloc: [0] 0 1 2 3 4 5 6 7 
[    0.000000] Built 1 zonelists, mobility grouping on.  Total pages: 975505
[    0.000000] Policy zone: Normal
[    0.000000] Kernel command line: BOOT_IMAGE=/boot/vmlinuz-4.16.7 root=UUID=1542f4c0-3dd3-4ded-b33a-c155f494d1aa ro quiet splash vt.handoff=1
[    0.000000] Calgary: detecting Calgary via BIOS EBDA area
[    0.000000] Calgary: Unable to locate Rio Grande table in EBDA - bailing!
[    0.000000] ------------[ cut here ]------------
[    0.000000] Your BIOS is broken; DMAR reported at address 0!
               BIOS vendor: Insyde; Ver: F.04; Product Version: 0897100000304100000610100
[    0.000000] WARNING: CPU: 0 PID: 0 at drivers/iommu/dmar.c:848 warn_invalid_dmar.part.11+0x5c/0x70
[    0.000000] Modules linked in:
[    0.000000] CPU: 0 PID: 0 Comm: swapper Not tainted 4.16.7 #1
[    0.000000] Hardware name: Hewlett-Packard HP Pavilion 15 Notebook PC/2164, BIOS F.04 07/03/2013
[    0.000000] RIP: 0010:warn_invalid_dmar.part.11+0x5c/0x70
[    0.000000] RSP: 0000:ffffffff9f803da0 EFLAGS: 00010086
[    0.000000] RAX: 0000000000000000 RBX: 0000000000000000 RCX: ffffffff9f862f08
[    0.000000] RDX: 0000000000000001 RSI: 0000000000000092 RDI: 0000000000000047
[    0.000000] RBP: ffffffff9f803dc0 R08: 00000000000000a7 R09: 0000000000000004
[    0.000000] R10: ffffffff9f803c90 R11: 0000000000000001 R12: ffffffff9f4dee42
[    0.000000] R13: ffffffff9ff3f008 R14: ffffffff9ff3f048 R15: ffffffffff240030
[    0.000000] FS:  0000000000000000(0000) GS:ffff97a79f200000(0000) knlGS:0000000000000000
[    0.000000] CS:  0010 DS: 0000 ES: 0000 CR0: 0000000080050033
[    0.000000] CR2: ffff97a79f5ff000 CR3: 000000008200a001 CR4: 00000000000606b0
[    0.000000] Call Trace:
[    0.000000]  dmar_validate_one_drhd+0xab/0xe0
[    0.000000]  dmar_walk_remapping_entries+0xa6/0x1d0
[    0.000000]  detect_intel_iommu+0x66/0xef
[    0.000000]  ? xen_swiotlb_init+0x4e0/0x4e0
[    0.000000]  pci_iommu_alloc+0x55/0x71
[    0.000000]  mem_init+0x1c/0xba
[    0.000000]  start_kernel+0x2ce/0x4ff
[    0.000000]  x86_64_start_reservations+0x24/0x26
[    0.000000]  x86_64_start_kernel+0x74/0x77
[    0.000000]  secondary_startup_64+0xa5/0xb0
[    0.000000] Code: 99 1d 00 bf 01 00 00 00 49 89 c5 e8 af 99 1d 00 4d 89 f1 4d 89 e8 48 89 c1 4c 89 e2 48 89 de 48 c7 c7 00 b8 54 9f e8 14 45 a5 ff <0f> 0b 5b 41 5c 41 5d 41 5e 5d c3 66 0f 1f 84 00 00 00 00 00 e8 
[    0.000000] ---[ end trace aee287c1867d4f9c ]---
[    0.000000] Memory: 3197208K/3964056K available (12300K kernel code, 2482K rwdata, 4236K rodata, 2400K init, 2416K bss, 766848K reserved, 0K cma-reserved)
[    0.000000] SLUB: HWalign=64, Order=0-3, MinObjects=0, CPUs=8, Nodes=1
[    0.000000] Kernel/User page tables isolation: enabled
[    0.000000] ftrace: allocating 39348 entries in 154 pages
[    0.000000] Hierarchical RCU implementation.
[    0.000000] 	RCU restricting CPUs from NR_CPUS=8192 to nr_cpu_ids=8.
[    0.000000] 	Tasks RCU enabled.
[    0.000000] RCU: Adjusting geometry for rcu_fanout_leaf=16, nr_cpu_ids=8
[    0.000000] NR_IRQS: 524544, nr_irqs: 760, preallocated irqs: 16
[    0.000000] Console: colour dummy device 80x25
[    0.000000] console [tty0] enabled
[    0.000000] ACPI: Core revision 20180105
[    0.000000] ACPI: 6 ACPI AML tables successfully acquired and loaded
[    0.000000] clocksource: hpet: mask: 0xffffffff max_cycles: 0xffffffff, max_idle_ns: 133484882848 ns
[    0.000000] hpet clockevent registered
[    0.000000] APIC: Switch to symmetric I/O mode setup
[    0.000000] DMAR: Host address width 39
[    0.000000] DMAR: DRHD base: 0x00000000000000 flags: 0x1
[    0.000000] DMAR: Parse DMAR table failure.
[    0.000000] ..TIMER: vector=0x30 apic1=0 pin1=2 apic2=-1 pin2=-1
[    0.020000] tsc: Fast TSC calibration using PIT
[    0.024000] tsc: Detected 2294.708 MHz processor
[    0.024000] clocksource: tsc-early: mask: 0xffffffffffffffff max_cycles: 0x2113ade664b, max_idle_ns: 440795207008 ns
[    0.024000] Calibrating delay loop (skipped), value calculated using timer frequency.. 4589.41 BogoMIPS (lpj=9178832)
[    0.024000] pid_max: default: 32768 minimum: 301
[    0.032052] Security Framework initialized
[    0.032054] Yama: becoming mindful.
[    0.032079] AppArmor: AppArmor initialized
[    0.032919] Dentry cache hash table entries: 524288 (order: 10, 4194304 bytes)
[    0.033382] Inode-cache hash table entries: 262144 (order: 9, 2097152 bytes)
[    0.033415] Mount-cache hash table entries: 8192 (order: 4, 65536 bytes)
[    0.033431] Mountpoint-cache hash table entries: 8192 (order: 4, 65536 bytes)
[    0.033732] CPU: Physical Processor ID: 0
[    0.033733] CPU: Processor Core ID: 0
[    0.033740] ENERGY_PERF_BIAS: Set to 'normal', was 'performance'
[    0.033741] ENERGY_PERF_BIAS: View and update with x86_energy_perf_policy(8)
[    0.033747] mce: CPU supports 7 MCE banks
[    0.033759] CPU0: Thermal monitoring enabled (TM1)
[    0.033775] process: using mwait in idle threads
[    0.033779] Last level iTLB entries: 4KB 1024, 2MB 1024, 4MB 1024
[    0.033780] Last level dTLB entries: 4KB 1024, 2MB 1024, 4MB 1024, 1GB 4
[    0.033782] Spectre V2 : Mitigation: Full generic retpoline
[    0.033948] Freeing SMP alternatives memory: 36K
[    0.044000] smpboot: CPU0: Intel(R) Core(TM) i5-4200U CPU @ 1.60GHz (family: 0x6, model: 0x45, stepping: 0x1)
[    0.044000] Performance Events: PEBS fmt2+, Haswell events, 16-deep LBR, full-width counters, Intel PMU driver.
[    0.044000] ... version:                3
[    0.044000] ... bit width:              48
[    0.044000] ... generic registers:      4
[    0.044000] ... value mask:             0000ffffffffffff
[    0.044000] ... max period:             00007fffffffffff
[    0.044000] ... fixed-purpose events:   3
[    0.044000] ... event mask:             000000070000000f
[    0.044000] Hierarchical SRCU implementation.
[    0.044000] smp: Bringing up secondary CPUs ...
[    0.044000] x86: Booting SMP configuration:
[    0.044000] .... node  #0, CPUs:      #1
[    0.044000] NMI watchdog: Enabled. Permanently consumes one hw-PMU counter.
[    0.044000]  #2 #3
[    0.044102] smp: Brought up 1 node, 4 CPUs
[    0.044102] smpboot: Max logical packages: 2
[    0.044102] smpboot: Total of 4 processors activated (18357.66 BogoMIPS)
[    0.048302] devtmpfs: initialized
[    0.048302] x86/mm: Memory block size: 128MB
[    0.048610] evm: security.selinux
[    0.048611] evm: security.SMACK64
[    0.048612] evm: security.SMACK64EXEC
[    0.048613] evm: security.SMACK64TRANSMUTE
[    0.048613] evm: security.SMACK64MMAP
[    0.048614] evm: security.apparmor
[    0.048615] evm: security.ima
[    0.048616] evm: security.capability
[    0.048636] PM: Registering ACPI NVS region [mem 0x92eaf000-0x92faefff] (1048576 bytes)
[    0.048636] clocksource: jiffies: mask: 0xffffffff max_cycles: 0xffffffff, max_idle_ns: 7645041785100000 ns
[    0.048636] futex hash table entries: 2048 (order: 5, 131072 bytes)
[    0.048636] pinctrl core: initialized pinctrl subsystem
[    0.048636] RTC time:  5:10:25, date: 05/06/18
[    0.048636] NET: Registered protocol family 16
[    0.048636] audit: initializing netlink subsys (disabled)
[    0.048636] audit: type=2000 audit(1525583425.048:1): state=initialized audit_enabled=0 res=1
[    0.048636] cpuidle: using governor ladder
[    0.048636] cpuidle: using governor menu
[    0.048636] Simple Boot Flag at 0x44 set to 0x1
[    0.048636] ACPI FADT declares the system doesn't support PCIe ASPM, so disable it
[    0.048636] ACPI: bus type PCI registered
[    0.048636] acpiphp: ACPI Hot Plug PCI Controller Driver version: 0.5
[    0.048636] PCI: MMCONFIG for domain 0000 [bus 00-ff] at [mem 0xe0000000-0xefffffff] (base 0xe0000000)
[    0.048636] PCI: MMCONFIG at [mem 0xe0000000-0xefffffff] reserved in E820
[    0.048636] PCI: Using configuration type 1 for base access
[    0.048636] core: PMU erratum BJ122, BV98, HSD29 worked around, HT is on
[    0.053259] HugeTLB registered 1.00 GiB page size, pre-allocated 0 pages
[    0.053259] HugeTLB registered 2.00 MiB page size, pre-allocated 0 pages
[    0.053259] ACPI: Added _OSI(Module Device)
[    0.053259] ACPI: Added _OSI(Processor Device)
[    0.053259] ACPI: Added _OSI(3.0 _SCP Extensions)
[    0.053259] ACPI: Added _OSI(Processor Aggregator Device)
[    0.053259] ACPI: Executed 1 blocks of module-level executable AML code
[    0.061428] ACPI: [Firmware Bug]: BIOS _OSI(Linux) query ignored
[    0.063018] ACPI: Dynamic OEM Table Load:
[    0.063030] ACPI: SSDT 0xFFFF97A799F9E400 0003D3 (v01 PmRef  Cpu0Cst  00003001 INTL 20121220)
[    0.064686] ACPI: Dynamic OEM Table Load:
[    0.064698] ACPI: SSDT 0xFFFF97A79980F800 0005AA (v01 PmRef  ApIst    00003000 INTL 20121220)
[    0.068431] ACPI: Dynamic OEM Table Load:
[    0.068440] ACPI: SSDT 0xFFFF97A799836C00 000119 (v01 PmRef  ApCst    00003000 INTL 20121220)
[    0.070236] ACPI: EC: EC started
[    0.070237] ACPI: EC: interrupt blocked
[    0.269074] ACPI: \_SB_.PCI0.LPCB.EC0_: Used as first EC
[    0.269077] ACPI: \_SB_.PCI0.LPCB.EC0_: GPE=0x8, EC_CMD/EC_SC=0x66, EC_DATA=0x62
[    0.269079] ACPI: \_SB_.PCI0.LPCB.EC0_: Used as boot DSDT EC to handle transactions
[    0.269080] ACPI: Interpreter enabled
[    0.269136] ACPI: (supports S0 S3 S4 S5)
[    0.269138] ACPI: Using IOAPIC for interrupt routing
[    0.269190] PCI: Using host bridge windows from ACPI; if necessary, use "pci=nocrs" and report a bug
[    0.269640] ACPI: Enabled 7 GPEs in block 00 to 7F
[    0.300887] ACPI: PCI Root Bridge [PCI0] (domain 0000 [bus 00-fe])
[    0.300895] acpi PNP0A08:00: _OSC: OS supports [ExtendedConfig ASPM ClockPM Segments MSI]
[    0.301066] acpi PNP0A08:00: _OSC failed (AE_ERROR); disabling ASPM
[    0.301860] PCI host bridge to bus 0000:00
[    0.301864] pci_bus 0000:00: root bus resource [io  0x0000-0x0cf7 window]
[    0.301866] pci_bus 0000:00: root bus resource [io  0x0d00-0xffff window]
[    0.301869] pci_bus 0000:00: root bus resource [mem 0x000a0000-0x000bffff window]
[    0.301871] pci_bus 0000:00: root bus resource [mem 0x000c0000-0x000c3fff window]
[    0.301873] pci_bus 0000:00: root bus resource [mem 0x000c4000-0x000c7fff window]
[    0.301875] pci_bus 0000:00: root bus resource [mem 0x000c8000-0x000cbfff window]
[    0.301877] pci_bus 0000:00: root bus resource [mem 0x000cc000-0x000cffff window]
[    0.301879] pci_bus 0000:00: root bus resource [mem 0x000d0000-0x000d3fff window]
[    0.301881] pci_bus 0000:00: root bus resource [mem 0x000d4000-0x000d7fff window]
[    0.301883] pci_bus 0000:00: root bus resource [mem 0x000d8000-0x000dbfff window]
[    0.301886] pci_bus 0000:00: root bus resource [mem 0x000dc000-0x000dffff window]
[    0.301888] pci_bus 0000:00: root bus resource [mem 0x000e0000-0x000e3fff window]
[    0.301890] pci_bus 0000:00: root bus resource [mem 0x000e4000-0x000e7fff window]
[    0.301892] pci_bus 0000:00: root bus resource [mem 0x000e8000-0x000ebfff window]
[    0.301894] pci_bus 0000:00: root bus resource [mem 0x000ec000-0x000effff window]
[    0.301896] pci_bus 0000:00: root bus resource [mem 0x000f0000-0x000fffff window]
[    0.301899] pci_bus 0000:00: root bus resource [mem 0x9fa00000-0xfeafffff window]
[    0.301901] pci_bus 0000:00: root bus resource [bus 00-fe]
[    0.301914] pci 0000:00:00.0: [8086:0a04] type 00 class 0x060000
[    0.302148] pci 0000:00:02.0: [8086:0a16] type 00 class 0x030000
[    0.302166] pci 0000:00:02.0: reg 0x10: [mem 0xc2000000-0xc23fffff 64bit]
[    0.302175] pci 0000:00:02.0: reg 0x18: [mem 0xb0000000-0xbfffffff 64bit pref]
[    0.302182] pci 0000:00:02.0: reg 0x20: [io  0x6000-0x603f]
[    0.302200] pci 0000:00:02.0: BAR 2: assigned to efifb
[    0.302415] pci 0000:00:03.0: [8086:0a0c] type 00 class 0x040300
[    0.302431] pci 0000:00:03.0: reg 0x10: [mem 0xc2710000-0xc2713fff 64bit]
[    0.302686] pci 0000:00:14.0: [8086:9c31] type 00 class 0x0c0330
[    0.302709] pci 0000:00:14.0: reg 0x10: [mem 0xc2700000-0xc270ffff 64bit]
[    0.302776] pci 0000:00:14.0: PME# supported from D3hot D3cold
[    0.302979] pci 0000:00:16.0: [8086:9c3a] type 00 class 0x078000
[    0.303005] pci 0000:00:16.0: reg 0x10: [mem 0xc2718000-0xc271801f 64bit]
[    0.303081] pci 0000:00:16.0: PME# supported from D0 D3hot D3cold
[    0.303284] pci 0000:00:1b.0: [8086:9c20] type 00 class 0x040300
[    0.303306] pci 0000:00:1b.0: reg 0x10: [mem 0xc2714000-0xc2717fff 64bit]
[    0.303382] pci 0000:00:1b.0: PME# supported from D0 D3hot D3cold
[    0.303585] pci 0000:00:1c.0: [8086:9c10] type 01 class 0x060400
[    0.303665] pci 0000:00:1c.0: PME# supported from D0 D3hot D3cold
[    0.303958] pci 0000:00:1c.1: [8086:9c12] type 01 class 0x060400
[    0.304044] pci 0000:00:1c.1: PME# supported from D0 D3hot D3cold
[    0.304336] pci 0000:00:1c.2: [8086:9c14] type 01 class 0x060400
[    0.304416] pci 0000:00:1c.2: PME# supported from D0 D3hot D3cold
[    0.304699] pci 0000:00:1c.3: [8086:9c16] type 01 class 0x060400
[    0.304778] pci 0000:00:1c.3: PME# supported from D0 D3hot D3cold
[    0.305062] pci 0000:00:1c.4: [8086:9c18] type 01 class 0x060400
[    0.305141] pci 0000:00:1c.4: PME# supported from D0 D3hot D3cold
[    0.305431] pci 0000:00:1d.0: [8086:9c26] type 00 class 0x0c0320
[    0.305456] pci 0000:00:1d.0: reg 0x10: [mem 0xc271c000-0xc271c3ff]
[    0.305551] pci 0000:00:1d.0: PME# supported from D0 D3hot D3cold
[    0.305758] pci 0000:00:1f.0: [8086:9c43] type 00 class 0x060100
[    0.306072] pci 0000:00:1f.2: [8086:9c03] type 00 class 0x010601
[    0.306090] pci 0000:00:1f.2: reg 0x10: [io  0x6088-0x608f]
[    0.306099] pci 0000:00:1f.2: reg 0x14: [io  0x6094-0x6097]
[    0.306107] pci 0000:00:1f.2: reg 0x18: [io  0x6080-0x6087]
[    0.306115] pci 0000:00:1f.2: reg 0x1c: [io  0x6090-0x6093]
[    0.306124] pci 0000:00:1f.2: reg 0x20: [io  0x6060-0x607f]
[    0.306132] pci 0000:00:1f.2: reg 0x24: [mem 0xc271b000-0xc271b7ff]
[    0.306172] pci 0000:00:1f.2: PME# supported from D3hot
[    0.306370] pci 0000:00:1f.3: [8086:9c22] type 00 class 0x0c0500
[    0.306391] pci 0000:00:1f.3: reg 0x10: [mem 0xc2719000-0xc27190ff 64bit]
[    0.306413] pci 0000:00:1f.3: reg 0x20: [io  0x6040-0x605f]
[    0.306672] pci 0000:00:1c.0: PCI bridge to [bus 01]
[    0.306748] pci 0000:00:1c.1: PCI bridge to [bus 02-07]
[    0.306752] pci 0000:00:1c.1:   bridge window [io  0x5000-0x5fff]
[    0.306756] pci 0000:00:1c.1:   bridge window [mem 0xc1000000-0xc1ffffff]
[    0.306762] pci 0000:00:1c.1:   bridge window [mem 0xc0000000-0xc0ffffff 64bit pref]
[    0.306822] pci 0000:08:00.0: [14c3:7630] type 00 class 0x028000
[    0.306854] pci 0000:08:00.0: reg 0x10: [mem 0xc2600000-0xc26fffff]
[    0.307001] pci 0000:08:00.0: PME# supported from D0 D3hot D3cold
[    0.316035] pci 0000:00:1c.2: PCI bridge to [bus 08]
[    0.316041] pci 0000:00:1c.2:   bridge window [mem 0xc2600000-0xc26fffff]
[    0.316141] pci 0000:09:00.0: [10ec:8136] type 00 class 0x020000
[    0.316179] pci 0000:09:00.0: reg 0x10: [io  0x4000-0x40ff]
[    0.316214] pci 0000:09:00.0: reg 0x18: [mem 0xc2504000-0xc2504fff 64bit]
[    0.316238] pci 0000:09:00.0: reg 0x20: [mem 0xc2500000-0xc2503fff 64bit]
[    0.316359] pci 0000:09:00.0: supports D1 D2
[    0.316361] pci 0000:09:00.0: PME# supported from D0 D1 D2 D3hot D3cold
[    0.328049] pci 0000:00:1c.3: PCI bridge to [bus 09]
[    0.328053] pci 0000:00:1c.3:   bridge window [io  0x4000-0x4fff]
[    0.328057] pci 0000:00:1c.3:   bridge window [mem 0xc2500000-0xc25fffff]
[    0.328153] pci 0000:0a:00.0: [1002:6660] type 00 class 0x038000
[    0.328189] pci 0000:0a:00.0: reg 0x10: [mem 0xa0000000-0xafffffff 64bit pref]
[    0.328207] pci 0000:0a:00.0: reg 0x18: [mem 0xc2400000-0xc243ffff 64bit]
[    0.328217] pci 0000:0a:00.0: reg 0x20: [io  0x3000-0x30ff]
[    0.328236] pci 0000:0a:00.0: reg 0x30: [mem 0xfffe0000-0xffffffff pref]
[    0.328247] pci 0000:0a:00.0: enabling Extended Tags
[    0.328333] pci 0000:0a:00.0: supports D1 D2
[    0.328335] pci 0000:0a:00.0: PME# supported from D1 D2 D3hot
[    0.340031] pci 0000:00:1c.4: PCI bridge to [bus 0a]
[    0.340035] pci 0000:00:1c.4:   bridge window [io  0x3000-0x3fff]
[    0.340038] pci 0000:00:1c.4:   bridge window [mem 0xc2400000-0xc24fffff]
[    0.340044] pci 0000:00:1c.4:   bridge window [mem 0xa0000000-0xafffffff 64bit pref]
[    0.341383] ACPI: PCI Interrupt Link [LNKA] (IRQs 3 4 5 6 10 11 12 14 15) *0, disabled.
[    0.341489] ACPI: PCI Interrupt Link [LNKB] (IRQs 3 4 5 6 10 11 12 14 15) *0, disabled.
[    0.341591] ACPI: PCI Interrupt Link [LNKC] (IRQs 3 4 5 6 10 11 12 14 15) *0, disabled.
[    0.341692] ACPI: PCI Interrupt Link [LNKD] (IRQs 3 4 5 6 10 11 12 14 15) *0, disabled.
[    0.341793] ACPI: PCI Interrupt Link [LNKE] (IRQs 3 4 5 6 10 11 12 14 15) *0, disabled.
[    0.341893] ACPI: PCI Interrupt Link [LNKF] (IRQs 3 4 5 6 10 11 12 14 15) *0, disabled.
[    0.341994] ACPI: PCI Interrupt Link [LNKG] (IRQs 3 4 5 6 10 11 12 14 15) *0, disabled.
[    0.342095] ACPI: PCI Interrupt Link [LNKH] (IRQs 3 4 5 6 10 11 12 14 15) *0, disabled.
[    0.342463] ACPI: EC: interrupt unblocked
[    0.342472] ACPI: EC: event unblocked
[    0.342480] ACPI: \_SB_.PCI0.LPCB.EC0_: GPE=0x8, EC_CMD/EC_SC=0x66, EC_DATA=0x62
[    0.342483] ACPI: \_SB_.PCI0.LPCB.EC0_: Used as boot DSDT EC to handle transactions and events
[    0.342570] pci 0000:00:02.0: vgaarb: setting as boot VGA device
[    0.342570] pci 0000:00:02.0: vgaarb: VGA device added: decodes=io+mem,owns=io+mem,locks=none
[    0.342570] pci 0000:00:02.0: vgaarb: bridge control possible
[    0.342570] vgaarb: loaded
[    0.342570] SCSI subsystem initialized
[    0.342570] libata version 3.00 loaded.
[    0.342570] ACPI: bus type USB registered
[    0.342570] usbcore: registered new interface driver usbfs
[    0.342570] usbcore: registered new interface driver hub
[    0.342570] usbcore: registered new device driver usb
[    0.342570] pps_core: LinuxPPS API ver. 1 registered
[    0.342570] pps_core: Software ver. 5.3.6 - Copyright 2005-2007 Rodolfo Giometti <giometti@linux.it>
[    0.342570] PTP clock support registered
[    0.342570] EDAC MC: Ver: 3.0.0
[    0.342570] Registered efivars operations
[    0.375914] PCI: Using ACPI for IRQ routing
[    0.378871] PCI: pci_cache_line_size set to 64 bytes
[    0.378933] e820: reserve RAM buffer [mem 0x0006f000-0x0006ffff]
[    0.378935] e820: reserve RAM buffer [mem 0x00088000-0x0008ffff]
[    0.378937] e820: reserve RAM buffer [mem 0x9299f000-0x93ffffff]
[    0.378939] e820: reserve RAM buffer [mem 0x93000000-0x93ffffff]
[    0.378940] e820: reserve RAM buffer [mem 0x15f600000-0x15fffffff]
[    0.380001] NetLabel: Initializing
[    0.380001] NetLabel:  domain hash size = 128
[    0.380001] NetLabel:  protocols = UNLABELED CIPSOv4 CALIPSO
[    0.380001] NetLabel:  unlabeled traffic allowed by default
[    0.380064] hpet0: at MMIO 0xfed00000, IRQs 2, 8, 0, 0, 0, 0, 0, 0
[    0.380073] hpet0: 8 comparators, 64-bit 14.318180 MHz counter
[    0.384026] clocksource: Switched to clocksource tsc-early
[    0.399234] VFS: Disk quotas dquot_6.6.0
[    0.399262] VFS: Dquot-cache hash table entries: 512 (order 0, 4096 bytes)
[    0.399408] AppArmor: AppArmor Filesystem Enabled
[    0.399445] pnp: PnP ACPI init
[    0.399908] system 00:00: [io  0x0680-0x069f] has been reserved
[    0.399911] system 00:00: [io  0xffff] has been reserved
[    0.399914] system 00:00: [io  0xffff] has been reserved
[    0.399916] system 00:00: [io  0xffff] has been reserved
[    0.399919] system 00:00: [io  0x1800-0x18fe] has been reserved
[    0.399921] system 00:00: [io  0x164e-0x164f] has been reserved
[    0.399924] system 00:00: [io  0x0454-0x0457] has been reserved
[    0.399926] system 00:00: [io  0x0380-0x0387] has been reserved
[    0.399934] system 00:00: Plug and Play ACPI device, IDs PNP0c02 (active)
[    0.400008] pnp 00:01: Plug and Play ACPI device, IDs PNP0b00 (active)
[    0.400060] pnp 00:02: Plug and Play ACPI device, IDs HPQ8001 PNP0303 (active)
[    0.400105] pnp 00:03: Plug and Play ACPI device, IDs SYN1ea5 SYN1e00 SYN0002 PNP0f13 (active)
[    0.400621] pnp 00:04: disabling [mem 0xffffffff-0x100000ffe] because it overlaps 0000:0a:00.0 BAR 6 [mem 0xfffe0000-0xffffffff pref]
[    0.400653] system 00:04: [mem 0xfed1c000-0xfed1ffff] has been reserved
[    0.400655] system 00:04: [mem 0xfed10000-0xfed17fff] has been reserved
[    0.400658] system 00:04: [mem 0xfed18000-0xfed18fff] has been reserved
[    0.400660] system 00:04: [mem 0xfed19000-0xfed19fff] has been reserved
[    0.400663] system 00:04: [mem 0xe0000000-0xefffffff] has been reserved
[    0.400666] system 00:04: [mem 0xfed20000-0xfed3ffff] has been reserved
[    0.400668] system 00:04: [mem 0xfed90000-0xfed93fff] has been reserved
[    0.400671] system 00:04: [mem 0xff000000-0xffffffff] could not be reserved
[    0.400674] system 00:04: [mem 0xfee00000-0xfeefffff] could not be reserved
[    0.400676] system 00:04: [mem 0x9fa10000-0x9fa10fff] has been reserved
[    0.400682] system 00:04: Plug and Play ACPI device, IDs PNP0c02 (active)
[    0.401370] pnp: PnP ACPI: found 5 devices
[    0.407555] clocksource: acpi_pm: mask: 0xffffff max_cycles: 0xffffff, max_idle_ns: 2085701024 ns
[    0.407562] pci 0000:0a:00.0: can't claim BAR 6 [mem 0xfffe0000-0xffffffff pref]: no compatible bridge window
[    0.407575] pci 0000:00:1c.0: bridge window [io  0x1000-0x0fff] to [bus 01] add_size 1000
[    0.407580] pci 0000:00:1c.0: bridge window [mem 0x00100000-0x000fffff 64bit pref] to [bus 01] add_size 200000 add_align 100000
[    0.407583] pci 0000:00:1c.0: bridge window [mem 0x00100000-0x000fffff] to [bus 01] add_size 200000 add_align 100000
[    0.407622] pci 0000:00:1c.0: BAR 14: assigned [mem 0x9fb00000-0x9fcfffff]
[    0.407637] pci 0000:00:1c.0: BAR 15: assigned [mem 0x9fd00000-0x9fefffff 64bit pref]
[    0.407642] pci 0000:00:1c.0: BAR 13: assigned [io  0x2000-0x2fff]
[    0.407645] pci 0000:00:1c.0: PCI bridge to [bus 01]
[    0.407648] pci 0000:00:1c.0:   bridge window [io  0x2000-0x2fff]
[    0.407654] pci 0000:00:1c.0:   bridge window [mem 0x9fb00000-0x9fcfffff]
[    0.407658] pci 0000:00:1c.0:   bridge window [mem 0x9fd00000-0x9fefffff 64bit pref]
[    0.407665] pci 0000:00:1c.1: PCI bridge to [bus 02-07]
[    0.407668] pci 0000:00:1c.1:   bridge window [io  0x5000-0x5fff]
[    0.407672] pci 0000:00:1c.1:   bridge window [mem 0xc1000000-0xc1ffffff]
[    0.407676] pci 0000:00:1c.1:   bridge window [mem 0xc0000000-0xc0ffffff 64bit pref]
[    0.407683] pci 0000:00:1c.2: PCI bridge to [bus 08]
[    0.407688] pci 0000:00:1c.2:   bridge window [mem 0xc2600000-0xc26fffff]
[    0.407696] pci 0000:00:1c.3: PCI bridge to [bus 09]
[    0.407699] pci 0000:00:1c.3:   bridge window [io  0x4000-0x4fff]
[    0.407704] pci 0000:00:1c.3:   bridge window [mem 0xc2500000-0xc25fffff]
[    0.407714] pci 0000:0a:00.0: BAR 6: assigned [mem 0xc2440000-0xc245ffff pref]
[    0.407716] pci 0000:00:1c.4: PCI bridge to [bus 0a]
[    0.407719] pci 0000:00:1c.4:   bridge window [io  0x3000-0x3fff]
[    0.407724] pci 0000:00:1c.4:   bridge window [mem 0xc2400000-0xc24fffff]
[    0.407728] pci 0000:00:1c.4:   bridge window [mem 0xa0000000-0xafffffff 64bit pref]
[    0.407736] pci_bus 0000:00: resource 4 [io  0x0000-0x0cf7 window]
[    0.407738] pci_bus 0000:00: resource 5 [io  0x0d00-0xffff window]
[    0.407740] pci_bus 0000:00: resource 6 [mem 0x000a0000-0x000bffff window]
[    0.407742] pci_bus 0000:00: resource 7 [mem 0x000c0000-0x000c3fff window]
[    0.407744] pci_bus 0000:00: resource 8 [mem 0x000c4000-0x000c7fff window]
[    0.407746] pci_bus 0000:00: resource 9 [mem 0x000c8000-0x000cbfff window]
[    0.407749] pci_bus 0000:00: resource 10 [mem 0x000cc000-0x000cffff window]
[    0.407751] pci_bus 0000:00: resource 11 [mem 0x000d0000-0x000d3fff window]
[    0.407753] pci_bus 0000:00: resource 12 [mem 0x000d4000-0x000d7fff window]
[    0.407755] pci_bus 0000:00: resource 13 [mem 0x000d8000-0x000dbfff window]
[    0.407757] pci_bus 0000:00: resource 14 [mem 0x000dc000-0x000dffff window]
[    0.407759] pci_bus 0000:00: resource 15 [mem 0x000e0000-0x000e3fff window]
[    0.407761] pci_bus 0000:00: resource 16 [mem 0x000e4000-0x000e7fff window]
[    0.407763] pci_bus 0000:00: resource 17 [mem 0x000e8000-0x000ebfff window]
[    0.407765] pci_bus 0000:00: resource 18 [mem 0x000ec000-0x000effff window]
[    0.407767] pci_bus 0000:00: resource 19 [mem 0x000f0000-0x000fffff window]
[    0.407769] pci_bus 0000:00: resource 20 [mem 0x9fa00000-0xfeafffff window]
[    0.407772] pci_bus 0000:01: resource 0 [io  0x2000-0x2fff]
[    0.407774] pci_bus 0000:01: resource 1 [mem 0x9fb00000-0x9fcfffff]
[    0.407776] pci_bus 0000:01: resource 2 [mem 0x9fd00000-0x9fefffff 64bit pref]
[    0.407778] pci_bus 0000:02: resource 0 [io  0x5000-0x5fff]
[    0.407780] pci_bus 0000:02: resource 1 [mem 0xc1000000-0xc1ffffff]
[    0.407783] pci_bus 0000:02: resource 2 [mem 0xc0000000-0xc0ffffff 64bit pref]
[    0.407785] pci_bus 0000:08: resource 1 [mem 0xc2600000-0xc26fffff]
[    0.407787] pci_bus 0000:09: resource 0 [io  0x4000-0x4fff]
[    0.407789] pci_bus 0000:09: resource 1 [mem 0xc2500000-0xc25fffff]
[    0.407791] pci_bus 0000:0a: resource 0 [io  0x3000-0x3fff]
[    0.407793] pci_bus 0000:0a: resource 1 [mem 0xc2400000-0xc24fffff]
[    0.407795] pci_bus 0000:0a: resource 2 [mem 0xa0000000-0xafffffff 64bit pref]
[    0.407952] NET: Registered protocol family 2
[    0.408217] tcp_listen_portaddr_hash hash table entries: 2048 (order: 3, 32768 bytes)
[    0.408238] TCP established hash table entries: 32768 (order: 6, 262144 bytes)
[    0.408316] TCP bind hash table entries: 32768 (order: 7, 524288 bytes)
[    0.408420] TCP: Hash tables configured (established 32768 bind 32768)
[    0.408463] UDP hash table entries: 2048 (order: 4, 65536 bytes)
[    0.408484] UDP-Lite hash table entries: 2048 (order: 4, 65536 bytes)
[    0.408557] NET: Registered protocol family 1
[    0.408573] pci 0000:00:02.0: Video device with shadowed ROM at [mem 0x000c0000-0x000dffff]
[    0.427469] PCI: CLS 64 bytes, default 64
[    0.427518] Unpacking initramfs...
[   13.123022] Freeing initrd memory: 542248K
[   13.123053] PCI-DMA: Using software bounce buffering for IO (SWIOTLB)
[   13.123059] software IO TLB [mem 0x8b2f3000-0x8f2f3000] (64MB) mapped at [        (ptrval)-        (ptrval)]
[   13.123425] Scanning for low memory corruption every 60 seconds
[   13.124348] Initialise system trusted keyrings
[   13.124359] Key type blacklist registered
[   13.124402] workingset: timestamp_bits=36 max_order=20 bucket_order=0
[   13.126240] zbud: loaded
[   13.126985] squashfs: version 4.0 (2009/01/31) Phillip Lougher
[   13.127223] fuse init (API version 7.26)
[   13.128734] Key type asymmetric registered
[   13.128735] Asymmetric key parser 'x509' registered
[   13.128793] Block layer SCSI generic (bsg) driver version 0.4 loaded (major 244)
[   13.128830] io scheduler noop registered
[   13.128831] io scheduler deadline registered
[   13.128895] io scheduler cfq registered (default)
[   13.130019] efifb: probing for efifb
[   13.130035] efifb: framebuffer at 0xb0000000, using 4160k, total 4160k
[   13.130037] efifb: mode is 1366x768x32, linelength=5504, pages=1
[   13.130037] efifb: scrolling: redraw
[   13.130040] efifb: Truecolor: size=8:8:8:8, shift=24:16:8:0
[   13.133415] Console: switching to colour frame buffer device 170x48
[   13.136600] fb0: EFI VGA frame buffer device
[   13.136612] intel_idle: MWAIT substates: 0x11142120
[   13.136614] intel_idle: v0.4.1 model 0x45
[   13.136866] intel_idle: lapic_timer_reliable_states 0xffffffff
[   13.137137] ACPI: AC Adapter [ACAD] (off-line)
[   13.137221] input: Lid Switch as /devices/LNXSYSTM:00/LNXSYBUS:00/PNP0C0D:00/input/input0
[   13.137232] ACPI: Lid Switch [LID0]
[   13.137274] input: Power Button as /devices/LNXSYSTM:00/LNXSYBUS:00/PNP0C0C:00/input/input1
[   13.137283] ACPI: Power Button [PWRB]
[   13.137339] input: Power Button as /devices/LNXSYSTM:00/LNXPWRBN:00/input/input2
[   13.137364] ACPI: Power Button [PWRF]
[   13.138894] [Firmware Bug]: Invalid critical threshold (0)
[   13.140932] thermal LNXTHERM:00: registered as thermal_zone0
[   13.140934] ACPI: Thermal Zone [TZ01] (50 C)
[   13.141137] Serial: 8250/16550 driver, 32 ports, IRQ sharing enabled
[   13.143473] Linux agpgart interface v0.103
[   13.145580] loop: module loaded
[   13.145986] libphy: Fixed MDIO Bus: probed
[   13.145987] tun: Universal TUN/TAP device driver, 1.6
[   13.146038] PPP generic driver version 2.4.2
[   13.146082] ehci_hcd: USB 2.0 'Enhanced' Host Controller (EHCI) Driver
[   13.146087] ehci-pci: EHCI PCI platform driver
[   13.146280] ehci-pci 0000:00:1d.0: EHCI Host Controller
[   13.146289] ehci-pci 0000:00:1d.0: new USB bus registered, assigned bus number 1
[   13.146302] ehci-pci 0000:00:1d.0: debug port 2
[   13.150211] ehci-pci 0000:00:1d.0: cache line size of 64 is not supported
[   13.150229] ehci-pci 0000:00:1d.0: irq 23, io mem 0xc271c000
[   13.164043] ehci-pci 0000:00:1d.0: USB 2.0 started, EHCI 1.00
[   13.164187] usb usb1: New USB device found, idVendor=1d6b, idProduct=0002
[   13.164190] usb usb1: New USB device strings: Mfr=3, Product=2, SerialNumber=1
[   13.164193] usb usb1: Product: EHCI Host Controller
[   13.164195] usb usb1: Manufacturer: Linux 4.16.7 ehci_hcd
[   13.164197] usb usb1: SerialNumber: 0000:00:1d.0
[   13.164392] hub 1-0:1.0: USB hub found
[   13.164409] hub 1-0:1.0: 2 ports detected
[   13.164631] ehci-platform: EHCI generic platform driver
[   13.164647] ohci_hcd: USB 1.1 'Open' Host Controller (OHCI) Driver
[   13.164651] ohci-pci: OHCI PCI platform driver
[   13.164663] ohci-platform: OHCI generic platform driver
[   13.164670] uhci_hcd: USB Universal Host Controller Interface driver
[   13.164849] xhci_hcd 0000:00:14.0: xHCI Host Controller
[   13.164855] xhci_hcd 0000:00:14.0: new USB bus registered, assigned bus number 2
[   13.165909] xhci_hcd 0000:00:14.0: hcc params 0x200077c1 hci version 0x100 quirks 0x0004b810
[   13.165914] xhci_hcd 0000:00:14.0: cache line size of 64 is not supported
[   13.166081] usb usb2: New USB device found, idVendor=1d6b, idProduct=0002
[   13.166084] usb usb2: New USB device strings: Mfr=3, Product=2, SerialNumber=1
[   13.166086] usb usb2: Product: xHCI Host Controller
[   13.166088] usb usb2: Manufacturer: Linux 4.16.7 xhci-hcd
[   13.166090] usb usb2: SerialNumber: 0000:00:14.0
[   13.166233] hub 2-0:1.0: USB hub found
[   13.166249] hub 2-0:1.0: 9 ports detected
[   13.167179] xhci_hcd 0000:00:14.0: xHCI Host Controller
[   13.167183] xhci_hcd 0000:00:14.0: new USB bus registered, assigned bus number 3
[   13.167231] usb usb3: New USB device found, idVendor=1d6b, idProduct=0003
[   13.167233] usb usb3: New USB device strings: Mfr=3, Product=2, SerialNumber=1
[   13.167235] usb usb3: Product: xHCI Host Controller
[   13.167237] usb usb3: Manufacturer: Linux 4.16.7 xhci-hcd
[   13.167239] usb usb3: SerialNumber: 0000:00:14.0
[   13.167363] hub 3-0:1.0: USB hub found
[   13.167372] hub 3-0:1.0: 4 ports detected
[   13.167912] i8042: PNP: PS/2 Controller [PNP0303:PS2K,PNP0f13:PS2M] at 0x60,0x64 irq 1,12
[   13.175363] serio: i8042 KBD port at 0x60,0x64 irq 1
[   13.175368] serio: i8042 AUX port at 0x60,0x64 irq 12
[   13.175531] mousedev: PS/2 mouse device common for all mice
[   13.175846] rtc_cmos 00:01: RTC can wake from S4
[   13.175966] rtc_cmos 00:01: rtc core: registered rtc_cmos as rtc0
[   13.175994] rtc_cmos 00:01: alarms up to one month, 242 bytes nvram, hpet irqs
[   13.176007] i2c /dev entries driver
[   13.176071] device-mapper: uevent: version 1.0.3
[   13.176169] device-mapper: ioctl: 4.37.0-ioctl (2017-09-20) initialised: dm-devel@redhat.com
[   13.176179] intel_pstate: Intel P-state driver initializing
[   13.176366] ledtrig-cpu: registered to indicate activity on CPUs
[   13.176369] EFI Variables Facility v0.08 2004-May-17
[   13.184025] input: AT Translated Set 2 keyboard as /devices/platform/i8042/serio0/input/input3
[   13.199889] NET: Registered protocol family 10
[   13.201849] ACPI: Battery Slot [BAT0] (battery present)
[   13.203669] Segment Routing with IPv6
[   13.203688] NET: Registered protocol family 17
[   13.203716] Key type dns_resolver registered
[   13.203920] RAS: Correctable Errors collector initialized.
[   13.203948] microcode: sig=0x40651, pf=0x40, revision=0x10
[   13.203985] microcode: Microcode Update Driver: v2.2.
[   13.203993] sched_clock: Marking stable (13203981565, 0)->(13298467627, -94486062)
[   13.204158] registered taskstats version 1
[   13.204170] Loading compiled-in X.509 certificates
[   13.206445] Loaded X.509 cert 'Build time autogenerated kernel key: c21c07ada3a3ae44015e068a5eedb1a5bd3154ed'
[   13.206468] zswap: loaded using pool lzo/zbud
[   13.210348] Key type big_key registered
[   13.210352] Key type trusted registered
[   13.211902] Key type encrypted registered
[   13.211906] AppArmor: AppArmor sha1 policy hashing enabled
[   13.211908] ima: No TPM chip found, activating TPM-bypass! (rc=-19)
[   13.211926] evm: HMAC attrs: 0x1
[   13.212488]   Magic number: 2:587:162
[   13.212532] acpi device:29: hash matches
[   13.212599] rtc_cmos 00:01: setting system clock to 2018-05-06 05:10:38 UTC (1525583438)
[   13.212655] BIOS EDD facility v0.16 2004-Jun-25, 0 devices found
[   13.212656] EDD information not available.
[   13.214870] Freeing unused kernel memory: 2400K
[   13.214871] Write protecting the kernel read-only data: 20480k
[   13.215379] Freeing unused kernel memory: 2008K
[   13.219517] Freeing unused kernel memory: 1908K
[   13.225377] x86/mm: Checked W+X mappings: passed, no W+X pages found.
[   13.225377] x86/mm: Checking user space page tables
[   13.231113] x86/mm: Checked W+X mappings: passed, no W+X pages found.
[   13.317359] wmi_bus wmi_bus-PNP0C14:00: WQBC data block query control method not found
[   13.317391] wmi_bus wmi_bus-PNP0C14:00: WQBJ data block query control method not found
[   13.331205] r8169 Gigabit Ethernet driver 2.3LK-NAPI loaded
[   13.331222] r8169 0000:09:00.0: can't disable ASPM; OS doesn't have ASPM control
[   13.334952] ahci 0000:00:1f.2: version 3.0
[   13.340997] r8169 0000:09:00.0 eth0: RTL8106e at 0x        (ptrval), a0:48:1c:01:90:d5, XID 10900800 IRQ 42
[   13.345447] ahci 0000:00:1f.2: AHCI 0001.0300 32 slots 4 ports 6 Gbps 0x3 impl SATA mode
[   13.345451] ahci 0000:00:1f.2: flags: 64bit ncq pm led clo only pio slum part deso sadm sds apst 
[   13.403936] scsi host0: ahci
[   13.434129] r8169 0000:09:00.0 eno1: renamed from eth0
[   13.434723] scsi host1: ahci
[   13.434854] scsi host2: ahci
[   13.435089] scsi host3: ahci
[   13.435144] ata1: SATA max UDMA/133 abar m2048@0xc271b000 port 0xc271b100 irq 41
[   13.435146] ata2: SATA max UDMA/133 abar m2048@0xc271b000 port 0xc271b180 irq 41
[   13.435147] ata3: DUMMY
[   13.435149] ata4: DUMMY
[   13.477741] random: fast init done
[   13.528019] usb 2-3: new high-speed USB device number 2 using xhci_hcd
[   13.721378] usb 2-3: New USB device found, idVendor=05c8, idProduct=0361
[   13.721381] usb 2-3: New USB device strings: Mfr=1, Product=2, SerialNumber=0
[   13.721384] usb 2-3: Product: HP Truevision HD
[   13.721386] usb 2-3: Manufacturer: SunplusIT INC.
[   13.750192] ata1: SATA link up 3.0 Gbps (SStatus 123 SControl 300)
[   13.756627] ata1.00: ATA-9: ST1000LM024 HN-M101MBB, 2AR20002, max UDMA/133
[   13.756630] ata1.00: 1953525168 sectors, multi 0: LBA48 NCQ (depth 31/32), AA
[   13.763026] ata1.00: configured for UDMA/133
[   13.763210] scsi 0:0:0:0: Direct-Access     ATA      ST1000LM024 HN-M 0002 PQ: 0 ANSI: 5
[   13.763448] sd 0:0:0:0: [sda] 1953525168 512-byte logical blocks: (1.00 TB/932 GiB)
[   13.763450] sd 0:0:0:0: [sda] 4096-byte physical blocks
[   13.763461] sd 0:0:0:0: [sda] Write Protect is off
[   13.763464] sd 0:0:0:0: [sda] Mode Sense: 00 3a 00 00
[   13.763470] sd 0:0:0:0: Attached scsi generic sg0 type 0
[   13.763481] sd 0:0:0:0: [sda] Write cache: enabled, read cache: enabled, doesn't support DPO or FUA
[   13.802131] ata2: SATA link up 1.5 Gbps (SStatus 113 SControl 300)
[   13.805742] ata2.00: ATAPI: hp       DVD-RAM UJ8DB, H.02, max UDMA/100
[   13.808205] ata2.00: configured for UDMA/100
[   13.813729] scsi 1:0:0:0: CD-ROM            hp       DVD-RAM UJ8DB    H.02 PQ: 0 ANSI: 5
[   13.846076] [drm] radeon kernel modesetting enabled.
[   13.846095] vga_switcheroo: detected switching method \_SB_.PCI0.GFX0.ATPX handle
[   13.846254] ATPX version 1, functions 0x00000033
[   13.846406] checking generic (b0000000 410000) vs hw (a0000000 10000000)
[   13.846445] radeon 0000:0a:00.0: enabling device (0000 -> 0003)
[   13.846630] [drm] initializing kernel modesetting (HAINAN 0x1002:0x6660 0x103C:0x2164 0x00).
[   13.916029] usb 2-7: new high-speed USB device number 3 using xhci_hcd
[   13.967375] usb 1-1: new high-speed USB device number 2 using ehci-pci
[   13.977881] checking generic (b0000000 410000) vs hw (b0000000 10000000)
[   13.977884] fb: switching to inteldrmfb from EFI VGA
[   13.977913] Console: switching to colour dummy device 80x25
[   13.978208] [drm] Replacing VGA console driver
[   13.986694] [drm] Supports vblank timestamp caching Rev 2 (21.10.2013).
[   13.986694] [drm] Driver supports precise vblank timestamp query.
[   13.987068] vga_switcheroo: enabled
[   13.987085] i915 0000:00:02.0: vgaarb: changed VGA decodes: olddecodes=io+mem,decodes=io+mem:owns=io+mem
[   13.989732] ATOM BIOS: HP/Quanta
[   13.989744] [drm] GPU not posted. posting now...
[   13.994063] radeon 0000:0a:00.0: VRAM: 1024M 0x0000000000000000 - 0x000000003FFFFFFF (1024M used)
[   13.994066] radeon 0000:0a:00.0: GTT: 2048M 0x0000000040000000 - 0x00000000BFFFFFFF
[   13.994071] [drm] Detected VRAM RAM=1024M, BAR=256M
[   13.994072] [drm] RAM width 64bits DDR
[   13.994116] [TTM] Zone  kernel: Available graphics memory: 1905586 kiB
[   13.994117] [TTM] Initializing pool allocator
[   13.994121] [TTM] Initializing DMA pool allocator
[   13.994142] [drm] radeon: 1024M of VRAM memory ready
[   13.994143] [drm] radeon: 2048M of GTT memory ready.
[   13.994154] [drm] Loading hainan Microcode
[   13.994278] [drm] Internal thermal controller without fan control
[   13.994355] [drm] probing gen 2 caps for device 8086:9c18 = 5323c42/0
[   14.003340] [drm] radeon: dpm initialized
[   14.003344] [drm] GART: num cpu pages 524288, num gpu pages 524288
[   14.004634] [drm] probing gen 2 caps for device 8086:9c18 = 5323c42/0
[   14.004638] [drm] PCIE gen 2 link speeds already enabled
[   14.013018] [drm] PCIE GART of 2048M enabled (table at 0x0000000000040000).
[   14.013242] radeon 0000:0a:00.0: WB enabled
[   14.013244] radeon 0000:0a:00.0: fence driver on ring 0 use gpu addr 0x0000000040000c00 and cpu addr 0x        (ptrval)
[   14.013246] radeon 0000:0a:00.0: fence driver on ring 1 use gpu addr 0x0000000040000c04 and cpu addr 0x        (ptrval)
[   14.013247] radeon 0000:0a:00.0: fence driver on ring 2 use gpu addr 0x0000000040000c08 and cpu addr 0x        (ptrval)
[   14.013249] radeon 0000:0a:00.0: fence driver on ring 3 use gpu addr 0x0000000040000c0c and cpu addr 0x        (ptrval)
[   14.013250] radeon 0000:0a:00.0: fence driver on ring 4 use gpu addr 0x0000000040000c10 and cpu addr 0x        (ptrval)
[   14.013251] [drm] Supports vblank timestamp caching Rev 2 (21.10.2013).
[   14.013252] [drm] Driver supports precise vblank timestamp query.
[   14.013253] radeon 0000:0a:00.0: radeon: MSI limited to 32-bit
[   14.013299] radeon 0000:0a:00.0: radeon: using MSI.
[   14.013322] [drm] radeon: irq initialized.
[   14.024757] sr 1:0:0:0: [sr0] scsi3-mmc drive: 24x/24x writer dvd-ram cd/rw xa/form2 cdda tray
[   14.024759] cdrom: Uniform CD-ROM driver Revision: 3.20
[   14.024894] sr 1:0:0:0: Attached scsi CD-ROM sr0
[   14.024967] sr 1:0:0:0: Attached scsi generic sg1 type 5
[   14.117700]  sda: sda1 sda2 sda3 sda4 sda5 sda6 sda7 sda8 sda9
[   14.118138] sd 0:0:0:0: [sda] Attached SCSI disk
[   14.124389] usb 1-1: New USB device found, idVendor=8087, idProduct=8000
[   14.124392] usb 1-1: New USB device strings: Mfr=0, Product=0, SerialNumber=0
[   14.124544] hub 1-1:1.0: USB hub found
[   14.124640] hub 1-1:1.0: 8 ports detected
[   14.251083] [drm] ring test on 0 succeeded in 1 usecs
[   14.251098] [drm] ring test on 1 succeeded in 0 usecs
[   14.251104] [drm] ring test on 2 succeeded in 1 usecs
[   14.251113] [drm] ring test on 3 succeeded in 4 usecs
[   14.251118] tsc: Refined TSC clocksource calibration: 2294.686 MHz
[   14.251120] [drm] ring test on 4 succeeded in 4 usecs
[   14.251124] clocksource: tsc: mask: 0xffffffffffffffff max_cycles: 0x211399552f8, max_idle_ns: 440795292447 ns
[   14.251144] clocksource: Switched to clocksource tsc
[   14.251372] [drm] ib test on ring 0 succeeded in 0 usecs
[   14.251405] [drm] ib test on ring 1 succeeded in 0 usecs
[   14.251436] [drm] ib test on ring 2 succeeded in 0 usecs
[   14.251466] [drm] ib test on ring 3 succeeded in 0 usecs
[   14.251488] [drm] ib test on ring 4 succeeded in 0 usecs
[   14.252940] [drm] Radeon Display Connectors
[   14.255510] [drm] Initialized radeon 2.50.0 20080528 for 0000:0a:00.0 on minor 0
[   14.255985] [drm] Initialized i915 1.6.0 20171222 for 0000:00:02.0 on minor 1
[   14.256226] [Firmware Bug]: ACPI(PEGP) defines _DOD but not _DOS
[   14.263153] ACPI: Video Device [PEGP] (multi-head: yes  rom: no  post: no)
[   14.263161] ACPI BIOS Error (bug): Failure looking up [\_SB.PCI0.GFX0.DD02._BCL], AE_NOT_FOUND (20180105/psargs-364)
[   14.263174] No Local Variables are initialized for Method [_BCL]
[   14.263175] No Arguments are initialized for method [_BCL]
[   14.263177] ACPI Error: Method parse/execution failed \_SB.PCI0.RP05.PEGP.DD02._BCL, AE_NOT_FOUND (20180105/psparse-550)
[   14.263390] input: Video Bus as /devices/LNXSYSTM:00/LNXSYBUS:00/PNP0A08:00/device:18/LNXVIDEO:00/input/input6
[   14.265280] ACPI: Video Device [GFX0] (multi-head: yes  rom: no  post: no)
[   14.265566] input: Video Bus as /devices/LNXSYSTM:00/LNXSYBUS:00/PNP0A08:00/LNXVIDEO:01/input/input7
[   14.269660] fbcon: inteldrmfb (fb0) is primary device
[   14.273000] usb 2-7: New USB device found, idVendor=0e8d, idProduct=763f
[   14.273004] usb 2-7: New USB device strings: Mfr=1, Product=2, SerialNumber=3
[   14.273007] usb 2-7: Product: BT
[   14.273010] usb 2-7: Manufacturer: MediaTek
[   14.273012] usb 2-7: SerialNumber: 1.0
[   14.524391] psmouse serio1: synaptics: queried max coordinates: x [..5696], y [..4884]
[   14.559225] psmouse serio1: synaptics: queried min coordinates: x [1276..], y [1044..]
[   14.625523] psmouse serio1: synaptics: Touchpad model: 1, fw: 7.5, id: 0x1c0b1, caps: 0xf00133/0x240000/0xa2400/0x0, board id: 2665, fw id: 1458825
[   14.667535] input: SynPS/2 Synaptics TouchPad as /devices/platform/i8042/serio1/input/input5
[   14.945385] [drm] amdgpu kernel modesetting enabled.
[   14.945405] vga_switcheroo: detected switching method \_SB_.PCI0.GFX0.ATPX handle
[   14.945561] ATPX version 1, functions 0x00000033
[   15.423075] Console: switching to colour frame buffer device 170x48
[   15.449159] i915 0000:00:02.0: fb0: inteldrmfb frame buffer device
[   15.607975] EXT4-fs (sda9): mounted filesystem with ordered data mode. Opts: (null)
[   16.810752] random: crng init done
[   17.197360] systemd[1]: systemd 237 running in system mode. (+PAM +AUDIT +SELINUX +IMA +APPARMOR +SMACK +SYSVINIT +UTMP +LIBCRYPTSETUP +GCRYPT +GNUTLS +ACL +XZ +LZ4 +SECCOMP +BLKID +ELFUTILS +KMOD -IDN2 +IDN -PCRE2 default-hierarchy=hybrid)
[   17.216164] systemd[1]: Detected architecture x86-64.
[   17.227089] systemd[1]: Set hostname to <nishad>.
[   18.599533] systemd[1]: Reached target User and Group Name Lookups.
[   18.599654] systemd[1]: Started Forward Password Requests to Wall Directory Watch.
[   18.599670] systemd[1]: Reached target Remote File Systems.
[   18.599846] systemd[1]: Created slice System Slice.
[   18.599917] systemd[1]: Listening on /dev/initctl Compatibility Named Pipe.
[   18.599976] systemd[1]: Listening on Syslog Socket.
[   18.600042] systemd[1]: Listening on Journal Socket (/dev/log).
[   19.239884] EXT4-fs (sda9): re-mounted. Opts: errors=remount-ro
[   19.617809] lp: driver loaded but no devices found
[   19.729183] ppdev: user-space parallel port driver
[   19.735157] systemd-journald[271]: Received request to flush runtime journal from PID 1
[   27.201981] input: HP Wireless hotkeys as /devices/virtual/input/input8
[   27.248551] shpchp: Standard Hot Plug PCI Controller Driver version: 0.4
[   28.173493] hp_accel: laptop model unknown, using default axes configuration
[   28.184354] lis3lv02d: 8 bits 3DC sensor found
[   28.236090] input: ST LIS3LV02DL Accelerometer as /devices/platform/lis3lv02d/input/input9
[   28.426735] media: Linux media interface: v0.10
[   29.047135] hp_wmi: query 0xd returned error 0x5
[   29.047184] input: HP WMI hotkeys as /devices/virtual/input/input10
[   29.064621] RAPL PMU: API unit is 2^-32 Joules, 4 fixed counters, 655360 ms ovfl timer
[   29.064622] RAPL PMU: hw unit of domain pp0-core 2^-14 Joules
[   29.064623] RAPL PMU: hw unit of domain package 2^-14 Joules
[   29.064624] RAPL PMU: hw unit of domain dram 2^-14 Joules
[   29.064624] RAPL PMU: hw unit of domain pp1-gpu 2^-14 Joules
[   29.400954] Bluetooth: Core ver 2.22
[   29.400971] NET: Registered protocol family 31
[   29.400972] Bluetooth: HCI device and connection manager initialized
[   29.400975] Bluetooth: HCI socket layer initialized
[   29.400977] Bluetooth: L2CAP socket layer initialized
[   29.400982] Bluetooth: SCO socket layer initialized
[   29.488936] cryptd: max_cpu_qlen set to 1000
[   29.835259] Linux video capture interface: v2.00
[   30.497865] usbcore: registered new interface driver btusb
[   30.525606] AVX2 version of gcm_enc/dec engaged.
[   30.525607] AES CTR mode by8 optimization enabled
[   30.697024] Bluetooth: hci0: last event is not cmd complete (0x0f)
[   31.550933] uvcvideo: Found UVC 1.00 device HP Truevision HD (05c8:0361)
[   31.559686] uvcvideo 2-3:1.0: Entity type for entity Extension 4 was not initialized!
[   31.559689] uvcvideo 2-3:1.0: Entity type for entity Extension 3 was not initialized!
[   31.559691] uvcvideo 2-3:1.0: Entity type for entity Processing 2 was not initialized!
[   31.559693] uvcvideo 2-3:1.0: Entity type for entity Camera 1 was not initialized!
[   31.559774] input: HP Truevision HD: HP Truevision as /devices/pci0000:00/0000:00:14.0/usb2/2-3/2-3:1.0/input/input11
[   31.559854] usbcore: registered new interface driver uvcvideo
[   31.559855] USB Video Class driver (1.1.1)
[   31.631656] snd_hda_intel 0000:00:03.0: bound 0000:00:02.0 (ops i915_audio_component_bind_ops [i915])
[   31.654475] [drm] probing gen 2 caps for device 8086:9c18 = 5323c42/0
[   31.654479] [drm] PCIE gen 2 link speeds already enabled
[   31.669175] [drm] PCIE GART of 2048M enabled (table at 0x0000000000040000).
[   31.669532] radeon 0000:0a:00.0: WB enabled
[   31.669536] radeon 0000:0a:00.0: fence driver on ring 0 use gpu addr 0x0000000040000c00 and cpu addr 0x00000000cdafda51
[   31.669539] radeon 0000:0a:00.0: fence driver on ring 1 use gpu addr 0x0000000040000c04 and cpu addr 0x00000000e63dd362
[   31.669542] radeon 0000:0a:00.0: fence driver on ring 2 use gpu addr 0x0000000040000c08 and cpu addr 0x0000000077638d46
[   31.669545] radeon 0000:0a:00.0: fence driver on ring 3 use gpu addr 0x0000000040000c0c and cpu addr 0x000000003bd7f114
[   31.669547] radeon 0000:0a:00.0: fence driver on ring 4 use gpu addr 0x0000000040000c10 and cpu addr 0x00000000f3770309
[   31.904433] [drm] ring test on 0 succeeded in 1 usecs
[   31.904439] [drm] ring test on 1 succeeded in 1 usecs
[   31.904444] [drm] ring test on 2 succeeded in 1 usecs
[   31.904453] [drm] ring test on 3 succeeded in 4 usecs
[   31.904460] [drm] ring test on 4 succeeded in 4 usecs
[   31.904498] [drm] ib test on ring 0 succeeded in 0 usecs
[   31.904527] [drm] ib test on ring 1 succeeded in 0 usecs
[   31.904556] [drm] ib test on ring 2 succeeded in 0 usecs
[   31.904570] [drm] ib test on ring 3 succeeded in 0 usecs
[   31.904584] [drm] ib test on ring 4 succeeded in 0 usecs
[   32.069926] input: HDA Intel HDMI HDMI/DP,pcm=3 as /devices/pci0000:00/0000:00:03.0/sound/card0/input12
[   32.069990] input: HDA Intel HDMI HDMI/DP,pcm=7 as /devices/pci0000:00/0000:00:03.0/sound/card0/input13
[   32.070034] input: HDA Intel HDMI HDMI/DP,pcm=8 as /devices/pci0000:00/0000:00:03.0/sound/card0/input14
[   32.070077] input: HDA Intel HDMI HDMI/DP,pcm=9 as /devices/pci0000:00/0000:00:03.0/sound/card0/input15
[   32.070117] input: HDA Intel HDMI HDMI/DP,pcm=10 as /devices/pci0000:00/0000:00:03.0/sound/card0/input16
[   32.095193] snd_hda_codec_realtek hdaudioC1D0: autoconfig for ALC3227: line_outs=1 (0x14/0x0/0x0/0x0/0x0) type:speaker
[   32.095195] snd_hda_codec_realtek hdaudioC1D0:    speaker_outs=0 (0x0/0x0/0x0/0x0/0x0)
[   32.095197] snd_hda_codec_realtek hdaudioC1D0:    hp_outs=1 (0x21/0x0/0x0/0x0/0x0)
[   32.095198] snd_hda_codec_realtek hdaudioC1D0:    mono: mono_out=0x0
[   32.095199] snd_hda_codec_realtek hdaudioC1D0:    inputs:
[   32.095201] snd_hda_codec_realtek hdaudioC1D0:      Mic=0x19
[   32.095202] snd_hda_codec_realtek hdaudioC1D0:      Internal Mic=0x12
[   32.104475] input: HDA Intel PCH Mic as /devices/pci0000:00/0000:00:1b.0/sound/card1/input17
[   32.104526] input: HDA Intel PCH Headphone as /devices/pci0000:00/0000:00:1b.0/sound/card1/input18
[   33.429818] kvm: disabled by bios
[   33.473622] kvm: disabled by bios
[   33.760797] intel_rapl: Found RAPL domain package
[   33.760798] intel_rapl: Found RAPL domain core
[   33.760799] intel_rapl: Found RAPL domain uncore
[   33.760800] intel_rapl: Found RAPL domain dram
[   33.760802] intel_rapl: RAPL package 0 domain package locked by BIOS
[   39.225773] Adding 8000508k swap on /dev/sda8.  Priority:-2 extents:1 across:8000508k FS
[   43.075091] audit: type=1400 audit(1525583468.358:2): apparmor="STATUS" operation="profile_load" profile="unconfined" name="/usr/bin/man" pid=696 comm="apparmor_parser"
[   43.075342] audit: type=1400 audit(1525583468.358:3): apparmor="STATUS" operation="profile_load" profile="unconfined" name="man_filter" pid=696 comm="apparmor_parser"
[   43.075766] audit: type=1400 audit(1525583468.358:4): apparmor="STATUS" operation="profile_load" profile="unconfined" name="man_groff" pid=696 comm="apparmor_parser"
[   43.154089] audit: type=1400 audit(1525583468.438:5): apparmor="STATUS" operation="profile_load" profile="unconfined" name="libreoffice-oopslash" pid=700 comm="apparmor_parser"
[   43.271392] audit: type=1400 audit(1525583468.554:6): apparmor="STATUS" operation="profile_load" profile="unconfined" name="/sbin/dhclient" pid=698 comm="apparmor_parser"
[   43.272024] audit: type=1400 audit(1525583468.554:7): apparmor="STATUS" operation="profile_load" profile="unconfined" name="/usr/lib/NetworkManager/nm-dhcp-client.action" pid=698 comm="apparmor_parser"
[   43.272522] audit: type=1400 audit(1525583468.558:8): apparmor="STATUS" operation="profile_load" profile="unconfined" name="/usr/lib/NetworkManager/nm-dhcp-helper" pid=698 comm="apparmor_parser"
[   43.272880] audit: type=1400 audit(1525583468.558:9): apparmor="STATUS" operation="profile_load" profile="unconfined" name="/usr/lib/connman/scripts/dhclient-script" pid=698 comm="apparmor_parser"
[   43.311885] audit: type=1400 audit(1525583468.594:10): apparmor="STATUS" operation="profile_load" profile="unconfined" name="/snap/core/4486/usr/lib/snapd/snap-confine" pid=693 comm="apparmor_parser"
[   43.312236] audit: type=1400 audit(1525583468.598:11): apparmor="STATUS" operation="profile_load" profile="unconfined" name="/snap/core/4486/usr/lib/snapd/snap-confine//mount-namespace-capture-helper" pid=693 comm="apparmor_parser"
[   47.921313] Bluetooth: BNEP (Ethernet Emulation) ver 1.3
[   47.921314] Bluetooth: BNEP filters: protocol multicast
[   47.921318] Bluetooth: BNEP socket layer initialized
[   48.192504] [drm] probing gen 2 caps for device 8086:9c18 = 5323c42/0
[   48.192508] [drm] PCIE gen 2 link speeds already enabled
[   48.203520] [drm] PCIE GART of 2048M enabled (table at 0x0000000000040000).
[   48.203648] radeon 0000:0a:00.0: WB enabled
[   48.203652] radeon 0000:0a:00.0: fence driver on ring 0 use gpu addr 0x0000000040000c00 and cpu addr 0x00000000cdafda51
[   48.203653] radeon 0000:0a:00.0: fence driver on ring 1 use gpu addr 0x0000000040000c04 and cpu addr 0x00000000e63dd362
[   48.203655] radeon 0000:0a:00.0: fence driver on ring 2 use gpu addr 0x0000000040000c08 and cpu addr 0x0000000077638d46
[   48.203656] radeon 0000:0a:00.0: fence driver on ring 3 use gpu addr 0x0000000040000c0c and cpu addr 0x000000003bd7f114
[   48.203658] radeon 0000:0a:00.0: fence driver on ring 4 use gpu addr 0x0000000040000c10 and cpu addr 0x00000000f3770309
[   48.438982] [drm] ring test on 0 succeeded in 1 usecs
[   48.438988] [drm] ring test on 1 succeeded in 1 usecs
[   48.438993] [drm] ring test on 2 succeeded in 1 usecs
[   48.439001] [drm] ring test on 3 succeeded in 4 usecs
[   48.439008] [drm] ring test on 4 succeeded in 4 usecs
[   48.439043] [drm] ib test on ring 0 succeeded in 0 usecs
[   48.439069] [drm] ib test on ring 1 succeeded in 0 usecs
[   48.439093] [drm] ib test on ring 2 succeeded in 0 usecs
[   48.439108] [drm] ib test on ring 3 succeeded in 0 usecs
[   48.439123] [drm] ib test on ring 4 succeeded in 0 usecs
[   53.394093] IPv6: ADDRCONF(NETDEV_UP): eno1: link is not ready
[   53.498185] r8169 0000:09:00.0 eno1: link down
[   53.498311] IPv6: ADDRCONF(NETDEV_UP): eno1: link is not ready
[   54.107504] kauditd_printk_skb: 29 callbacks suppressed
[   54.107507] audit: type=1400 audit(1525583479.390:41): apparmor="STATUS" operation="profile_replace" info="same as current profile, skipping" profile="unconfined" name="snap-update-ns.gnome-system-monitor" pid=925 comm="apparmor_parser"
[   54.110498] audit: type=1400 audit(1525583479.394:42): apparmor="STATUS" operation="profile_replace" profile="unconfined" name="snap.gnome-system-monitor.gnome-system-monitor" pid=927 comm="apparmor_parser"
[   55.175485] audit: type=1400 audit(1525583480.458:43): apparmor="STATUS" operation="profile_replace" profile="unconfined" name="/snap/core/4486/usr/lib/snapd/snap-confine" pid=949 comm="apparmor_parser"
[   55.192161] audit: type=1400 audit(1525583480.478:44): apparmor="STATUS" operation="profile_replace" profile="unconfined" name="/snap/core/4486/usr/lib/snapd/snap-confine//mount-namespace-capture-helper" pid=949 comm="apparmor_parser"
[   55.344664] audit: type=1400 audit(1525583480.630:45): apparmor="STATUS" operation="profile_replace" info="same as current profile, skipping" profile="unconfined" name="snap-update-ns.core" pid=953 comm="apparmor_parser"
[   55.351469] audit: type=1400 audit(1525583480.634:46): apparmor="STATUS" operation="profile_replace" profile="unconfined" name="snap.core.hook.configure" pid=955 comm="apparmor_parser"
[   55.890539] audit: type=1400 audit(1525583481.174:47): apparmor="STATUS" operation="profile_replace" info="same as current profile, skipping" profile="unconfined" name="snap-update-ns.gnome-calculator" pid=967 comm="apparmor_parser"
[   55.896468] audit: type=1400 audit(1525583481.182:48): apparmor="STATUS" operation="profile_replace" profile="unconfined" name="snap.gnome-calculator.gnome-calculator" pid=969 comm="apparmor_parser"
[   56.483393] audit: type=1400 audit(1525583481.766:49): apparmor="STATUS" operation="profile_replace" info="same as current profile, skipping" profile="unconfined" name="snap-update-ns.gnome-characters" pid=984 comm="apparmor_parser"
[   56.489183] audit: type=1400 audit(1525583481.774:50): apparmor="STATUS" operation="profile_replace" profile="unconfined" name="snap.gnome-characters.gnome-characters" pid=986 comm="apparmor_parser"
[   59.296696] [drm] probing gen 2 caps for device 8086:9c18 = 5323c42/0
[   59.296700] [drm] PCIE gen 2 link speeds already enabled
[   59.307690] [drm] PCIE GART of 2048M enabled (table at 0x0000000000040000).
[   59.307814] radeon 0000:0a:00.0: WB enabled
[   59.307817] radeon 0000:0a:00.0: fence driver on ring 0 use gpu addr 0x0000000040000c00 and cpu addr 0x00000000cdafda51
[   59.307818] radeon 0000:0a:00.0: fence driver on ring 1 use gpu addr 0x0000000040000c04 and cpu addr 0x00000000e63dd362
[   59.307820] radeon 0000:0a:00.0: fence driver on ring 2 use gpu addr 0x0000000040000c08 and cpu addr 0x0000000077638d46
[   59.307821] radeon 0000:0a:00.0: fence driver on ring 3 use gpu addr 0x0000000040000c0c and cpu addr 0x000000003bd7f114
[   59.307823] radeon 0000:0a:00.0: fence driver on ring 4 use gpu addr 0x0000000040000c10 and cpu addr 0x00000000f3770309
[   59.541699] [drm] ring test on 0 succeeded in 1 usecs
[   59.541705] [drm] ring test on 1 succeeded in 1 usecs
[   59.541710] [drm] ring test on 2 succeeded in 1 usecs
[   59.541719] [drm] ring test on 3 succeeded in 4 usecs
[   59.541726] [drm] ring test on 4 succeeded in 4 usecs
[   59.541775] [drm] ib test on ring 0 succeeded in 0 usecs
[   59.541815] [drm] ib test on ring 1 succeeded in 0 usecs
[   59.541852] [drm] ib test on ring 2 succeeded in 0 usecs
[   59.541866] [drm] ib test on ring 3 succeeded in 0 usecs
[   59.541880] [drm] ib test on ring 4 succeeded in 0 usecs
[ 1262.691461] [drm] probing gen 2 caps for device 8086:9c18 = 5323c42/0
[ 1262.691465] [drm] PCIE gen 2 link speeds already enabled
[ 1262.702448] [drm] PCIE GART of 2048M enabled (table at 0x0000000000040000).
[ 1262.702546] radeon 0000:0a:00.0: WB enabled
[ 1262.702548] radeon 0000:0a:00.0: fence driver on ring 0 use gpu addr 0x0000000040000c00 and cpu addr 0x00000000cdafda51
[ 1262.702550] radeon 0000:0a:00.0: fence driver on ring 1 use gpu addr 0x0000000040000c04 and cpu addr 0x00000000e63dd362
[ 1262.702552] radeon 0000:0a:00.0: fence driver on ring 2 use gpu addr 0x0000000040000c08 and cpu addr 0x0000000077638d46
[ 1262.702553] radeon 0000:0a:00.0: fence driver on ring 3 use gpu addr 0x0000000040000c0c and cpu addr 0x000000003bd7f114
[ 1262.702554] radeon 0000:0a:00.0: fence driver on ring 4 use gpu addr 0x0000000040000c10 and cpu addr 0x00000000f3770309
[ 1262.937380] [drm] ring test on 0 succeeded in 1 usecs
[ 1262.937386] [drm] ring test on 1 succeeded in 1 usecs
[ 1262.937391] [drm] ring test on 2 succeeded in 1 usecs
[ 1262.937399] [drm] ring test on 3 succeeded in 4 usecs
[ 1262.937408] [drm] ring test on 4 succeeded in 6 usecs
[ 1262.937473] [drm] ib test on ring 0 succeeded in 0 usecs
[ 1262.937530] [drm] ib test on ring 1 succeeded in 0 usecs
[ 1262.937587] [drm] ib test on ring 2 succeeded in 0 usecs
[ 1262.937601] [drm] ib test on ring 3 succeeded in 0 usecs
[ 1262.937632] [drm] ib test on ring 4 succeeded in 0 usecs
[ 1267.027407] rfkill: input handler disabled
