[    0.000000] Linux version 4.16.7eudyptula-00001-gea2c8c5f896c (nishad@nishad) (gcc version 7.3.0 (Ubuntu 7.3.0-16ubuntu3)) #2 SMP Tue May 8 22:15:08 IST 2018
[    0.000000] Command line: BOOT_IMAGE=/boot/vmlinuz-4.16.7eudyptula-00001-gea2c8c5f896c root=UUID=1542f4c0-3dd3-4ded-b33a-c155f494d1aa ro quiet splash vt.handoff=1
[    0.000000] KERNEL supported cpus:
[    0.000000]   Intel GenuineIntel
[    0.000000]   AMD AuthenticAMD
[    0.000000]   Centaur CentaurHauls
[    0.000000] x86/fpu: Supporting XSAVE feature 0x001: 'x87 floating point registers'
[    0.000000] x86/fpu: Supporting XSAVE feature 0x002: 'SSE registers'
[    0.000000] x86/fpu: Supporting XSAVE feature 0x004: 'AVX registers'
[    0.000000] x86/fpu: xstate_offset[2]:  576, xstate_sizes[2]:  256
[    0.000000] x86/fpu: Enabled xstate features 0x7, context size is 832 bytes, using 'standard' format.
[    0.000000] e820: BIOS-provided physical RAM map:
[    0.000000] BIOS-e820: [mem 0x0000000000000000-0x000000000006efff] usable
[    0.000000] BIOS-e820: [mem 0x000000000006f000-0x000000000006ffff] reserved
[    0.000000] BIOS-e820: [mem 0x0000000000070000-0x0000000000087fff] usable
[    0.000000] BIOS-e820: [mem 0x0000000000088000-0x00000000000bffff] reserved
[    0.000000] BIOS-e820: [mem 0x0000000000100000-0x000000009299efff] usable
[    0.000000] BIOS-e820: [mem 0x000000009299f000-0x0000000092b9efff] type 20
[    0.000000] BIOS-e820: [mem 0x0000000092b9f000-0x0000000092eaefff] reserved
[    0.000000] BIOS-e820: [mem 0x0000000092eaf000-0x0000000092faefff] ACPI NVS
[    0.000000] BIOS-e820: [mem 0x0000000092faf000-0x0000000092ffefff] ACPI data
[    0.000000] BIOS-e820: [mem 0x0000000092fff000-0x0000000092ffffff] usable
[    0.000000] BIOS-e820: [mem 0x0000000093000000-0x000000009f9fffff] reserved
[    0.000000] BIOS-e820: [mem 0x00000000e0000000-0x00000000efffffff] reserved
[    0.000000] BIOS-e820: [mem 0x00000000fe101000-0x00000000fe112fff] reserved
[    0.000000] BIOS-e820: [mem 0x00000000feb00000-0x00000000feb0ffff] reserved
[    0.000000] BIOS-e820: [mem 0x00000000fec00000-0x00000000fec00fff] reserved
[    0.000000] BIOS-e820: [mem 0x00000000fed00000-0x00000000fee00fff] reserved
[    0.000000] BIOS-e820: [mem 0x00000000ffc00000-0x00000000ffffffff] reserved
[    0.000000] BIOS-e820: [mem 0x0000000100000000-0x000000015f5fffff] usable
[    0.000000] NX (Execute Disable) protection: active
[    0.000000] efi: EFI v2.31 by INSYDE Corp.
[    0.000000] efi:  ACPI=0x92ffe000  ACPI 2.0=0x92ffe014  SMBIOS=0x92eaef98 
[    0.000000] SMBIOS 2.7 present.
[    0.000000] DMI: Hewlett-Packard HP Pavilion 15 Notebook PC/2164, BIOS F.04 07/03/2013
[    0.000000] e820: update [mem 0x00000000-0x00000fff] usable ==> reserved
[    0.000000] e820: remove [mem 0x000a0000-0x000fffff] usable
[    0.000000] e820: last_pfn = 0x15f600 max_arch_pfn = 0x400000000
[    0.000000] MTRR default type: uncachable
[    0.000000] MTRR fixed ranges enabled:
[    0.000000]   00000-9FFFF write-back
[    0.000000]   A0000-BFFFF uncachable
[    0.000000]   C0000-E7FFF write-protect
[    0.000000]   E8000-EFFFF write-combining
[    0.000000]   F0000-FFFFF write-protect
[    0.000000] MTRR variable ranges enabled:
[    0.000000]   0 base 0000000000 mask 7F80000000 write-back
[    0.000000]   1 base 0080000000 mask 7FF0000000 write-back
[    0.000000]   2 base 0090000000 mask 7FFE000000 write-back
[    0.000000]   3 base 0092000000 mask 7FFF000000 write-back
[    0.000000]   4 base 00FFC00000 mask 7FFFC00000 write-protect
[    0.000000]   5 base 0100000000 mask 7F80000000 write-back
[    0.000000]   6 base 015F600000 mask 7FFFE00000 uncachable
[    0.000000]   7 base 015F800000 mask 7FFF800000 uncachable
[    0.000000]   8 base 0160000000 mask 7FE0000000 uncachable
[    0.000000]   9 disabled
[    0.000000] x86/PAT: Configuration [0-7]: WB  WC  UC- UC  WB  WP  UC- WT  
[    0.000000] e820: last_pfn = 0x93000 max_arch_pfn = 0x400000000
[    0.000000] Scanning 1 areas for low memory corruption
[    0.000000] Base memory trampoline at [        (ptrval)] 7c000 size 24576
[    0.000000] Using GB pages for direct mapping
[    0.000000] BRK [0x129140000, 0x129140fff] PGTABLE
[    0.000000] BRK [0x129141000, 0x129141fff] PGTABLE
[    0.000000] BRK [0x129142000, 0x129142fff] PGTABLE
[    0.000000] BRK [0x129143000, 0x129143fff] PGTABLE
[    0.000000] BRK [0x129144000, 0x129144fff] PGTABLE
[    0.000000] BRK [0x129145000, 0x129145fff] PGTABLE
[    0.000000] BRK [0x129146000, 0x129146fff] PGTABLE
[    0.000000] BRK [0x129147000, 0x129147fff] PGTABLE
[    0.000000] Secure boot could not be determined
[    0.000000] RAMDISK: [mem 0x03e51000-0x24fe1fff]
[    0.000000] ACPI: Early table checksum verification disabled
[    0.000000] ACPI: RSDP 0x0000000092FFE014 000024 (v02 HPQOEM)
[    0.000000] ACPI: XSDT 0x0000000092FFE210 0000B4 (v01 HPQOEM SLIC-MPC 00000001 HP   01000013)
[    0.000000] ACPI: FACP 0x0000000092FF8000 00010C (v05 HPQOEM SLIC-MPC 00000001 HP   00040000)
[    0.000000] ACPI: DSDT 0x0000000092FE5000 00FD7A (v01 HPQOEM 2164     00000000 ACPI 00040000)
[    0.000000] ACPI: FACS 0x0000000092FAA000 000040
[    0.000000] ACPI: UEFI 0x0000000092FFD000 000236 (v01 HPQOEM 2164     00000001 HP   00040000)
[    0.000000] ACPI: FPDT 0x0000000092FFB000 000044 (v01 HPQOEM 2164     00000001 HP   00040000)
[    0.000000] ACPI: MSDM 0x0000000092FFA000 000055 (v03 HPQOEM SLIC-MPC 00000001 HP   00040000)
[    0.000000] ACPI: ASF! 0x0000000092FF9000 0000A5 (v32 HPQOEM 2164     00000001 HP   00040000)
[    0.000000] ACPI: HPET 0x0000000092FF7000 000038 (v01 HPQOEM 2164     00000001 HP   00040000)
[    0.000000] ACPI: APIC 0x0000000092FF6000 00008C (v03 HPQOEM 2164     00000001 HP   00040000)
[    0.000000] ACPI: MCFG 0x0000000092FF5000 00003C (v01 HPQOEM 2164     00000001 HP   00040000)
[    0.000000] ACPI: SSDT 0x0000000092FE3000 0010BF (v01 HPQOEM 2164     00001000 ACPI 00040000)
[    0.000000] ACPI: BOOT 0x0000000092FE1000 000028 (v01 HPQOEM 2164     00000001 HP   00040000)
[    0.000000] ACPI: ASPT 0x0000000092FDF000 000034 (v07 HPQOEM 2164     00000001 HP   00040000)
[    0.000000] ACPI: DBGP 0x0000000092FDE000 000034 (v01 HPQOEM 2164     00000001 HP   00040000)
[    0.000000] ACPI: SSDT 0x0000000092FDD000 000539 (v01 HPQOEM 2164     00003000 ACPI 00040000)
[    0.000000] ACPI: SSDT 0x0000000092FDC000 000AD8 (v01 HPQOEM 2164     00003000 ACPI 00040000)
[    0.000000] ACPI: SSDT 0x0000000092FD8000 0032C2 (v01 HPQOEM 2164     00003000 ACPI 00040000)
[    0.000000] ACPI: SSDT 0x0000000092FD3000 002066 (v01 HPQOEM 2164     00001000 ACPI 00040000)
[    0.000000] ACPI: BGRT 0x0000000092FD7000 000038 (v01 HPQOEM 2164     00000001 HP   00040000)
[    0.000000] ACPI: DMAR 0x0000000092FD6000 000088 (v01 HPQOEM 2164     00000001 HP   00040000)
[    0.000000] ACPI: Local APIC address 0xfee00000
[    0.000000] No NUMA configuration found
[    0.000000] Faking a node at [mem 0x0000000000000000-0x000000015f5fffff]
[    0.000000] NODE_DATA(0) allocated [mem 0x15f5d5000-0x15f5fffff]
[    0.000000] tsc: Fast TSC calibration using PIT
[    0.000000] Zone ranges:
[    0.000000]   DMA      [mem 0x0000000000001000-0x0000000000ffffff]
[    0.000000]   DMA32    [mem 0x0000000001000000-0x00000000ffffffff]
[    0.000000]   Normal   [mem 0x0000000100000000-0x000000015f5fffff]
[    0.000000]   Device   empty
[    0.000000] Movable zone start for each node
[    0.000000] Early memory node ranges
[    0.000000]   node   0: [mem 0x0000000000001000-0x000000000006efff]
[    0.000000]   node   0: [mem 0x0000000000070000-0x0000000000087fff]
[    0.000000]   node   0: [mem 0x0000000000100000-0x000000009299efff]
[    0.000000]   node   0: [mem 0x0000000092fff000-0x0000000092ffffff]
[    0.000000]   node   0: [mem 0x0000000100000000-0x000000015f5fffff]
[    0.000000] Initmem setup node 0 [mem 0x0000000000001000-0x000000015f5fffff]
[    0.000000] On node 0 totalpages: 991014
[    0.000000]   DMA zone: 64 pages used for memmap
[    0.000000]   DMA zone: 22 pages reserved
[    0.000000]   DMA zone: 3974 pages, LIFO batch:0
[    0.000000]   DMA32 zone: 9319 pages used for memmap
[    0.000000]   DMA32 zone: 596384 pages, LIFO batch:31
[    0.000000]   Normal zone: 6104 pages used for memmap
[    0.000000]   Normal zone: 390656 pages, LIFO batch:31
[    0.000000] Reserved but unavailable: 99 pages
[    0.000000] Reserving Intel graphics memory at [mem 0x9da00000-0x9f9fffff]
[    0.000000] ACPI: PM-Timer IO Port: 0x1808
[    0.000000] ACPI: Local APIC address 0xfee00000
[    0.000000] IOAPIC[0]: apic_id 2, version 32, address 0xfec00000, GSI 0-39
[    0.000000] ACPI: INT_SRC_OVR (bus 0 bus_irq 0 global_irq 2 dfl dfl)
[    0.000000] ACPI: INT_SRC_OVR (bus 0 bus_irq 9 global_irq 9 high level)
[    0.000000] ACPI: IRQ0 used by override.
[    0.000000] ACPI: IRQ9 used by override.
[    0.000000] Using ACPI (MADT) for SMP configuration information
[    0.000000] ACPI: HPET id: 0x8086a201 base: 0xfed00000
[    0.000000] [Firmware Bug]: TSC_DEADLINE disabled due to Errata; please update microcode to version: 0x20 (or later)
[    0.000000] smpboot: Allowing 8 CPUs, 4 hotplug CPUs
[    0.000000] PM: Registered nosave memory: [mem 0x00000000-0x00000fff]
[    0.000000] PM: Registered nosave memory: [mem 0x0006f000-0x0006ffff]
[    0.000000] PM: Registered nosave memory: [mem 0x00088000-0x000bffff]
[    0.000000] PM: Registered nosave memory: [mem 0x000c0000-0x000fffff]
[    0.000000] PM: Registered nosave memory: [mem 0x9299f000-0x92b9efff]
[    0.000000] PM: Registered nosave memory: [mem 0x92b9f000-0x92eaefff]
[    0.000000] PM: Registered nosave memory: [mem 0x92eaf000-0x92faefff]
[    0.000000] PM: Registered nosave memory: [mem 0x92faf000-0x92ffefff]
[    0.000000] PM: Registered nosave memory: [mem 0x93000000-0x9f9fffff]
[    0.000000] PM: Registered nosave memory: [mem 0x9fa00000-0xdfffffff]
[    0.000000] PM: Registered nosave memory: [mem 0xe0000000-0xefffffff]
[    0.000000] PM: Registered nosave memory: [mem 0xf0000000-0xfe100fff]
[    0.000000] PM: Registered nosave memory: [mem 0xfe101000-0xfe112fff]
[    0.000000] PM: Registered nosave memory: [mem 0xfe113000-0xfeafffff]
[    0.000000] PM: Registered nosave memory: [mem 0xfeb00000-0xfeb0ffff]
[    0.000000] PM: Registered nosave memory: [mem 0xfeb10000-0xfebfffff]
[    0.000000] PM: Registered nosave memory: [mem 0xfec00000-0xfec00fff]
[    0.000000] PM: Registered nosave memory: [mem 0xfec01000-0xfecfffff]
[    0.000000] PM: Registered nosave memory: [mem 0xfed00000-0xfee00fff]
[    0.000000] PM: Registered nosave memory: [mem 0xfee01000-0xffbfffff]
[    0.000000] PM: Registered nosave memory: [mem 0xffc00000-0xffffffff]
[    0.000000] e820: [mem 0x9fa00000-0xdfffffff] available for PCI devices
[    0.000000] Booting paravirtualized kernel on bare hardware
[    0.000000] clocksource: refined-jiffies: mask: 0xffffffff max_cycles: 0xffffffff, max_idle_ns: 7645519600211568 ns
[    0.000000] random: get_random_bytes called from start_kernel+0x99/0x4ff with crng_init=0
[    0.000000] setup_percpu: NR_CPUS:8192 nr_cpumask_bits:8 nr_cpu_ids:8 nr_node_ids:1
[    0.000000] percpu: Embedded 46 pages/cpu @        (ptrval) s151552 r8192 d28672 u262144
[    0.000000] pcpu-alloc: s151552 r8192 d28672 u262144 alloc=1*2097152
[    0.000000] pcpu-alloc: [0] 0 1 2 3 4 5 6 7 
[    0.000000] Built 1 zonelists, mobility grouping on.  Total pages: 975505
[    0.000000] Policy zone: Normal
[    0.000000] Kernel command line: BOOT_IMAGE=/boot/vmlinuz-4.16.7eudyptula-00001-gea2c8c5f896c root=UUID=1542f4c0-3dd3-4ded-b33a-c155f494d1aa ro quiet splash vt.handoff=1
[    0.000000] Calgary: detecting Calgary via BIOS EBDA area
[    0.000000] Calgary: Unable to locate Rio Grande table in EBDA - bailing!
[    0.000000] ------------[ cut here ]------------
[    0.000000] Your BIOS is broken; DMAR reported at address 0!
               BIOS vendor: Insyde; Ver: F.04; Product Version: 0897100000304100000610100
[    0.000000] WARNING: CPU: 0 PID: 0 at drivers/iommu/dmar.c:848 warn_invalid_dmar.part.11+0x5c/0x70
[    0.000000] Modules linked in:
[    0.000000] CPU: 0 PID: 0 Comm: swapper Not tainted 4.16.7eudyptula-00001-gea2c8c5f896c #2
[    0.000000] Hardware name: Hewlett-Packard HP Pavilion 15 Notebook PC/2164, BIOS F.04 07/03/2013
[    0.000000] RIP: 0010:warn_invalid_dmar.part.11+0x5c/0x70
[    0.000000] RSP: 0000:ffffffffbbe03da0 EFLAGS: 00010086
[    0.000000] RAX: 0000000000000000 RBX: 0000000000000000 RCX: ffffffffbbe62f08
[    0.000000] RDX: 0000000000000001 RSI: 0000000000000092 RDI: 0000000000000047
[    0.000000] RBP: ffffffffbbe03dc0 R08: 00000000000000a9 R09: 0000000000000004
[    0.000000] R10: ffffffffbbe03c90 R11: 0000000000000001 R12: ffffffffbbadeeaa
[    0.000000] R13: ffffffffbc53f008 R14: ffffffffbc53f048 R15: ffffffffff240030
[    0.000000] FS:  0000000000000000(0000) GS:ffff8f269f200000(0000) knlGS:0000000000000000
[    0.000000] CS:  0010 DS: 0000 ES: 0000 CR0: 0000000080050033
[    0.000000] CR2: ffff8f2669140000 CR3: 0000000128a0a001 CR4: 00000000000606b0
[    0.000000] Call Trace:
[    0.000000]  dmar_validate_one_drhd+0xab/0xe0
[    0.000000]  dmar_walk_remapping_entries+0xa6/0x1d0
[    0.000000]  detect_intel_iommu+0x66/0xef
[    0.000000]  ? xen_swiotlb_init+0x4e0/0x4e0
[    0.000000]  pci_iommu_alloc+0x55/0x71
[    0.000000]  mem_init+0x1c/0xba
[    0.000000]  start_kernel+0x2ce/0x4ff
[    0.000000]  x86_64_start_reservations+0x24/0x26
[    0.000000]  x86_64_start_kernel+0x74/0x77
[    0.000000]  secondary_startup_64+0xa5/0xb0
[    0.000000] Code: 99 1d 00 bf 01 00 00 00 49 89 c5 e8 af 99 1d 00 4d 89 f1 4d 89 e8 48 89 c1 4c 89 e2 48 89 de 48 c7 c7 68 b8 b4 bb e8 14 45 a5 ff <0f> 0b 5b 41 5c 41 5d 41 5e 5d c3 66 0f 1f 84 00 00 00 00 00 e8 
[    0.000000] ---[ end trace 5674cd160afc5959 ]---
[    0.000000] Memory: 3197184K/3964056K available (12300K kernel code, 2482K rwdata, 4236K rodata, 2400K init, 2416K bss, 766872K reserved, 0K cma-reserved)
[    0.000000] SLUB: HWalign=64, Order=0-3, MinObjects=0, CPUs=8, Nodes=1
[    0.000000] Kernel/User page tables isolation: enabled
[    0.000000] ftrace: allocating 39348 entries in 154 pages
[    0.000000] Hierarchical RCU implementation.
[    0.000000] 	RCU restricting CPUs from NR_CPUS=8192 to nr_cpu_ids=8.
[    0.000000] 	Tasks RCU enabled.
[    0.000000] RCU: Adjusting geometry for rcu_fanout_leaf=16, nr_cpu_ids=8
[    0.000000] NR_IRQS: 524544, nr_irqs: 760, preallocated irqs: 16
[    0.000000] Console: colour dummy device 80x25
[    0.000000] console [tty0] enabled
[    0.000000] ACPI: Core revision 20180105
[    0.000000] ACPI: 6 ACPI AML tables successfully acquired and loaded
[    0.000000] clocksource: hpet: mask: 0xffffffff max_cycles: 0xffffffff, max_idle_ns: 133484882848 ns
[    0.000000] hpet clockevent registered
[    0.000000] APIC: Switch to symmetric I/O mode setup
[    0.000000] DMAR: Host address width 39
[    0.000000] DMAR: DRHD base: 0x00000000000000 flags: 0x1
[    0.000000] DMAR: Parse DMAR table failure.
[    0.000000] ..TIMER: vector=0x30 apic1=0 pin1=2 apic2=-1 pin2=-1
[    0.020000] tsc: Fast TSC calibration using PIT
[    0.024000] tsc: Detected 2294.814 MHz processor
[    0.024000] clocksource: tsc-early: mask: 0xffffffffffffffff max_cycles: 0x2114125673c, max_idle_ns: 440795307099 ns
[    0.024000] Calibrating delay loop (skipped), value calculated using timer frequency.. 4589.62 BogoMIPS (lpj=9179256)
[    0.024000] pid_max: default: 32768 minimum: 301
[    0.032052] Security Framework initialized
[    0.032054] Yama: becoming mindful.
[    0.032078] AppArmor: AppArmor initialized
[    0.032921] Dentry cache hash table entries: 524288 (order: 10, 4194304 bytes)
[    0.033382] Inode-cache hash table entries: 262144 (order: 9, 2097152 bytes)
[    0.033416] Mount-cache hash table entries: 8192 (order: 4, 65536 bytes)
[    0.033432] Mountpoint-cache hash table entries: 8192 (order: 4, 65536 bytes)
[    0.033735] CPU: Physical Processor ID: 0
[    0.033736] CPU: Processor Core ID: 0
[    0.033743] ENERGY_PERF_BIAS: Set to 'normal', was 'performance'
[    0.033743] ENERGY_PERF_BIAS: View and update with x86_energy_perf_policy(8)
[    0.033750] mce: CPU supports 7 MCE banks
[    0.033762] CPU0: Thermal monitoring enabled (TM1)
[    0.033778] process: using mwait in idle threads
[    0.033782] Last level iTLB entries: 4KB 1024, 2MB 1024, 4MB 1024
[    0.033783] Last level dTLB entries: 4KB 1024, 2MB 1024, 4MB 1024, 1GB 4
[    0.033785] Spectre V2 : Mitigation: Full generic retpoline
[    0.034727] Freeing SMP alternatives memory: 36K
[    0.044000] smpboot: CPU0: Intel(R) Core(TM) i5-4200U CPU @ 1.60GHz (family: 0x6, model: 0x45, stepping: 0x1)
[    0.044000] Performance Events: PEBS fmt2+, Haswell events, 16-deep LBR, full-width counters, Intel PMU driver.
[    0.044000] ... version:                3
[    0.044000] ... bit width:              48
[    0.044000] ... generic registers:      4
[    0.044000] ... value mask:             0000ffffffffffff
[    0.044000] ... max period:             00007fffffffffff
[    0.044000] ... fixed-purpose events:   3
[    0.044000] ... event mask:             000000070000000f
[    0.044000] Hierarchical SRCU implementation.
[    0.044000] smp: Bringing up secondary CPUs ...
[    0.044000] x86: Booting SMP configuration:
[    0.044000] .... node  #0, CPUs:      #1
[    0.044000] NMI watchdog: Enabled. Permanently consumes one hw-PMU counter.
[    0.044000]  #2 #3
[    0.044100] smp: Brought up 1 node, 4 CPUs
[    0.044100] smpboot: Max logical packages: 2
[    0.044100] smpboot: Total of 4 processors activated (18358.51 BogoMIPS)
[    0.048301] devtmpfs: initialized
[    0.048301] x86/mm: Memory block size: 128MB
[    0.048608] evm: security.selinux
[    0.048609] evm: security.SMACK64
[    0.048610] evm: security.SMACK64EXEC
[    0.048611] evm: security.SMACK64TRANSMUTE
[    0.048612] evm: security.SMACK64MMAP
[    0.048612] evm: security.apparmor
[    0.048613] evm: security.ima
[    0.048614] evm: security.capability
[    0.048635] PM: Registering ACPI NVS region [mem 0x92eaf000-0x92faefff] (1048576 bytes)
[    0.048635] clocksource: jiffies: mask: 0xffffffff max_cycles: 0xffffffff, max_idle_ns: 7645041785100000 ns
[    0.048635] futex hash table entries: 2048 (order: 5, 131072 bytes)
[    0.048635] pinctrl core: initialized pinctrl subsystem
[    0.048635] RTC time: 18:03:09, date: 05/10/18
[    0.048635] NET: Registered protocol family 16
[    0.048635] audit: initializing netlink subsys (disabled)
[    0.048635] audit: type=2000 audit(1525975389.048:1): state=initialized audit_enabled=0 res=1
[    0.048635] cpuidle: using governor ladder
[    0.048635] cpuidle: using governor menu
[    0.048635] Simple Boot Flag at 0x44 set to 0x1
[    0.048635] ACPI FADT declares the system doesn't support PCIe ASPM, so disable it
[    0.048635] ACPI: bus type PCI registered
[    0.048635] acpiphp: ACPI Hot Plug PCI Controller Driver version: 0.5
[    0.048635] PCI: MMCONFIG for domain 0000 [bus 00-ff] at [mem 0xe0000000-0xefffffff] (base 0xe0000000)
[    0.048635] PCI: MMCONFIG at [mem 0xe0000000-0xefffffff] reserved in E820
[    0.048635] PCI: Using configuration type 1 for base access
[    0.048635] core: PMU erratum BJ122, BV98, HSD29 worked around, HT is on
[    0.053274] HugeTLB registered 1.00 GiB page size, pre-allocated 0 pages
[    0.053274] HugeTLB registered 2.00 MiB page size, pre-allocated 0 pages
[    0.053274] ACPI: Added _OSI(Module Device)
[    0.053274] ACPI: Added _OSI(Processor Device)
[    0.053274] ACPI: Added _OSI(3.0 _SCP Extensions)
[    0.053274] ACPI: Added _OSI(Processor Aggregator Device)
[    0.053274] ACPI: Executed 1 blocks of module-level executable AML code
[    0.061440] ACPI: [Firmware Bug]: BIOS _OSI(Linux) query ignored
[    0.063021] ACPI: Dynamic OEM Table Load:
[    0.063033] ACPI: SSDT 0xFFFF8F2699FA2000 0003D3 (v01 PmRef  Cpu0Cst  00003001 INTL 20121220)
[    0.064687] ACPI: Dynamic OEM Table Load:
[    0.064699] ACPI: SSDT 0xFFFF8F2699812800 0005AA (v01 PmRef  ApIst    00003000 INTL 20121220)
[    0.068430] ACPI: Dynamic OEM Table Load:
[    0.068439] ACPI: SSDT 0xFFFF8F2699818600 000119 (v01 PmRef  ApCst    00003000 INTL 20121220)
[    0.070227] ACPI: EC: EC started
[    0.070228] ACPI: EC: interrupt blocked
[    0.269073] ACPI: \_SB_.PCI0.LPCB.EC0_: Used as first EC
[    0.269076] ACPI: \_SB_.PCI0.LPCB.EC0_: GPE=0x8, EC_CMD/EC_SC=0x66, EC_DATA=0x62
[    0.269078] ACPI: \_SB_.PCI0.LPCB.EC0_: Used as boot DSDT EC to handle transactions
[    0.269079] ACPI: Interpreter enabled
[    0.269136] ACPI: (supports S0 S3 S4 S5)
[    0.269137] ACPI: Using IOAPIC for interrupt routing
[    0.269188] PCI: Using host bridge windows from ACPI; if necessary, use "pci=nocrs" and report a bug
[    0.269637] ACPI: Enabled 7 GPEs in block 00 to 7F
[    0.300764] ACPI: PCI Root Bridge [PCI0] (domain 0000 [bus 00-fe])
[    0.300772] acpi PNP0A08:00: _OSC: OS supports [ExtendedConfig ASPM ClockPM Segments MSI]
[    0.300942] acpi PNP0A08:00: _OSC failed (AE_ERROR); disabling ASPM
[    0.301736] PCI host bridge to bus 0000:00
[    0.301740] pci_bus 0000:00: root bus resource [io  0x0000-0x0cf7 window]
[    0.301742] pci_bus 0000:00: root bus resource [io  0x0d00-0xffff window]
[    0.301745] pci_bus 0000:00: root bus resource [mem 0x000a0000-0x000bffff window]
[    0.301747] pci_bus 0000:00: root bus resource [mem 0x000c0000-0x000c3fff window]
[    0.301749] pci_bus 0000:00: root bus resource [mem 0x000c4000-0x000c7fff window]
[    0.301751] pci_bus 0000:00: root bus resource [mem 0x000c8000-0x000cbfff window]
[    0.301753] pci_bus 0000:00: root bus resource [mem 0x000cc000-0x000cffff window]
[    0.301755] pci_bus 0000:00: root bus resource [mem 0x000d0000-0x000d3fff window]
[    0.301757] pci_bus 0000:00: root bus resource [mem 0x000d4000-0x000d7fff window]
[    0.301759] pci_bus 0000:00: root bus resource [mem 0x000d8000-0x000dbfff window]
[    0.301761] pci_bus 0000:00: root bus resource [mem 0x000dc000-0x000dffff window]
[    0.301763] pci_bus 0000:00: root bus resource [mem 0x000e0000-0x000e3fff window]
[    0.301765] pci_bus 0000:00: root bus resource [mem 0x000e4000-0x000e7fff window]
[    0.301767] pci_bus 0000:00: root bus resource [mem 0x000e8000-0x000ebfff window]
[    0.301769] pci_bus 0000:00: root bus resource [mem 0x000ec000-0x000effff window]
[    0.301771] pci_bus 0000:00: root bus resource [mem 0x000f0000-0x000fffff window]
[    0.301773] pci_bus 0000:00: root bus resource [mem 0x9fa00000-0xfeafffff window]
[    0.301775] pci_bus 0000:00: root bus resource [bus 00-fe]
[    0.301788] pci 0000:00:00.0: [8086:0a04] type 00 class 0x060000
[    0.302020] pci 0000:00:02.0: [8086:0a16] type 00 class 0x030000
[    0.302037] pci 0000:00:02.0: reg 0x10: [mem 0xc2000000-0xc23fffff 64bit]
[    0.302047] pci 0000:00:02.0: reg 0x18: [mem 0xb0000000-0xbfffffff 64bit pref]
[    0.302053] pci 0000:00:02.0: reg 0x20: [io  0x6000-0x603f]
[    0.302071] pci 0000:00:02.0: BAR 2: assigned to efifb
[    0.302280] pci 0000:00:03.0: [8086:0a0c] type 00 class 0x040300
[    0.302295] pci 0000:00:03.0: reg 0x10: [mem 0xc2710000-0xc2713fff 64bit]
[    0.302555] pci 0000:00:14.0: [8086:9c31] type 00 class 0x0c0330
[    0.302578] pci 0000:00:14.0: reg 0x10: [mem 0xc2700000-0xc270ffff 64bit]
[    0.302645] pci 0000:00:14.0: PME# supported from D3hot D3cold
[    0.302847] pci 0000:00:16.0: [8086:9c3a] type 00 class 0x078000
[    0.302873] pci 0000:00:16.0: reg 0x10: [mem 0xc2718000-0xc271801f 64bit]
[    0.302950] pci 0000:00:16.0: PME# supported from D0 D3hot D3cold
[    0.303152] pci 0000:00:1b.0: [8086:9c20] type 00 class 0x040300
[    0.303174] pci 0000:00:1b.0: reg 0x10: [mem 0xc2714000-0xc2717fff 64bit]
[    0.303251] pci 0000:00:1b.0: PME# supported from D0 D3hot D3cold
[    0.303453] pci 0000:00:1c.0: [8086:9c10] type 01 class 0x060400
[    0.303533] pci 0000:00:1c.0: PME# supported from D0 D3hot D3cold
[    0.303826] pci 0000:00:1c.1: [8086:9c12] type 01 class 0x060400
[    0.303906] pci 0000:00:1c.1: PME# supported from D0 D3hot D3cold
[    0.304204] pci 0000:00:1c.2: [8086:9c14] type 01 class 0x060400
[    0.304284] pci 0000:00:1c.2: PME# supported from D0 D3hot D3cold
[    0.304569] pci 0000:00:1c.3: [8086:9c16] type 01 class 0x060400
[    0.304649] pci 0000:00:1c.3: PME# supported from D0 D3hot D3cold
[    0.304932] pci 0000:00:1c.4: [8086:9c18] type 01 class 0x060400
[    0.305012] pci 0000:00:1c.4: PME# supported from D0 D3hot D3cold
[    0.305303] pci 0000:00:1d.0: [8086:9c26] type 00 class 0x0c0320
[    0.305328] pci 0000:00:1d.0: reg 0x10: [mem 0xc271c000-0xc271c3ff]
[    0.305423] pci 0000:00:1d.0: PME# supported from D0 D3hot D3cold
[    0.305628] pci 0000:00:1f.0: [8086:9c43] type 00 class 0x060100
[    0.305944] pci 0000:00:1f.2: [8086:9c03] type 00 class 0x010601
[    0.305963] pci 0000:00:1f.2: reg 0x10: [io  0x6088-0x608f]
[    0.305971] pci 0000:00:1f.2: reg 0x14: [io  0x6094-0x6097]
[    0.305979] pci 0000:00:1f.2: reg 0x18: [io  0x6080-0x6087]
[    0.305988] pci 0000:00:1f.2: reg 0x1c: [io  0x6090-0x6093]
[    0.305996] pci 0000:00:1f.2: reg 0x20: [io  0x6060-0x607f]
[    0.306005] pci 0000:00:1f.2: reg 0x24: [mem 0xc271b000-0xc271b7ff]
[    0.306044] pci 0000:00:1f.2: PME# supported from D3hot
[    0.306237] pci 0000:00:1f.3: [8086:9c22] type 00 class 0x0c0500
[    0.306257] pci 0000:00:1f.3: reg 0x10: [mem 0xc2719000-0xc27190ff 64bit]
[    0.306279] pci 0000:00:1f.3: reg 0x20: [io  0x6040-0x605f]
[    0.306538] pci 0000:00:1c.0: PCI bridge to [bus 01]
[    0.306614] pci 0000:00:1c.1: PCI bridge to [bus 02-07]
[    0.306618] pci 0000:00:1c.1:   bridge window [io  0x5000-0x5fff]
[    0.306622] pci 0000:00:1c.1:   bridge window [mem 0xc1000000-0xc1ffffff]
[    0.306628] pci 0000:00:1c.1:   bridge window [mem 0xc0000000-0xc0ffffff 64bit pref]
[    0.306689] pci 0000:08:00.0: [14c3:7630] type 00 class 0x028000
[    0.306721] pci 0000:08:00.0: reg 0x10: [mem 0xc2600000-0xc26fffff]
[    0.306870] pci 0000:08:00.0: PME# supported from D0 D3hot D3cold
[    0.316036] pci 0000:00:1c.2: PCI bridge to [bus 08]
[    0.316042] pci 0000:00:1c.2:   bridge window [mem 0xc2600000-0xc26fffff]
[    0.316142] pci 0000:09:00.0: [10ec:8136] type 00 class 0x020000
[    0.316180] pci 0000:09:00.0: reg 0x10: [io  0x4000-0x40ff]
[    0.316215] pci 0000:09:00.0: reg 0x18: [mem 0xc2504000-0xc2504fff 64bit]
[    0.316239] pci 0000:09:00.0: reg 0x20: [mem 0xc2500000-0xc2503fff 64bit]
[    0.316361] pci 0000:09:00.0: supports D1 D2
[    0.316363] pci 0000:09:00.0: PME# supported from D0 D1 D2 D3hot D3cold
[    0.328054] pci 0000:00:1c.3: PCI bridge to [bus 09]
[    0.328057] pci 0000:00:1c.3:   bridge window [io  0x4000-0x4fff]
[    0.328061] pci 0000:00:1c.3:   bridge window [mem 0xc2500000-0xc25fffff]
[    0.328159] pci 0000:0a:00.0: [1002:6660] type 00 class 0x038000
[    0.328197] pci 0000:0a:00.0: reg 0x10: [mem 0xa0000000-0xafffffff 64bit pref]
[    0.328214] pci 0000:0a:00.0: reg 0x18: [mem 0xc2400000-0xc243ffff 64bit]
[    0.328225] pci 0000:0a:00.0: reg 0x20: [io  0x3000-0x30ff]
[    0.328244] pci 0000:0a:00.0: reg 0x30: [mem 0xfffe0000-0xffffffff pref]
[    0.328255] pci 0000:0a:00.0: enabling Extended Tags
[    0.328341] pci 0000:0a:00.0: supports D1 D2
[    0.328343] pci 0000:0a:00.0: PME# supported from D1 D2 D3hot
[    0.340031] pci 0000:00:1c.4: PCI bridge to [bus 0a]
[    0.340035] pci 0000:00:1c.4:   bridge window [io  0x3000-0x3fff]
[    0.340039] pci 0000:00:1c.4:   bridge window [mem 0xc2400000-0xc24fffff]
[    0.340045] pci 0000:00:1c.4:   bridge window [mem 0xa0000000-0xafffffff 64bit pref]
[    0.341382] ACPI: PCI Interrupt Link [LNKA] (IRQs 3 4 5 6 10 11 12 14 15) *0, disabled.
[    0.341488] ACPI: PCI Interrupt Link [LNKB] (IRQs 3 4 5 6 10 11 12 14 15) *0, disabled.
[    0.341592] ACPI: PCI Interrupt Link [LNKC] (IRQs 3 4 5 6 10 11 12 14 15) *0, disabled.
[    0.341694] ACPI: PCI Interrupt Link [LNKD] (IRQs 3 4 5 6 10 11 12 14 15) *0, disabled.
[    0.341795] ACPI: PCI Interrupt Link [LNKE] (IRQs 3 4 5 6 10 11 12 14 15) *0, disabled.
[    0.341895] ACPI: PCI Interrupt Link [LNKF] (IRQs 3 4 5 6 10 11 12 14 15) *0, disabled.
[    0.341995] ACPI: PCI Interrupt Link [LNKG] (IRQs 3 4 5 6 10 11 12 14 15) *0, disabled.
[    0.342095] ACPI: PCI Interrupt Link [LNKH] (IRQs 3 4 5 6 10 11 12 14 15) *0, disabled.
[    0.342458] ACPI: EC: interrupt unblocked
[    0.342467] ACPI: EC: event unblocked
[    0.342475] ACPI: \_SB_.PCI0.LPCB.EC0_: GPE=0x8, EC_CMD/EC_SC=0x66, EC_DATA=0x62
[    0.342478] ACPI: \_SB_.PCI0.LPCB.EC0_: Used as boot DSDT EC to handle transactions and events
[    0.342566] pci 0000:00:02.0: vgaarb: setting as boot VGA device
[    0.342566] pci 0000:00:02.0: vgaarb: VGA device added: decodes=io+mem,owns=io+mem,locks=none
[    0.342566] pci 0000:00:02.0: vgaarb: bridge control possible
[    0.342566] vgaarb: loaded
[    0.342566] SCSI subsystem initialized
[    0.342566] libata version 3.00 loaded.
[    0.342566] ACPI: bus type USB registered
[    0.342566] usbcore: registered new interface driver usbfs
[    0.342566] usbcore: registered new interface driver hub
[    0.342566] usbcore: registered new device driver usb
[    0.342566] pps_core: LinuxPPS API ver. 1 registered
[    0.342566] pps_core: Software ver. 5.3.6 - Copyright 2005-2007 Rodolfo Giometti <giometti@linux.it>
[    0.342566] PTP clock support registered
[    0.342566] EDAC MC: Ver: 3.0.0
[    0.342566] Registered efivars operations
[    0.376083] PCI: Using ACPI for IRQ routing
[    0.379120] PCI: pci_cache_line_size set to 64 bytes
[    0.379186] e820: reserve RAM buffer [mem 0x0006f000-0x0006ffff]
[    0.379188] e820: reserve RAM buffer [mem 0x00088000-0x0008ffff]
[    0.379190] e820: reserve RAM buffer [mem 0x9299f000-0x93ffffff]
[    0.379192] e820: reserve RAM buffer [mem 0x93000000-0x93ffffff]
[    0.379193] e820: reserve RAM buffer [mem 0x15f600000-0x15fffffff]
[    0.380001] NetLabel: Initializing
[    0.380001] NetLabel:  domain hash size = 128
[    0.380001] NetLabel:  protocols = UNLABELED CIPSOv4 CALIPSO
[    0.380001] NetLabel:  unlabeled traffic allowed by default
[    0.380062] hpet0: at MMIO 0xfed00000, IRQs 2, 8, 0, 0, 0, 0, 0, 0
[    0.380071] hpet0: 8 comparators, 64-bit 14.318180 MHz counter
[    0.384005] clocksource: Switched to clocksource tsc-early
[    0.399275] VFS: Disk quotas dquot_6.6.0
[    0.399302] VFS: Dquot-cache hash table entries: 512 (order 0, 4096 bytes)
[    0.399439] AppArmor: AppArmor Filesystem Enabled
[    0.399474] pnp: PnP ACPI init
[    0.399940] system 00:00: [io  0x0680-0x069f] has been reserved
[    0.399943] system 00:00: [io  0xffff] has been reserved
[    0.399946] system 00:00: [io  0xffff] has been reserved
[    0.399948] system 00:00: [io  0xffff] has been reserved
[    0.399951] system 00:00: [io  0x1800-0x18fe] has been reserved
[    0.399953] system 00:00: [io  0x164e-0x164f] has been reserved
[    0.399955] system 00:00: [io  0x0454-0x0457] has been reserved
[    0.399958] system 00:00: [io  0x0380-0x0387] has been reserved
[    0.399966] system 00:00: Plug and Play ACPI device, IDs PNP0c02 (active)
[    0.400044] pnp 00:01: Plug and Play ACPI device, IDs PNP0b00 (active)
[    0.400094] pnp 00:02: Plug and Play ACPI device, IDs HPQ8001 PNP0303 (active)
[    0.400139] pnp 00:03: Plug and Play ACPI device, IDs SYN1ea5 SYN1e00 SYN0002 PNP0f13 (active)
[    0.400653] pnp 00:04: disabling [mem 0xffffffff-0x100000ffe] because it overlaps 0000:0a:00.0 BAR 6 [mem 0xfffe0000-0xffffffff pref]
[    0.400685] system 00:04: [mem 0xfed1c000-0xfed1ffff] has been reserved
[    0.400688] system 00:04: [mem 0xfed10000-0xfed17fff] has been reserved
[    0.400690] system 00:04: [mem 0xfed18000-0xfed18fff] has been reserved
[    0.400693] system 00:04: [mem 0xfed19000-0xfed19fff] has been reserved
[    0.400696] system 00:04: [mem 0xe0000000-0xefffffff] has been reserved
[    0.400698] system 00:04: [mem 0xfed20000-0xfed3ffff] has been reserved
[    0.400701] system 00:04: [mem 0xfed90000-0xfed93fff] has been reserved
[    0.400703] system 00:04: [mem 0xff000000-0xffffffff] could not be reserved
[    0.400706] system 00:04: [mem 0xfee00000-0xfeefffff] could not be reserved
[    0.400708] system 00:04: [mem 0x9fa10000-0x9fa10fff] has been reserved
[    0.400715] system 00:04: Plug and Play ACPI device, IDs PNP0c02 (active)
[    0.401406] pnp: PnP ACPI: found 5 devices
[    0.407700] clocksource: acpi_pm: mask: 0xffffff max_cycles: 0xffffff, max_idle_ns: 2085701024 ns
[    0.407708] pci 0000:0a:00.0: can't claim BAR 6 [mem 0xfffe0000-0xffffffff pref]: no compatible bridge window
[    0.407720] pci 0000:00:1c.0: bridge window [io  0x1000-0x0fff] to [bus 01] add_size 1000
[    0.407726] pci 0000:00:1c.0: bridge window [mem 0x00100000-0x000fffff 64bit pref] to [bus 01] add_size 200000 add_align 100000
[    0.407729] pci 0000:00:1c.0: bridge window [mem 0x00100000-0x000fffff] to [bus 01] add_size 200000 add_align 100000
[    0.407769] pci 0000:00:1c.0: BAR 14: assigned [mem 0x9fb00000-0x9fcfffff]
[    0.407784] pci 0000:00:1c.0: BAR 15: assigned [mem 0x9fd00000-0x9fefffff 64bit pref]
[    0.407788] pci 0000:00:1c.0: BAR 13: assigned [io  0x2000-0x2fff]
[    0.407792] pci 0000:00:1c.0: PCI bridge to [bus 01]
[    0.407795] pci 0000:00:1c.0:   bridge window [io  0x2000-0x2fff]
[    0.407801] pci 0000:00:1c.0:   bridge window [mem 0x9fb00000-0x9fcfffff]
[    0.407805] pci 0000:00:1c.0:   bridge window [mem 0x9fd00000-0x9fefffff 64bit pref]
[    0.407812] pci 0000:00:1c.1: PCI bridge to [bus 02-07]
[    0.407814] pci 0000:00:1c.1:   bridge window [io  0x5000-0x5fff]
[    0.407819] pci 0000:00:1c.1:   bridge window [mem 0xc1000000-0xc1ffffff]
[    0.407823] pci 0000:00:1c.1:   bridge window [mem 0xc0000000-0xc0ffffff 64bit pref]
[    0.407830] pci 0000:00:1c.2: PCI bridge to [bus 08]
[    0.407835] pci 0000:00:1c.2:   bridge window [mem 0xc2600000-0xc26fffff]
[    0.407843] pci 0000:00:1c.3: PCI bridge to [bus 09]
[    0.407846] pci 0000:00:1c.3:   bridge window [io  0x4000-0x4fff]
[    0.407851] pci 0000:00:1c.3:   bridge window [mem 0xc2500000-0xc25fffff]
[    0.407861] pci 0000:0a:00.0: BAR 6: assigned [mem 0xc2440000-0xc245ffff pref]
[    0.407863] pci 0000:00:1c.4: PCI bridge to [bus 0a]
[    0.407866] pci 0000:00:1c.4:   bridge window [io  0x3000-0x3fff]
[    0.407871] pci 0000:00:1c.4:   bridge window [mem 0xc2400000-0xc24fffff]
[    0.407875] pci 0000:00:1c.4:   bridge window [mem 0xa0000000-0xafffffff 64bit pref]
[    0.407883] pci_bus 0000:00: resource 4 [io  0x0000-0x0cf7 window]
[    0.407885] pci_bus 0000:00: resource 5 [io  0x0d00-0xffff window]
[    0.407887] pci_bus 0000:00: resource 6 [mem 0x000a0000-0x000bffff window]
[    0.407889] pci_bus 0000:00: resource 7 [mem 0x000c0000-0x000c3fff window]
[    0.407891] pci_bus 0000:00: resource 8 [mem 0x000c4000-0x000c7fff window]
[    0.407894] pci_bus 0000:00: resource 9 [mem 0x000c8000-0x000cbfff window]
[    0.407896] pci_bus 0000:00: resource 10 [mem 0x000cc000-0x000cffff window]
[    0.407898] pci_bus 0000:00: resource 11 [mem 0x000d0000-0x000d3fff window]
[    0.407900] pci_bus 0000:00: resource 12 [mem 0x000d4000-0x000d7fff window]
[    0.407902] pci_bus 0000:00: resource 13 [mem 0x000d8000-0x000dbfff window]
[    0.407904] pci_bus 0000:00: resource 14 [mem 0x000dc000-0x000dffff window]
[    0.407906] pci_bus 0000:00: resource 15 [mem 0x000e0000-0x000e3fff window]
[    0.407908] pci_bus 0000:00: resource 16 [mem 0x000e4000-0x000e7fff window]
[    0.407910] pci_bus 0000:00: resource 17 [mem 0x000e8000-0x000ebfff window]
[    0.407912] pci_bus 0000:00: resource 18 [mem 0x000ec000-0x000effff window]
[    0.407914] pci_bus 0000:00: resource 19 [mem 0x000f0000-0x000fffff window]
[    0.407916] pci_bus 0000:00: resource 20 [mem 0x9fa00000-0xfeafffff window]
[    0.407919] pci_bus 0000:01: resource 0 [io  0x2000-0x2fff]
[    0.407921] pci_bus 0000:01: resource 1 [mem 0x9fb00000-0x9fcfffff]
[    0.407923] pci_bus 0000:01: resource 2 [mem 0x9fd00000-0x9fefffff 64bit pref]
[    0.407925] pci_bus 0000:02: resource 0 [io  0x5000-0x5fff]
[    0.407927] pci_bus 0000:02: resource 1 [mem 0xc1000000-0xc1ffffff]
[    0.407930] pci_bus 0000:02: resource 2 [mem 0xc0000000-0xc0ffffff 64bit pref]
[    0.407932] pci_bus 0000:08: resource 1 [mem 0xc2600000-0xc26fffff]
[    0.407934] pci_bus 0000:09: resource 0 [io  0x4000-0x4fff]
[    0.407936] pci_bus 0000:09: resource 1 [mem 0xc2500000-0xc25fffff]
[    0.407938] pci_bus 0000:0a: resource 0 [io  0x3000-0x3fff]
[    0.407940] pci_bus 0000:0a: resource 1 [mem 0xc2400000-0xc24fffff]
[    0.407942] pci_bus 0000:0a: resource 2 [mem 0xa0000000-0xafffffff 64bit pref]
[    0.408104] NET: Registered protocol family 2
[    0.408370] tcp_listen_portaddr_hash hash table entries: 2048 (order: 3, 32768 bytes)
[    0.408393] TCP established hash table entries: 32768 (order: 6, 262144 bytes)
[    0.408471] TCP bind hash table entries: 32768 (order: 7, 524288 bytes)
[    0.408576] TCP: Hash tables configured (established 32768 bind 32768)
[    0.408620] UDP hash table entries: 2048 (order: 4, 65536 bytes)
[    0.408638] UDP-Lite hash table entries: 2048 (order: 4, 65536 bytes)
[    0.408708] NET: Registered protocol family 1
[    0.408725] pci 0000:00:02.0: Video device with shadowed ROM at [mem 0x000c0000-0x000dffff]
[    0.430635] PCI: CLS 64 bytes, default 64
[    0.430684] Unpacking initramfs...
[   13.124153] Freeing initrd memory: 542276K
[   13.124178] PCI-DMA: Using software bounce buffering for IO (SWIOTLB)
[   13.124184] software IO TLB [mem 0x8b2f3000-0x8f2f3000] (64MB) mapped at [        (ptrval)-        (ptrval)]
[   13.124525] Scanning for low memory corruption every 60 seconds
[   13.125414] Initialise system trusted keyrings
[   13.125427] Key type blacklist registered
[   13.125455] workingset: timestamp_bits=36 max_order=20 bucket_order=0
[   13.127278] zbud: loaded
[   13.128038] squashfs: version 4.0 (2009/01/31) Phillip Lougher
[   13.128280] fuse init (API version 7.26)
[   13.129780] Key type asymmetric registered
[   13.129781] Asymmetric key parser 'x509' registered
[   13.129838] Block layer SCSI generic (bsg) driver version 0.4 loaded (major 244)
[   13.129878] io scheduler noop registered
[   13.129879] io scheduler deadline registered
[   13.129940] io scheduler cfq registered (default)
[   13.131034] efifb: probing for efifb
[   13.131049] efifb: framebuffer at 0xb0000000, using 4160k, total 4160k
[   13.131051] efifb: mode is 1366x768x32, linelength=5504, pages=1
[   13.131052] efifb: scrolling: redraw
[   13.131054] efifb: Truecolor: size=8:8:8:8, shift=24:16:8:0
[   13.134431] Console: switching to colour frame buffer device 170x48
[   13.137618] fb0: EFI VGA frame buffer device
[   13.137633] intel_idle: MWAIT substates: 0x11142120
[   13.137634] intel_idle: v0.4.1 model 0x45
[   13.137883] intel_idle: lapic_timer_reliable_states 0xffffffff
[   13.138160] ACPI: AC Adapter [ACAD] (off-line)
[   13.138245] input: Lid Switch as /devices/LNXSYSTM:00/LNXSYBUS:00/PNP0C0D:00/input/input0
[   13.138254] ACPI: Lid Switch [LID0]
[   13.138295] input: Power Button as /devices/LNXSYSTM:00/LNXSYBUS:00/PNP0C0C:00/input/input1
[   13.138306] ACPI: Power Button [PWRB]
[   13.138363] input: Power Button as /devices/LNXSYSTM:00/LNXPWRBN:00/input/input2
[   13.138389] ACPI: Power Button [PWRF]
[   13.139929] [Firmware Bug]: Invalid critical threshold (0)
[   13.142002] thermal LNXTHERM:00: registered as thermal_zone0
[   13.142004] ACPI: Thermal Zone [TZ01] (46 C)
[   13.142224] Serial: 8250/16550 driver, 32 ports, IRQ sharing enabled
[   13.145111] Linux agpgart interface v0.103
[   13.147183] loop: module loaded
[   13.147609] libphy: Fixed MDIO Bus: probed
[   13.147611] tun: Universal TUN/TAP device driver, 1.6
[   13.147678] PPP generic driver version 2.4.2
[   13.147739] ehci_hcd: USB 2.0 'Enhanced' Host Controller (EHCI) Driver
[   13.147744] ehci-pci: EHCI PCI platform driver
[   13.147948] ehci-pci 0000:00:1d.0: EHCI Host Controller
[   13.147955] ehci-pci 0000:00:1d.0: new USB bus registered, assigned bus number 1
[   13.147968] ehci-pci 0000:00:1d.0: debug port 2
[   13.151870] ehci-pci 0000:00:1d.0: cache line size of 64 is not supported
[   13.151886] ehci-pci 0000:00:1d.0: irq 23, io mem 0xc271c000
[   13.164094] ehci-pci 0000:00:1d.0: USB 2.0 started, EHCI 1.00
[   13.164174] usb usb1: New USB device found, idVendor=1d6b, idProduct=0002
[   13.164176] usb usb1: New USB device strings: Mfr=3, Product=2, SerialNumber=1
[   13.164179] usb usb1: Product: EHCI Host Controller
[   13.164181] usb usb1: Manufacturer: Linux 4.16.7eudyptula-00001-gea2c8c5f896c ehci_hcd
[   13.164183] usb usb1: SerialNumber: 0000:00:1d.0
[   13.164470] hub 1-0:1.0: USB hub found
[   13.164479] hub 1-0:1.0: 2 ports detected
[   13.164700] ehci-platform: EHCI generic platform driver
[   13.164717] ohci_hcd: USB 1.1 'Open' Host Controller (OHCI) Driver
[   13.164723] ohci-pci: OHCI PCI platform driver
[   13.164735] ohci-platform: OHCI generic platform driver
[   13.164743] uhci_hcd: USB Universal Host Controller Interface driver
[   13.164950] xhci_hcd 0000:00:14.0: xHCI Host Controller
[   13.164957] xhci_hcd 0000:00:14.0: new USB bus registered, assigned bus number 2
[   13.166008] xhci_hcd 0000:00:14.0: hcc params 0x200077c1 hci version 0x100 quirks 0x0004b810
[   13.166013] xhci_hcd 0000:00:14.0: cache line size of 64 is not supported
[   13.166164] usb usb2: New USB device found, idVendor=1d6b, idProduct=0002
[   13.166167] usb usb2: New USB device strings: Mfr=3, Product=2, SerialNumber=1
[   13.166169] usb usb2: Product: xHCI Host Controller
[   13.166171] usb usb2: Manufacturer: Linux 4.16.7eudyptula-00001-gea2c8c5f896c xhci-hcd
[   13.166173] usb usb2: SerialNumber: 0000:00:14.0
[   13.166410] hub 2-0:1.0: USB hub found
[   13.166423] hub 2-0:1.0: 9 ports detected
[   13.167313] xhci_hcd 0000:00:14.0: xHCI Host Controller
[   13.167318] xhci_hcd 0000:00:14.0: new USB bus registered, assigned bus number 3
[   13.167357] usb usb3: New USB device found, idVendor=1d6b, idProduct=0003
[   13.167359] usb usb3: New USB device strings: Mfr=3, Product=2, SerialNumber=1
[   13.167361] usb usb3: Product: xHCI Host Controller
[   13.167363] usb usb3: Manufacturer: Linux 4.16.7eudyptula-00001-gea2c8c5f896c xhci-hcd
[   13.167365] usb usb3: SerialNumber: 0000:00:14.0
[   13.167599] hub 3-0:1.0: USB hub found
[   13.167608] hub 3-0:1.0: 4 ports detected
[   13.168186] i8042: PNP: PS/2 Controller [PNP0303:PS2K,PNP0f13:PS2M] at 0x60,0x64 irq 1,12
[   13.178002] serio: i8042 KBD port at 0x60,0x64 irq 1
[   13.178007] serio: i8042 AUX port at 0x60,0x64 irq 12
[   13.178344] mousedev: PS/2 mouse device common for all mice
[   13.178686] rtc_cmos 00:01: RTC can wake from S4
[   13.178827] rtc_cmos 00:01: rtc core: registered rtc_cmos as rtc0
[   13.178856] rtc_cmos 00:01: alarms up to one month, 242 bytes nvram, hpet irqs
[   13.178865] i2c /dev entries driver
[   13.178930] device-mapper: uevent: version 1.0.3
[   13.179026] device-mapper: ioctl: 4.37.0-ioctl (2017-09-20) initialised: dm-devel@redhat.com
[   13.179036] intel_pstate: Intel P-state driver initializing
[   13.179235] ledtrig-cpu: registered to indicate activity on CPUs
[   13.179238] EFI Variables Facility v0.08 2004-May-17
[   13.187794] input: AT Translated Set 2 keyboard as /devices/platform/i8042/serio0/input/input3
[   13.204760] NET: Registered protocol family 10
[   13.206163] ACPI: Battery Slot [BAT0] (battery present)
[   13.208229] Segment Routing with IPv6
[   13.208250] NET: Registered protocol family 17
[   13.208285] Key type dns_resolver registered
[   13.208528] RAS: Correctable Errors collector initialized.
[   13.208558] microcode: sig=0x40651, pf=0x40, revision=0x10
[   13.208596] microcode: Microcode Update Driver: v2.2.
[   13.208604] sched_clock: Marking stable (13208592683, 0)->(13303294515, -94701832)
[   13.208757] registered taskstats version 1
[   13.208765] Loading compiled-in X.509 certificates
[   13.210918] Loaded X.509 cert 'Build time autogenerated kernel key: 4aee65b4d39fde12d88d0b4cba42798c7651a043'
[   13.210942] zswap: loaded using pool lzo/zbud
[   13.213972] Key type big_key registered
[   13.213976] Key type trusted registered
[   13.215687] Key type encrypted registered
[   13.215691] AppArmor: AppArmor sha1 policy hashing enabled
[   13.215694] ima: No TPM chip found, activating TPM-bypass! (rc=-19)
[   13.215714] evm: HMAC attrs: 0x1
[   13.216394]   Magic number: 2:168:89
[   13.216515] rtc_cmos 00:01: setting system clock to 2018-05-10 18:03:22 UTC (1525975402)
[   13.216574] BIOS EDD facility v0.16 2004-Jun-25, 0 devices found
[   13.216575] EDD information not available.
[   13.219044] Freeing unused kernel memory: 2400K
[   13.219045] Write protecting the kernel read-only data: 20480k
[   13.219519] Freeing unused kernel memory: 2008K
[   13.223609] Freeing unused kernel memory: 1908K
[   13.229516] x86/mm: Checked W+X mappings: passed, no W+X pages found.
[   13.229516] x86/mm: Checking user space page tables
[   13.235257] x86/mm: Checked W+X mappings: passed, no W+X pages found.
[   13.336179] wmi_bus wmi_bus-PNP0C14:00: WQBC data block query control method not found
[   13.336206] wmi_bus wmi_bus-PNP0C14:00: WQBJ data block query control method not found
[   13.505428] ahci 0000:00:1f.2: version 3.0
[   13.509363] r8169 Gigabit Ethernet driver 2.3LK-NAPI loaded
[   13.509372] r8169 0000:09:00.0: can't disable ASPM; OS doesn't have ASPM control
[   13.515774] ahci 0000:00:1f.2: AHCI 0001.0300 32 slots 4 ports 6 Gbps 0x3 impl SATA mode
[   13.515780] ahci 0000:00:1f.2: flags: 64bit ncq pm led clo only pio slum part deso sadm sds apst 
[   13.518500] scsi host0: ahci
[   13.518937] scsi host1: ahci
[   13.519046] scsi host2: ahci
[   13.519140] scsi host3: ahci
[   13.519193] ata1: SATA max UDMA/133 abar m2048@0xc271b000 port 0xc271b100 irq 41
[   13.519196] ata2: SATA max UDMA/133 abar m2048@0xc271b000 port 0xc271b180 irq 41
[   13.519197] ata3: DUMMY
[   13.519198] ata4: DUMMY
[   13.520018] usb 2-3: new high-speed USB device number 2 using xhci_hcd
[   13.521002] r8169 0000:09:00.0 eth0: RTL8106e at 0x        (ptrval), a0:48:1c:01:90:d5, XID 10900800 IRQ 42
[   13.522129] r8169 0000:09:00.0 eno1: renamed from eth0
[   13.524016] usb 1-1: new high-speed USB device number 2 using ehci-pci
[   13.680401] usb 1-1: New USB device found, idVendor=8087, idProduct=8000
[   13.680404] usb 1-1: New USB device strings: Mfr=0, Product=0, SerialNumber=0
[   13.680691] hub 1-1:1.0: USB hub found
[   13.680777] hub 1-1:1.0: 8 ports detected
[   13.712968] usb 2-3: New USB device found, idVendor=05c8, idProduct=0361
[   13.712971] usb 2-3: New USB device strings: Mfr=1, Product=2, SerialNumber=0
[   13.712974] usb 2-3: Product: HP Truevision HD
[   13.712976] usb 2-3: Manufacturer: SunplusIT INC.
[   13.834176] ata1: SATA link up 3.0 Gbps (SStatus 123 SControl 300)
[   13.834193] ata2: SATA link up 1.5 Gbps (SStatus 113 SControl 300)
[   13.837703] ata2.00: ATAPI: hp       DVD-RAM UJ8DB, H.02, max UDMA/100
[   13.840161] ata2.00: configured for UDMA/100
[   13.840605] ata1.00: ATA-9: ST1000LM024 HN-M101MBB, 2AR20002, max UDMA/133
[   13.840607] ata1.00: 1953525168 sectors, multi 0: LBA48 NCQ (depth 31/32), AA
[   13.842053] [drm] radeon kernel modesetting enabled.
[   13.842071] vga_switcheroo: detected switching method \_SB_.PCI0.GFX0.ATPX handle
[   13.842209] ATPX version 1, functions 0x00000033
[   13.842354] checking generic (b0000000 410000) vs hw (a0000000 10000000)
[   13.842400] radeon 0000:0a:00.0: enabling device (0000 -> 0003)
[   13.842575] [drm] initializing kernel modesetting (HAINAN 0x1002:0x6660 0x103C:0x2164 0x00).
[   13.908039] usb 2-7: new high-speed USB device number 3 using xhci_hcd
[   13.973419] ata1.00: configured for UDMA/133
[   13.973600] scsi 0:0:0:0: Direct-Access     ATA      ST1000LM024 HN-M 0002 PQ: 0 ANSI: 5
[   13.973898] sd 0:0:0:0: [sda] 1953525168 512-byte logical blocks: (1.00 TB/932 GiB)
[   13.973901] sd 0:0:0:0: [sda] 4096-byte physical blocks
[   13.973911] sd 0:0:0:0: [sda] Write Protect is off
[   13.973914] sd 0:0:0:0: [sda] Mode Sense: 00 3a 00 00
[   13.973929] sd 0:0:0:0: [sda] Write cache: enabled, read cache: enabled, doesn't support DPO or FUA
[   13.974048] sd 0:0:0:0: Attached scsi generic sg0 type 0
[   13.976717] scsi 1:0:0:0: CD-ROM            hp       DVD-RAM UJ8DB    H.02 PQ: 0 ANSI: 5
[   13.977036] checking generic (b0000000 410000) vs hw (b0000000 10000000)
[   13.977038] fb: switching to inteldrmfb from EFI VGA
[   13.977064] Console: switching to colour dummy device 80x25
[   13.977256] [drm] Replacing VGA console driver
[   13.978507] random: fast init done
[   13.985674] [drm] Supports vblank timestamp caching Rev 2 (21.10.2013).
[   13.985675] [drm] Driver supports precise vblank timestamp query.
[   13.986008] vga_switcheroo: enabled
[   13.986018] i915 0000:00:02.0: vgaarb: changed VGA decodes: olddecodes=io+mem,decodes=io+mem:owns=io+mem
[   13.988006] ATOM BIOS: HP/Quanta
[   13.988016] [drm] GPU not posted. posting now...
[   13.992433] radeon 0000:0a:00.0: VRAM: 1024M 0x0000000000000000 - 0x000000003FFFFFFF (1024M used)
[   13.992435] radeon 0000:0a:00.0: GTT: 2048M 0x0000000040000000 - 0x00000000BFFFFFFF
[   13.992440] [drm] Detected VRAM RAM=1024M, BAR=256M
[   13.992441] [drm] RAM width 64bits DDR
[   13.992489] [TTM] Zone  kernel: Available graphics memory: 1905588 kiB
[   13.992490] [TTM] Initializing pool allocator
[   13.992495] [TTM] Initializing DMA pool allocator
[   13.992517] [drm] radeon: 1024M of VRAM memory ready
[   13.992518] [drm] radeon: 2048M of GTT memory ready.
[   13.992533] [drm] Loading hainan Microcode
[   13.992656] [drm] Internal thermal controller without fan control
[   13.992731] [drm] probing gen 2 caps for device 8086:9c18 = 5323c42/0
[   14.001630] [drm] radeon: dpm initialized
[   14.001634] [drm] GART: num cpu pages 524288, num gpu pages 524288
[   14.002926] [drm] probing gen 2 caps for device 8086:9c18 = 5323c42/0
[   14.002930] [drm] PCIE gen 2 link speeds already enabled
[   14.011912] [drm] PCIE GART of 2048M enabled (table at 0x0000000000040000).
[   14.012137] radeon 0000:0a:00.0: WB enabled
[   14.012140] radeon 0000:0a:00.0: fence driver on ring 0 use gpu addr 0x0000000040000c00 and cpu addr 0x        (ptrval)
[   14.012142] radeon 0000:0a:00.0: fence driver on ring 1 use gpu addr 0x0000000040000c04 and cpu addr 0x        (ptrval)
[   14.012143] radeon 0000:0a:00.0: fence driver on ring 2 use gpu addr 0x0000000040000c08 and cpu addr 0x        (ptrval)
[   14.012145] radeon 0000:0a:00.0: fence driver on ring 3 use gpu addr 0x0000000040000c0c and cpu addr 0x        (ptrval)
[   14.012146] radeon 0000:0a:00.0: fence driver on ring 4 use gpu addr 0x0000000040000c10 and cpu addr 0x        (ptrval)
[   14.012147] [drm] Supports vblank timestamp caching Rev 2 (21.10.2013).
[   14.012148] [drm] Driver supports precise vblank timestamp query.
[   14.012149] radeon 0000:0a:00.0: radeon: MSI limited to 32-bit
[   14.012192] radeon 0000:0a:00.0: radeon: using MSI.
[   14.012216] [drm] radeon: irq initialized.
[   14.057130] usb 2-7: New USB device found, idVendor=0e8d, idProduct=763f
[   14.057132] usb 2-7: New USB device strings: Mfr=1, Product=2, SerialNumber=3
[   14.057133] usb 2-7: Product: BT
[   14.057135] usb 2-7: Manufacturer: MediaTek
[   14.057136] usb 2-7: SerialNumber: 1.0
[   14.144023] tsc: Refined TSC clocksource calibration: 2294.686 MHz
[   14.144029] clocksource: tsc: mask: 0xffffffffffffffff max_cycles: 0x211399552f8, max_idle_ns: 440795292447 ns
[   14.248079] clocksource: Switched to clocksource tsc
[   14.248162] [drm] ring test on 0 succeeded in 0 usecs
[   14.248168] [drm] ring test on 1 succeeded in 1 usecs
[   14.248174] [drm] ring test on 2 succeeded in 1 usecs
[   14.248193] [drm] ring test on 3 succeeded in 4 usecs
[   14.248200] [drm] ring test on 4 succeeded in 4 usecs
[   14.248449] [drm] ib test on ring 0 succeeded in 0 usecs
[   14.248507] [drm] ib test on ring 1 succeeded in 0 usecs
[   14.248563] [drm] ib test on ring 2 succeeded in 0 usecs
[   14.248606] [drm] ib test on ring 3 succeeded in 0 usecs
[   14.248647] [drm] ib test on ring 4 succeeded in 0 usecs
[   14.250176] [drm] Radeon Display Connectors
[   14.252938] [drm] Initialized radeon 2.50.0 20080528 for 0000:0a:00.0 on minor 0
[   14.253295] [drm] Initialized i915 1.6.0 20171222 for 0000:00:02.0 on minor 1
[   14.253618] [Firmware Bug]: ACPI(PEGP) defines _DOD but not _DOS
[   14.258636] ACPI: Video Device [PEGP] (multi-head: yes  rom: no  post: no)
[   14.258643] ACPI BIOS Error (bug): Failure looking up [\_SB.PCI0.GFX0.DD02._BCL], AE_NOT_FOUND (20180105/psargs-364)
[   14.258656] No Local Variables are initialized for Method [_BCL]
[   14.258658] No Arguments are initialized for method [_BCL]
[   14.258660] ACPI Error: Method parse/execution failed \_SB.PCI0.RP05.PEGP.DD02._BCL, AE_NOT_FOUND (20180105/psparse-550)
[   14.258871] input: Video Bus as /devices/LNXSYSTM:00/LNXSYBUS:00/PNP0A08:00/device:18/LNXVIDEO:00/input/input7
[   14.260495] ACPI: Video Device [GFX0] (multi-head: yes  rom: no  post: no)
[   14.260784] input: Video Bus as /devices/LNXSYSTM:00/LNXSYBUS:00/PNP0A08:00/LNXVIDEO:01/input/input8
[   14.264872] sr 1:0:0:0: [sr0] scsi3-mmc drive: 24x/24x writer dvd-ram cd/rw xa/form2 cdda tray
[   14.264875] cdrom: Uniform CD-ROM driver Revision: 3.20
[   14.264878] fbcon: inteldrmfb (fb0) is primary device
[   14.265026] sr 1:0:0:0: Attached scsi CD-ROM sr0
[   14.265109] sr 1:0:0:0: Attached scsi generic sg1 type 5
[   14.331884]  sda: sda1 sda2 sda3 sda4 sda5 sda6 sda7 sda8 sda9
[   14.332448] sd 0:0:0:0: [sda] Attached SCSI disk
[   14.934583] [drm] amdgpu kernel modesetting enabled.
[   14.934603] vga_switcheroo: detected switching method \_SB_.PCI0.GFX0.ATPX handle
[   14.934744] ATPX version 1, functions 0x00000033
[   15.047981] psmouse serio1: synaptics: queried max coordinates: x [..5696], y [..4884]
[   15.083371] psmouse serio1: synaptics: queried min coordinates: x [1276..], y [1044..]
[   15.152095] psmouse serio1: synaptics: Touchpad model: 1, fw: 7.5, id: 0x1c0b1, caps: 0xf00133/0x240000/0xa2400/0x0, board id: 2665, fw id: 1458825
[   15.195641] input: SynPS/2 Synaptics TouchPad as /devices/platform/i8042/serio1/input/input6
[   15.423273] Console: switching to colour frame buffer device 170x48
[   15.449354] i915 0000:00:02.0: fb0: inteldrmfb frame buffer device
[   16.875943] EXT4-fs (sda9): mounted filesystem with ordered data mode. Opts: (null)
[   17.895001] random: crng init done
[   18.487781] systemd[1]: systemd 237 running in system mode. (+PAM +AUDIT +SELINUX +IMA +APPARMOR +SMACK +SYSVINIT +UTMP +LIBCRYPTSETUP +GCRYPT +GNUTLS +ACL +XZ +LZ4 +SECCOMP +BLKID +ELFUTILS +KMOD -IDN2 +IDN -PCRE2 default-hierarchy=hybrid)
[   18.504206] systemd[1]: Detected architecture x86-64.
[   18.517467] systemd[1]: Set hostname to <nishad>.
[   19.848535] systemd[1]: Reached target User and Group Name Lookups.
[   19.848816] systemd[1]: Created slice System Slice.
[   19.848890] systemd[1]: Listening on udev Kernel Socket.
[   19.848967] systemd[1]: Listening on Journal Socket (/dev/log).
[   19.849031] systemd[1]: Listening on fsck to fsckd communication Socket.
[   19.849132] systemd[1]: Created slice system-systemd\x2dfsck.slice.
[   19.849184] systemd[1]: Listening on udev Control Socket.
[   21.273717] EXT4-fs (sda9): re-mounted. Opts: errors=remount-ro
[   21.851317] lp: driver loaded but no devices found
[   21.995896] ppdev: user-space parallel port driver
[   22.002101] systemd-journald[279]: Received request to flush runtime journal from PID 1
[   29.582013] shpchp: Standard Hot Plug PCI Controller Driver version: 0.4
[   29.614467] input: HP Wireless hotkeys as /devices/virtual/input/input9
[   30.258773] hp_wmi: query 0xd returned error 0x5
[   30.258819] input: HP WMI hotkeys as /devices/virtual/input/input10
[   30.514898] media: Linux media interface: v0.10
[   30.644579] hp_accel: laptop model unknown, using default axes configuration
[   30.656442] lis3lv02d: 8 bits 3DC sensor found
[   30.708104] input: ST LIS3LV02DL Accelerometer as /devices/platform/lis3lv02d/input/input11
[   31.800974] RAPL PMU: API unit is 2^-32 Joules, 4 fixed counters, 655360 ms ovfl timer
[   31.800976] RAPL PMU: hw unit of domain pp0-core 2^-14 Joules
[   31.800977] RAPL PMU: hw unit of domain package 2^-14 Joules
[   31.800977] RAPL PMU: hw unit of domain dram 2^-14 Joules
[   31.800978] RAPL PMU: hw unit of domain pp1-gpu 2^-14 Joules
[   32.136157] Linux video capture interface: v2.00
[   32.513058] cryptd: max_cpu_qlen set to 1000
[   32.620542] Bluetooth: Core ver 2.22
[   32.620562] NET: Registered protocol family 31
[   32.620563] Bluetooth: HCI device and connection manager initialized
[   32.620568] Bluetooth: HCI socket layer initialized
[   32.620570] Bluetooth: L2CAP socket layer initialized
[   32.620576] Bluetooth: SCO socket layer initialized
[   32.651982] uvcvideo: Found UVC 1.00 device HP Truevision HD (05c8:0361)
[   32.660689] uvcvideo 2-3:1.0: Entity type for entity Extension 4 was not initialized!
[   32.660691] uvcvideo 2-3:1.0: Entity type for entity Extension 3 was not initialized!
[   32.660693] uvcvideo 2-3:1.0: Entity type for entity Processing 2 was not initialized!
[   32.660695] uvcvideo 2-3:1.0: Entity type for entity Camera 1 was not initialized!
[   32.660777] input: HP Truevision HD: HP Truevision as /devices/pci0000:00/0000:00:14.0/usb2/2-3/2-3:1.0/input/input12
[   32.660846] usbcore: registered new interface driver uvcvideo
[   32.660846] USB Video Class driver (1.1.1)
[   32.691283] AVX2 version of gcm_enc/dec engaged.
[   32.691284] AES CTR mode by8 optimization enabled
[   32.790102] usbcore: registered new interface driver btusb
[   32.986270] Bluetooth: hci0: last event is not cmd complete (0x0f)
[   33.732490] snd_hda_intel 0000:00:03.0: bound 0000:00:02.0 (ops i915_audio_component_bind_ops [i915])
[   33.916855] snd_hda_codec_realtek hdaudioC1D0: autoconfig for ALC3227: line_outs=1 (0x14/0x0/0x0/0x0/0x0) type:speaker
[   33.916858] snd_hda_codec_realtek hdaudioC1D0:    speaker_outs=0 (0x0/0x0/0x0/0x0/0x0)
[   33.916860] snd_hda_codec_realtek hdaudioC1D0:    hp_outs=1 (0x21/0x0/0x0/0x0/0x0)
[   33.916861] snd_hda_codec_realtek hdaudioC1D0:    mono: mono_out=0x0
[   33.916862] snd_hda_codec_realtek hdaudioC1D0:    inputs:
[   33.916863] snd_hda_codec_realtek hdaudioC1D0:      Mic=0x19
[   33.916865] snd_hda_codec_realtek hdaudioC1D0:      Internal Mic=0x12
[   33.926184] input: HDA Intel PCH Mic as /devices/pci0000:00/0000:00:1b.0/sound/card1/input13
[   33.926264] input: HDA Intel PCH Headphone as /devices/pci0000:00/0000:00:1b.0/sound/card1/input14
[   33.948320] input: HDA Intel HDMI HDMI/DP,pcm=3 as /devices/pci0000:00/0000:00:03.0/sound/card0/input15
[   33.948365] input: HDA Intel HDMI HDMI/DP,pcm=7 as /devices/pci0000:00/0000:00:03.0/sound/card0/input16
[   33.948406] input: HDA Intel HDMI HDMI/DP,pcm=8 as /devices/pci0000:00/0000:00:03.0/sound/card0/input17
[   33.948445] input: HDA Intel HDMI HDMI/DP,pcm=9 as /devices/pci0000:00/0000:00:03.0/sound/card0/input18
[   33.948483] input: HDA Intel HDMI HDMI/DP,pcm=10 as /devices/pci0000:00/0000:00:03.0/sound/card0/input19
[   34.016163] [drm] probing gen 2 caps for device 8086:9c18 = 5323c42/0
[   34.016167] [drm] PCIE gen 2 link speeds already enabled
[   34.027553] [drm] PCIE GART of 2048M enabled (table at 0x0000000000040000).
[   34.027765] radeon 0000:0a:00.0: WB enabled
[   34.027771] radeon 0000:0a:00.0: fence driver on ring 0 use gpu addr 0x0000000040000c00 and cpu addr 0x000000001005b017
[   34.027775] radeon 0000:0a:00.0: fence driver on ring 1 use gpu addr 0x0000000040000c04 and cpu addr 0x00000000a1aba87a
[   34.027779] radeon 0000:0a:00.0: fence driver on ring 2 use gpu addr 0x0000000040000c08 and cpu addr 0x00000000051ca23e
[   34.027783] radeon 0000:0a:00.0: fence driver on ring 3 use gpu addr 0x0000000040000c0c and cpu addr 0x000000005fda4c58
[   34.027786] radeon 0000:0a:00.0: fence driver on ring 4 use gpu addr 0x0000000040000c10 and cpu addr 0x00000000c35e5bc0
[   34.263287] [drm] ring test on 0 succeeded in 1 usecs
[   34.263292] [drm] ring test on 1 succeeded in 1 usecs
[   34.263297] [drm] ring test on 2 succeeded in 1 usecs
[   34.263306] [drm] ring test on 3 succeeded in 4 usecs
[   34.263312] [drm] ring test on 4 succeeded in 4 usecs
[   34.263367] [drm] ib test on ring 0 succeeded in 0 usecs
[   34.263421] [drm] ib test on ring 1 succeeded in 0 usecs
[   34.263474] [drm] ib test on ring 2 succeeded in 0 usecs
[   34.263488] [drm] ib test on ring 3 succeeded in 0 usecs
[   34.263503] [drm] ib test on ring 4 succeeded in 0 usecs
[   34.668642] kvm: disabled by bios
[   34.709649] kvm: disabled by bios
[   34.745722] kvm: disabled by bios
[   34.781960] kvm: disabled by bios
[   35.593441] intel_rapl: Found RAPL domain package
[   35.593443] intel_rapl: Found RAPL domain core
[   35.593444] intel_rapl: Found RAPL domain uncore
[   35.593445] intel_rapl: Found RAPL domain dram
[   35.593447] intel_rapl: RAPL package 0 domain package locked by BIOS
[   42.088192] Adding 8000508k swap on /dev/sda8.  Priority:-2 extents:1 across:8000508k FS
[   44.725710] audit: type=1400 audit(1525975434.003:2): apparmor="STATUS" operation="profile_load" profile="unconfined" name="/usr/bin/man" pid=771 comm="apparmor_parser"
[   44.725715] audit: type=1400 audit(1525975434.003:3): apparmor="STATUS" operation="profile_load" profile="unconfined" name="man_filter" pid=771 comm="apparmor_parser"
[   44.725718] audit: type=1400 audit(1525975434.003:4): apparmor="STATUS" operation="profile_load" profile="unconfined" name="man_groff" pid=771 comm="apparmor_parser"
[   44.726405] audit: type=1400 audit(1525975434.003:5): apparmor="STATUS" operation="profile_load" profile="unconfined" name="/sbin/dhclient" pid=767 comm="apparmor_parser"
[   44.726410] audit: type=1400 audit(1525975434.003:6): apparmor="STATUS" operation="profile_load" profile="unconfined" name="/usr/lib/NetworkManager/nm-dhcp-client.action" pid=767 comm="apparmor_parser"
[   44.726413] audit: type=1400 audit(1525975434.003:7): apparmor="STATUS" operation="profile_load" profile="unconfined" name="/usr/lib/NetworkManager/nm-dhcp-helper" pid=767 comm="apparmor_parser"
[   44.726417] audit: type=1400 audit(1525975434.003:8): apparmor="STATUS" operation="profile_load" profile="unconfined" name="/usr/lib/connman/scripts/dhclient-script" pid=767 comm="apparmor_parser"
[   44.757773] audit: type=1400 audit(1525975434.035:9): apparmor="STATUS" operation="profile_load" profile="unconfined" name="libreoffice-oopslash" pid=772 comm="apparmor_parser"
[   44.795786] audit: type=1400 audit(1525975434.071:10): apparmor="STATUS" operation="profile_load" profile="unconfined" name="libreoffice-senddoc" pid=773 comm="apparmor_parser"
[   44.795792] audit: type=1400 audit(1525975434.071:11): apparmor="STATUS" operation="profile_load" profile="unconfined" name="libreoffice-senddoc//sanitized_helper" pid=773 comm="apparmor_parser"
[   46.645722] Bluetooth: BNEP (Ethernet Emulation) ver 1.3
[   46.645724] Bluetooth: BNEP filters: protocol multicast
[   46.645727] Bluetooth: BNEP socket layer initialized
[   49.664520] [drm] probing gen 2 caps for device 8086:9c18 = 5323c42/0
[   49.664524] [drm] PCIE gen 2 link speeds already enabled
[   49.675863] [drm] PCIE GART of 2048M enabled (table at 0x0000000000040000).
[   49.675985] radeon 0000:0a:00.0: WB enabled
[   49.675987] radeon 0000:0a:00.0: fence driver on ring 0 use gpu addr 0x0000000040000c00 and cpu addr 0x000000001005b017
[   49.675989] radeon 0000:0a:00.0: fence driver on ring 1 use gpu addr 0x0000000040000c04 and cpu addr 0x00000000a1aba87a
[   49.675990] radeon 0000:0a:00.0: fence driver on ring 2 use gpu addr 0x0000000040000c08 and cpu addr 0x00000000051ca23e
[   49.675992] radeon 0000:0a:00.0: fence driver on ring 3 use gpu addr 0x0000000040000c0c and cpu addr 0x000000005fda4c58
[   49.675993] radeon 0000:0a:00.0: fence driver on ring 4 use gpu addr 0x0000000040000c10 and cpu addr 0x00000000c35e5bc0
[   49.910995] [drm] ring test on 0 succeeded in 1 usecs
[   49.911002] [drm] ring test on 1 succeeded in 1 usecs
[   49.911008] [drm] ring test on 2 succeeded in 1 usecs
[   49.911017] [drm] ring test on 3 succeeded in 4 usecs
[   49.911024] [drm] ring test on 4 succeeded in 4 usecs
[   49.911058] [drm] ib test on ring 0 succeeded in 0 usecs
[   49.911085] [drm] ib test on ring 1 succeeded in 0 usecs
[   49.911109] [drm] ib test on ring 2 succeeded in 0 usecs
[   49.911124] [drm] ib test on ring 3 succeeded in 0 usecs
[   49.911143] [drm] ib test on ring 4 succeeded in 0 usecs
[   53.045756] IPv6: ADDRCONF(NETDEV_UP): eno1: link is not ready
[   53.146154] r8169 0000:09:00.0 eno1: link down
[   53.146242] IPv6: ADDRCONF(NETDEV_UP): eno1: link is not ready
[   65.642464] [drm] probing gen 2 caps for device 8086:9c18 = 5323c42/0
[   65.642469] [drm] PCIE gen 2 link speeds already enabled
[   65.653480] [drm] PCIE GART of 2048M enabled (table at 0x0000000000040000).
[   65.653585] radeon 0000:0a:00.0: WB enabled
[   65.653589] radeon 0000:0a:00.0: fence driver on ring 0 use gpu addr 0x0000000040000c00 and cpu addr 0x000000001005b017
[   65.653590] radeon 0000:0a:00.0: fence driver on ring 1 use gpu addr 0x0000000040000c04 and cpu addr 0x00000000a1aba87a
[   65.653592] radeon 0000:0a:00.0: fence driver on ring 2 use gpu addr 0x0000000040000c08 and cpu addr 0x00000000051ca23e
[   65.653593] radeon 0000:0a:00.0: fence driver on ring 3 use gpu addr 0x0000000040000c0c and cpu addr 0x000000005fda4c58
[   65.653594] radeon 0000:0a:00.0: fence driver on ring 4 use gpu addr 0x0000000040000c10 and cpu addr 0x00000000c35e5bc0
[   65.889913] [drm] ring test on 0 succeeded in 1 usecs
[   65.889919] [drm] ring test on 1 succeeded in 1 usecs
[   65.889924] [drm] ring test on 2 succeeded in 1 usecs
[   65.889933] [drm] ring test on 3 succeeded in 4 usecs
[   65.889940] [drm] ring test on 4 succeeded in 4 usecs
[   65.889991] [drm] ib test on ring 0 succeeded in 0 usecs
[   65.890025] [drm] ib test on ring 1 succeeded in 0 usecs
[   65.890059] [drm] ib test on ring 2 succeeded in 0 usecs
[   65.890073] [drm] ib test on ring 3 succeeded in 0 usecs
[   65.890086] [drm] ib test on ring 4 succeeded in 0 usecs
[   70.009110] rfkill: input handler disabled
