[    0.000000] Linux version 4.17.0-rc5-next-20180517 (nishad@nishad) (gcc version 7.3.0 (Ubuntu 7.3.0-16ubuntu3)) #1 SMP Sat May 19 13:52:28 IST 2018
[    0.000000] Command line: BOOT_IMAGE=/boot/vmlinuz-4.17.0-rc5-next-20180517 root=UUID=1542f4c0-3dd3-4ded-b33a-c155f494d1aa ro quiet splash vt.handoff=1
[    0.000000] KERNEL supported cpus:
[    0.000000]   Intel GenuineIntel
[    0.000000]   AMD AuthenticAMD
[    0.000000]   Centaur CentaurHauls
[    0.000000] x86/fpu: Supporting XSAVE feature 0x001: 'x87 floating point registers'
[    0.000000] x86/fpu: Supporting XSAVE feature 0x002: 'SSE registers'
[    0.000000] x86/fpu: Supporting XSAVE feature 0x004: 'AVX registers'
[    0.000000] x86/fpu: xstate_offset[2]:  576, xstate_sizes[2]:  256
[    0.000000] x86/fpu: Enabled xstate features 0x7, context size is 832 bytes, using 'standard' format.
[    0.000000] BIOS-provided physical RAM map:
[    0.000000] BIOS-e820: [mem 0x0000000000000000-0x000000000006efff] usable
[    0.000000] BIOS-e820: [mem 0x000000000006f000-0x000000000006ffff] reserved
[    0.000000] BIOS-e820: [mem 0x0000000000070000-0x0000000000087fff] usable
[    0.000000] BIOS-e820: [mem 0x0000000000088000-0x00000000000bffff] reserved
[    0.000000] BIOS-e820: [mem 0x0000000000100000-0x000000009299efff] usable
[    0.000000] BIOS-e820: [mem 0x000000009299f000-0x0000000092b9efff] type 20
[    0.000000] BIOS-e820: [mem 0x0000000092b9f000-0x0000000092eaefff] reserved
[    0.000000] BIOS-e820: [mem 0x0000000092eaf000-0x0000000092faefff] ACPI NVS
[    0.000000] BIOS-e820: [mem 0x0000000092faf000-0x0000000092ffefff] ACPI data
[    0.000000] BIOS-e820: [mem 0x0000000092fff000-0x0000000092ffffff] usable
[    0.000000] BIOS-e820: [mem 0x0000000093000000-0x000000009f9fffff] reserved
[    0.000000] BIOS-e820: [mem 0x00000000e0000000-0x00000000efffffff] reserved
[    0.000000] BIOS-e820: [mem 0x00000000fe101000-0x00000000fe112fff] reserved
[    0.000000] BIOS-e820: [mem 0x00000000feb00000-0x00000000feb0ffff] reserved
[    0.000000] BIOS-e820: [mem 0x00000000fec00000-0x00000000fec00fff] reserved
[    0.000000] BIOS-e820: [mem 0x00000000fed00000-0x00000000fee00fff] reserved
[    0.000000] BIOS-e820: [mem 0x00000000ffc00000-0x00000000ffffffff] reserved
[    0.000000] BIOS-e820: [mem 0x0000000100000000-0x000000015f5fffff] usable
[    0.000000] NX (Execute Disable) protection: active
[    0.000000] efi: EFI v2.31 by INSYDE Corp.
[    0.000000] efi:  ACPI=0x92ffe000  ACPI 2.0=0x92ffe014  SMBIOS=0x92eaef98 
[    0.000000] SMBIOS 2.7 present.
[    0.000000] DMI: Hewlett-Packard HP Pavilion 15 Notebook PC/2164, BIOS F.04 07/03/2013
[    0.000000] e820: update [mem 0x00000000-0x00000fff] usable ==> reserved
[    0.000000] e820: remove [mem 0x000a0000-0x000fffff] usable
[    0.000000] last_pfn = 0x15f600 max_arch_pfn = 0x400000000
[    0.000000] MTRR default type: uncachable
[    0.000000] MTRR fixed ranges enabled:
[    0.000000]   00000-9FFFF write-back
[    0.000000]   A0000-BFFFF uncachable
[    0.000000]   C0000-E7FFF write-protect
[    0.000000]   E8000-EFFFF write-combining
[    0.000000]   F0000-FFFFF write-protect
[    0.000000] MTRR variable ranges enabled:
[    0.000000]   0 base 0000000000 mask 7F80000000 write-back
[    0.000000]   1 base 0080000000 mask 7FF0000000 write-back
[    0.000000]   2 base 0090000000 mask 7FFE000000 write-back
[    0.000000]   3 base 0092000000 mask 7FFF000000 write-back
[    0.000000]   4 base 00FFC00000 mask 7FFFC00000 write-protect
[    0.000000]   5 base 0100000000 mask 7F80000000 write-back
[    0.000000]   6 base 015F600000 mask 7FFFE00000 uncachable
[    0.000000]   7 base 015F800000 mask 7FFF800000 uncachable
[    0.000000]   8 base 0160000000 mask 7FE0000000 uncachable
[    0.000000]   9 disabled
[    0.000000] x86/PAT: Configuration [0-7]: WB  WC  UC- UC  WB  WP  UC- WT  
[    0.000000] last_pfn = 0x93000 max_arch_pfn = 0x400000000
[    0.000000] Scanning 1 areas for low memory corruption
[    0.000000] Base memory trampoline at [(____ptrval____)] 7c000 size 24576
[    0.000000] Using GB pages for direct mapping
[    0.000000] BRK [0x58b58000, 0x58b58fff] PGTABLE
[    0.000000] BRK [0x58b59000, 0x58b59fff] PGTABLE
[    0.000000] BRK [0x58b5a000, 0x58b5afff] PGTABLE
[    0.000000] BRK [0x58b5b000, 0x58b5bfff] PGTABLE
[    0.000000] BRK [0x58b5c000, 0x58b5cfff] PGTABLE
[    0.000000] BRK [0x58b5d000, 0x58b5dfff] PGTABLE
[    0.000000] Secure boot could not be determined
[    0.000000] RAMDISK: [mem 0x03e7d000-0x25d3bfff]
[    0.000000] ACPI: Early table checksum verification disabled
[    0.000000] ACPI: RSDP 0x0000000092FFE014 000024 (v02 HPQOEM)
[    0.000000] ACPI: XSDT 0x0000000092FFE210 0000B4 (v01 HPQOEM SLIC-MPC 00000001 HP   01000013)
[    0.000000] ACPI: FACP 0x0000000092FF8000 00010C (v05 HPQOEM SLIC-MPC 00000001 HP   00040000)
[    0.000000] ACPI: DSDT 0x0000000092FE5000 00FD7A (v01 HPQOEM 2164     00000000 ACPI 00040000)
[    0.000000] ACPI: FACS 0x0000000092FAA000 000040
[    0.000000] ACPI: UEFI 0x0000000092FFD000 000236 (v01 HPQOEM 2164     00000001 HP   00040000)
[    0.000000] ACPI: FPDT 0x0000000092FFB000 000044 (v01 HPQOEM 2164     00000001 HP   00040000)
[    0.000000] ACPI: MSDM 0x0000000092FFA000 000055 (v03 HPQOEM SLIC-MPC 00000001 HP   00040000)
[    0.000000] ACPI: ASF! 0x0000000092FF9000 0000A5 (v32 HPQOEM 2164     00000001 HP   00040000)
[    0.000000] ACPI: HPET 0x0000000092FF7000 000038 (v01 HPQOEM 2164     00000001 HP   00040000)
[    0.000000] ACPI: APIC 0x0000000092FF6000 00008C (v03 HPQOEM 2164     00000001 HP   00040000)
[    0.000000] ACPI: MCFG 0x0000000092FF5000 00003C (v01 HPQOEM 2164     00000001 HP   00040000)
[    0.000000] ACPI: SSDT 0x0000000092FE3000 0010BF (v01 HPQOEM 2164     00001000 ACPI 00040000)
[    0.000000] ACPI: BOOT 0x0000000092FE1000 000028 (v01 HPQOEM 2164     00000001 HP   00040000)
[    0.000000] ACPI: ASPT 0x0000000092FDF000 000034 (v07 HPQOEM 2164     00000001 HP   00040000)
[    0.000000] ACPI: DBGP 0x0000000092FDE000 000034 (v01 HPQOEM 2164     00000001 HP   00040000)
[    0.000000] ACPI: SSDT 0x0000000092FDD000 000539 (v01 HPQOEM 2164     00003000 ACPI 00040000)
[    0.000000] ACPI: SSDT 0x0000000092FDC000 000AD8 (v01 HPQOEM 2164     00003000 ACPI 00040000)
[    0.000000] ACPI: SSDT 0x0000000092FD8000 0032C2 (v01 HPQOEM 2164     00003000 ACPI 00040000)
[    0.000000] ACPI: SSDT 0x0000000092FD3000 002066 (v01 HPQOEM 2164     00001000 ACPI 00040000)
[    0.000000] ACPI: BGRT 0x0000000092FD7000 000038 (v01 HPQOEM 2164     00000001 HP   00040000)
[    0.000000] ACPI: DMAR 0x0000000092FD6000 000088 (v01 HPQOEM 2164     00000001 HP   00040000)
[    0.000000] ACPI: Local APIC address 0xfee00000
[    0.000000] No NUMA configuration found
[    0.000000] Faking a node at [mem 0x0000000000000000-0x000000015f5fffff]
[    0.000000] NODE_DATA(0) allocated [mem 0x15f5d3000-0x15f5fdfff]
[    0.000000] tsc: Fast TSC calibration using PIT
[    0.000000] Zone ranges:
[    0.000000]   DMA      [mem 0x0000000000001000-0x0000000000ffffff]
[    0.000000]   DMA32    [mem 0x0000000001000000-0x00000000ffffffff]
[    0.000000]   Normal   [mem 0x0000000100000000-0x000000015f5fffff]
[    0.000000]   Device   empty
[    0.000000] Movable zone start for each node
[    0.000000] Early memory node ranges
[    0.000000]   node   0: [mem 0x0000000000001000-0x000000000006efff]
[    0.000000]   node   0: [mem 0x0000000000070000-0x0000000000087fff]
[    0.000000]   node   0: [mem 0x0000000000100000-0x000000009299efff]
[    0.000000]   node   0: [mem 0x0000000092fff000-0x0000000092ffffff]
[    0.000000]   node   0: [mem 0x0000000100000000-0x000000015f5fffff]
[    0.000000] Initmem setup node 0 [mem 0x0000000000001000-0x000000015f5fffff]
[    0.000000] On node 0 totalpages: 991014
[    0.000000]   DMA zone: 64 pages used for memmap
[    0.000000]   DMA zone: 23 pages reserved
[    0.000000]   DMA zone: 3974 pages, LIFO batch:0
[    0.000000]   DMA32 zone: 9319 pages used for memmap
[    0.000000]   DMA32 zone: 596384 pages, LIFO batch:31
[    0.000000]   Normal zone: 6104 pages used for memmap
[    0.000000]   Normal zone: 390656 pages, LIFO batch:31
[    0.000000] Reserved but unavailable: 99 pages
[    0.000000] Reserving Intel graphics memory at [mem 0x9da00000-0x9f9fffff]
[    0.000000] ACPI: PM-Timer IO Port: 0x1808
[    0.000000] ACPI: Local APIC address 0xfee00000
[    0.000000] IOAPIC[0]: apic_id 2, version 32, address 0xfec00000, GSI 0-39
[    0.000000] ACPI: INT_SRC_OVR (bus 0 bus_irq 0 global_irq 2 dfl dfl)
[    0.000000] ACPI: INT_SRC_OVR (bus 0 bus_irq 9 global_irq 9 high level)
[    0.000000] ACPI: IRQ0 used by override.
[    0.000000] ACPI: IRQ9 used by override.
[    0.000000] Using ACPI (MADT) for SMP configuration information
[    0.000000] ACPI: HPET id: 0x8086a201 base: 0xfed00000
[    0.000000] [Firmware Bug]: TSC_DEADLINE disabled due to Errata; please update microcode to version: 0x20 (or later)
[    0.000000] smpboot: Allowing 8 CPUs, 4 hotplug CPUs
[    0.000000] PM: Registered nosave memory: [mem 0x00000000-0x00000fff]
[    0.000000] PM: Registered nosave memory: [mem 0x0006f000-0x0006ffff]
[    0.000000] PM: Registered nosave memory: [mem 0x00088000-0x000bffff]
[    0.000000] PM: Registered nosave memory: [mem 0x000c0000-0x000fffff]
[    0.000000] PM: Registered nosave memory: [mem 0x9299f000-0x92b9efff]
[    0.000000] PM: Registered nosave memory: [mem 0x92b9f000-0x92eaefff]
[    0.000000] PM: Registered nosave memory: [mem 0x92eaf000-0x92faefff]
[    0.000000] PM: Registered nosave memory: [mem 0x92faf000-0x92ffefff]
[    0.000000] PM: Registered nosave memory: [mem 0x93000000-0x9f9fffff]
[    0.000000] PM: Registered nosave memory: [mem 0x9fa00000-0xdfffffff]
[    0.000000] PM: Registered nosave memory: [mem 0xe0000000-0xefffffff]
[    0.000000] PM: Registered nosave memory: [mem 0xf0000000-0xfe100fff]
[    0.000000] PM: Registered nosave memory: [mem 0xfe101000-0xfe112fff]
[    0.000000] PM: Registered nosave memory: [mem 0xfe113000-0xfeafffff]
[    0.000000] PM: Registered nosave memory: [mem 0xfeb00000-0xfeb0ffff]
[    0.000000] PM: Registered nosave memory: [mem 0xfeb10000-0xfebfffff]
[    0.000000] PM: Registered nosave memory: [mem 0xfec00000-0xfec00fff]
[    0.000000] PM: Registered nosave memory: [mem 0xfec01000-0xfecfffff]
[    0.000000] PM: Registered nosave memory: [mem 0xfed00000-0xfee00fff]
[    0.000000] PM: Registered nosave memory: [mem 0xfee01000-0xffbfffff]
[    0.000000] PM: Registered nosave memory: [mem 0xffc00000-0xffffffff]
[    0.000000] [mem 0x9fa00000-0xdfffffff] available for PCI devices
[    0.000000] Booting paravirtualized kernel on bare hardware
[    0.000000] clocksource: refined-jiffies: mask: 0xffffffff max_cycles: 0xffffffff, max_idle_ns: 7645519600211568 ns
[    0.000000] random: get_random_bytes called from start_kernel+0x99/0x55a with crng_init=0
[    0.000000] setup_percpu: NR_CPUS:8192 nr_cpumask_bits:8 nr_cpu_ids:8 nr_node_ids:1
[    0.000000] percpu: Embedded 46 pages/cpu @(____ptrval____) s151552 r8192 d28672 u262144
[    0.000000] pcpu-alloc: s151552 r8192 d28672 u262144 alloc=1*2097152
[    0.000000] pcpu-alloc: [0] 0 1 2 3 4 5 6 7 
[    0.000000] Built 1 zonelists, mobility grouping on.  Total pages: 975504
[    0.000000] Policy zone: Normal
[    0.000000] Kernel command line: BOOT_IMAGE=/boot/vmlinuz-4.17.0-rc5-next-20180517 root=UUID=1542f4c0-3dd3-4ded-b33a-c155f494d1aa ro quiet splash vt.handoff=1
[    0.000000] Calgary: detecting Calgary via BIOS EBDA area
[    0.000000] Calgary: Unable to locate Rio Grande table in EBDA - bailing!
[    0.000000] ------------[ cut here ]------------
[    0.000000] Your BIOS is broken; DMAR reported at address 0!
               BIOS vendor: Insyde; Ver: F.04; Product Version: 0897100000304100000610100
[    0.000000] WARNING: CPU: 0 PID: 0 at drivers/iommu/dmar.c:848 warn_invalid_dmar.part.11+0x5c/0x70
[    0.000000] Modules linked in:
[    0.000000] CPU: 0 PID: 0 Comm: swapper Not tainted 4.17.0-rc5-next-20180517 #1
[    0.000000] Hardware name: Hewlett-Packard HP Pavilion 15 Notebook PC/2164, BIOS F.04 07/03/2013
[    0.000000] RIP: 0010:warn_invalid_dmar.part.11+0x5c/0x70
[    0.000000] Code: 1e 00 bf 01 00 00 00 49 89 c5 e8 af 04 1e 00 4d 89 f1 4d 89 e8 48 89 c1 4c 89 e2 48 89 de 48 c7 c7 00 d0 35 95 e8 c4 a7 a2 ff <0f> 0b 5b 41 5c 41 5d 41 5e 5d c3 66 0f 1f 84 00 00 00 00 00 e8 8b 
[    0.000000] RSP: 0000:ffffffff95603da0 EFLAGS: 00010086
[    0.000000] RAX: 0000000000000000 RBX: 0000000000000000 RCX: ffffffff95662008
[    0.000000] RDX: 0000000000000001 RSI: 0000000000000092 RDI: 0000000000000047
[    0.000000] RBP: ffffffff95603dc0 R08: 00000000000000a7 R09: 0000000000000004
[    0.000000] R10: ffffffff95603c90 R11: 0000000000000001 R12: ffffffff952ee972
[    0.000000] R13: ffffffff95d57008 R14: ffffffff95d57048 R15: ffffffffff240030
[    0.000000] FS:  0000000000000000(0000) GS:ffff9cd41f200000(0000) knlGS:0000000000000000
[    0.000000] CS:  0010 DS: 0000 ES: 0000 CR0: 0000000080050033
[    0.000000] CR2: ffff9cd41f5ff000 CR3: 000000005840a001 CR4: 00000000000606b0
[    0.000000] Call Trace:
[    0.000000]  dmar_validate_one_drhd+0xab/0xe0
[    0.000000]  dmar_walk_remapping_entries+0xa6/0x1d0
[    0.000000]  detect_intel_iommu+0x66/0xef
[    0.000000]  ? xen_swiotlb_init+0x4e0/0x4e0
[    0.000000]  pci_iommu_alloc+0x55/0x71
[    0.000000]  mem_init+0x1c/0xc3
[    0.000000]  start_kernel+0x2ce/0x55a
[    0.000000]  x86_64_start_reservations+0x24/0x26
[    0.000000]  x86_64_start_kernel+0x74/0x77
[    0.000000]  secondary_startup_64+0xa5/0xb0
[    0.000000] ---[ end trace 16c9d86eeaaa21b6 ]---
[    0.000000] Memory: 3183588K/3964056K available (12300K kernel code, 2578K rwdata, 4316K rodata, 2428K init, 2384K bss, 780468K reserved, 0K cma-reserved)
[    0.000000] SLUB: HWalign=64, Order=0-3, MinObjects=0, CPUs=8, Nodes=1
[    0.000000] Kernel/User page tables isolation: enabled
[    0.000000] ftrace: allocating 40447 entries in 158 pages
[    0.000000] rcu: Hierarchical RCU implementation.
[    0.000000] rcu: 	RCU restricting CPUs from NR_CPUS=8192 to nr_cpu_ids=8.
[    0.000000] 	Tasks RCU enabled.
[    0.000000] rcu: Adjusting geometry for rcu_fanout_leaf=16, nr_cpu_ids=8
[    0.000000] NR_IRQS: 524544, nr_irqs: 760, preallocated irqs: 16
[    0.000000] Console: colour dummy device 80x25
[    0.000000] console [tty0] enabled
[    0.000000] ACPI: Core revision 20180508
[    0.000000] clocksource: hpet: mask: 0xffffffff max_cycles: 0xffffffff, max_idle_ns: 133484882848 ns
[    0.000000] hpet clockevent registered
[    0.000000] APIC: Switch to symmetric I/O mode setup
[    0.000000] DMAR: Host address width 39
[    0.000000] DMAR: DRHD base: 0x00000000000000 flags: 0x1
[    0.000000] DMAR: Parse DMAR table failure.
[    0.000000] ..TIMER: vector=0x30 apic1=0 pin1=2 apic2=-1 pin2=-1
[    0.020000] tsc: Fast TSC calibration using PIT
[    0.024000] tsc: Detected 2294.801 MHz processor
[    0.024000] clocksource: tsc-early: mask: 0xffffffffffffffff max_cycles: 0x211405c8508, max_idle_ns: 440795260715 ns
[    0.024000] Calibrating delay loop (skipped), value calculated using timer frequency.. 4589.60 BogoMIPS (lpj=9179204)
[    0.024000] pid_max: default: 32768 minimum: 301
[    0.032052] Security Framework initialized
[    0.032054] Yama: becoming mindful.
[    0.032083] AppArmor: AppArmor initialized
[    0.032917] Dentry cache hash table entries: 524288 (order: 10, 4194304 bytes)
[    0.033379] Inode-cache hash table entries: 262144 (order: 9, 2097152 bytes)
[    0.033412] Mount-cache hash table entries: 8192 (order: 4, 65536 bytes)
[    0.033427] Mountpoint-cache hash table entries: 8192 (order: 4, 65536 bytes)
[    0.033746] CPU: Physical Processor ID: 0
[    0.033747] CPU: Processor Core ID: 0
[    0.033754] ENERGY_PERF_BIAS: Set to 'normal', was 'performance'
[    0.033755] ENERGY_PERF_BIAS: View and update with x86_energy_perf_policy(8)
[    0.033761] mce: CPU supports 7 MCE banks
[    0.033775] CPU0: Thermal monitoring enabled (TM1)
[    0.033791] process: using mwait in idle threads
[    0.033795] Last level iTLB entries: 4KB 1024, 2MB 1024, 4MB 1024
[    0.033796] Last level dTLB entries: 4KB 1024, 2MB 1024, 4MB 1024, 1GB 4
[    0.033798] Spectre V2 : Mitigation: Full generic retpoline
[    0.043653] Freeing SMP alternatives memory: 36K
[    0.052000] smpboot: CPU0: Intel(R) Core(TM) i5-4200U CPU @ 1.60GHz (family: 0x6, model: 0x45, stepping: 0x1)
[    0.052000] Performance Events: PEBS fmt2+, Haswell events, 16-deep LBR, full-width counters, Intel PMU driver.
[    0.052000] ... version:                3
[    0.052000] ... bit width:              48
[    0.052000] ... generic registers:      4
[    0.052000] ... value mask:             0000ffffffffffff
[    0.052000] ... max period:             00007fffffffffff
[    0.052000] ... fixed-purpose events:   3
[    0.052000] ... event mask:             000000070000000f
[    0.052000] rcu: Hierarchical SRCU implementation.
[    0.052000] smp: Bringing up secondary CPUs ...
[    0.052000] x86: Booting SMP configuration:
[    0.052000] .... node  #0, CPUs:      #1
[    0.052000] NMI watchdog: Enabled. Permanently consumes one hw-PMU counter.
[    0.052000]  #2 #3
[    0.052161] smp: Brought up 1 node, 4 CPUs
[    0.052161] smpboot: Max logical packages: 2
[    0.052161] smpboot: Total of 4 processors activated (18358.40 BogoMIPS)
[    0.056306] devtmpfs: initialized
[    0.056306] x86/mm: Memory block size: 128MB
[    0.056615] evm: security.selinux
[    0.056616] evm: security.SMACK64
[    0.056617] evm: security.SMACK64EXEC
[    0.056617] evm: security.SMACK64TRANSMUTE
[    0.056618] evm: security.SMACK64MMAP
[    0.056619] evm: security.apparmor
[    0.056620] evm: security.ima
[    0.056620] evm: security.capability
[    0.056643] PM: Registering ACPI NVS region [mem 0x92eaf000-0x92faefff] (1048576 bytes)
[    0.056643] clocksource: jiffies: mask: 0xffffffff max_cycles: 0xffffffff, max_idle_ns: 7645041785100000 ns
[    0.056643] futex hash table entries: 2048 (order: 5, 131072 bytes)
[    0.056643] pinctrl core: initialized pinctrl subsystem
[    0.056643] RTC time: 15:09:31, date: 05/19/18
[    0.056643] NET: Registered protocol family 16
[    0.056643] audit: initializing netlink subsys (disabled)
[    0.056643] audit: type=2000 audit(1526742570.056:1): state=initialized audit_enabled=0 res=1
[    0.056643] cpuidle: using governor ladder
[    0.056643] cpuidle: using governor menu
[    0.056643] Simple Boot Flag at 0x44 set to 0x1
[    0.056643] ACPI FADT declares the system doesn't support PCIe ASPM, so disable it
[    0.056643] ACPI: bus type PCI registered
[    0.056643] acpiphp: ACPI Hot Plug PCI Controller Driver version: 0.5
[    0.056643] PCI: MMCONFIG for domain 0000 [bus 00-ff] at [mem 0xe0000000-0xefffffff] (base 0xe0000000)
[    0.056643] PCI: MMCONFIG at [mem 0xe0000000-0xefffffff] reserved in E820
[    0.056643] PCI: Using configuration type 1 for base access
[    0.056643] core: PMU erratum BJ122, BV98, HSD29 worked around, HT is on
[    0.061419] HugeTLB registered 1.00 GiB page size, pre-allocated 0 pages
[    0.061419] HugeTLB registered 2.00 MiB page size, pre-allocated 0 pages
[    0.061419] ACPI: Added _OSI(Module Device)
[    0.061419] ACPI: Added _OSI(Processor Device)
[    0.061419] ACPI: Added _OSI(3.0 _SCP Extensions)
[    0.061419] ACPI: Added _OSI(Processor Aggregator Device)
[    0.061419] ACPI: Added _OSI(Linux-Dell-Video)
[    0.089108] ACPI: 6 ACPI AML tables successfully acquired and loaded
[    0.095186] ACPI: [Firmware Bug]: BIOS _OSI(Linux) query ignored
[    0.096796] ACPI: Dynamic OEM Table Load:
[    0.096807] ACPI: SSDT 0xFFFF9CD419F73400 0003D3 (v01 PmRef  Cpu0Cst  00003001 INTL 20121220)
[    0.097826] ACPI: Dynamic OEM Table Load:
[    0.097836] ACPI: SSDT 0xFFFF9CD419F5D800 0005AA (v01 PmRef  ApIst    00003000 INTL 20121220)
[    0.098945] ACPI: Dynamic OEM Table Load:
[    0.098953] ACPI: SSDT 0xFFFF9CD419F94400 000119 (v01 PmRef  ApCst    00003000 INTL 20121220)
[    0.100814] ACPI: EC: EC started
[    0.100816] ACPI: EC: interrupt blocked
[    0.297048] ACPI: \_SB_.PCI0.LPCB.EC0_: Used as first EC
[    0.297051] ACPI: \_SB_.PCI0.LPCB.EC0_: GPE=0x8, EC_CMD/EC_SC=0x66, EC_DATA=0x62
[    0.297053] ACPI: \_SB_.PCI0.LPCB.EC0_: Used as boot DSDT EC to handle transactions
[    0.297054] ACPI: Interpreter enabled
[    0.297111] ACPI: (supports S0 S3 S4 S5)
[    0.297112] ACPI: Using IOAPIC for interrupt routing
[    0.297163] PCI: Using host bridge windows from ACPI; if necessary, use "pci=nocrs" and report a bug
[    0.297608] ACPI: Enabled 7 GPEs in block 00 to 7F
[    0.329306] ACPI: PCI Root Bridge [PCI0] (domain 0000 [bus 00-fe])
[    0.329314] acpi PNP0A08:00: _OSC: OS supports [ExtendedConfig ASPM ClockPM Segments MSI]
[    0.329490] acpi PNP0A08:00: _OSC failed (AE_ERROR); disabling ASPM
[    0.330302] PCI host bridge to bus 0000:00
[    0.330306] pci_bus 0000:00: root bus resource [io  0x0000-0x0cf7 window]
[    0.330308] pci_bus 0000:00: root bus resource [io  0x0d00-0xffff window]
[    0.330310] pci_bus 0000:00: root bus resource [mem 0x000a0000-0x000bffff window]
[    0.330312] pci_bus 0000:00: root bus resource [mem 0x000c0000-0x000c3fff window]
[    0.330314] pci_bus 0000:00: root bus resource [mem 0x000c4000-0x000c7fff window]
[    0.330316] pci_bus 0000:00: root bus resource [mem 0x000c8000-0x000cbfff window]
[    0.330318] pci_bus 0000:00: root bus resource [mem 0x000cc000-0x000cffff window]
[    0.330320] pci_bus 0000:00: root bus resource [mem 0x000d0000-0x000d3fff window]
[    0.330322] pci_bus 0000:00: root bus resource [mem 0x000d4000-0x000d7fff window]
[    0.330324] pci_bus 0000:00: root bus resource [mem 0x000d8000-0x000dbfff window]
[    0.330326] pci_bus 0000:00: root bus resource [mem 0x000dc000-0x000dffff window]
[    0.330328] pci_bus 0000:00: root bus resource [mem 0x000e0000-0x000e3fff window]
[    0.330330] pci_bus 0000:00: root bus resource [mem 0x000e4000-0x000e7fff window]
[    0.330332] pci_bus 0000:00: root bus resource [mem 0x000e8000-0x000ebfff window]
[    0.330334] pci_bus 0000:00: root bus resource [mem 0x000ec000-0x000effff window]
[    0.330336] pci_bus 0000:00: root bus resource [mem 0x000f0000-0x000fffff window]
[    0.330338] pci_bus 0000:00: root bus resource [mem 0x9fa00000-0xfeafffff window]
[    0.330341] pci_bus 0000:00: root bus resource [bus 00-fe]
[    0.330354] pci 0000:00:00.0: [8086:0a04] type 00 class 0x060000
[    0.330600] pci 0000:00:02.0: [8086:0a16] type 00 class 0x030000
[    0.330618] pci 0000:00:02.0: reg 0x10: [mem 0xc2000000-0xc23fffff 64bit]
[    0.330627] pci 0000:00:02.0: reg 0x18: [mem 0xb0000000-0xbfffffff 64bit pref]
[    0.330634] pci 0000:00:02.0: reg 0x20: [io  0x6000-0x603f]
[    0.330652] pci 0000:00:02.0: BAR 2: assigned to efifb
[    0.330873] pci 0000:00:03.0: [8086:0a0c] type 00 class 0x040300
[    0.330888] pci 0000:00:03.0: reg 0x10: [mem 0xc2710000-0xc2713fff 64bit]
[    0.331149] pci 0000:00:14.0: [8086:9c31] type 00 class 0x0c0330
[    0.331172] pci 0000:00:14.0: reg 0x10: [mem 0xc2700000-0xc270ffff 64bit]
[    0.331238] pci 0000:00:14.0: PME# supported from D3hot D3cold
[    0.331450] pci 0000:00:16.0: [8086:9c3a] type 00 class 0x078000
[    0.331476] pci 0000:00:16.0: reg 0x10: [mem 0xc2718000-0xc271801f 64bit]
[    0.331552] pci 0000:00:16.0: PME# supported from D0 D3hot D3cold
[    0.331769] pci 0000:00:1b.0: [8086:9c20] type 00 class 0x040300
[    0.331791] pci 0000:00:1b.0: reg 0x10: [mem 0xc2714000-0xc2717fff 64bit]
[    0.331867] pci 0000:00:1b.0: PME# supported from D0 D3hot D3cold
[    0.332085] pci 0000:00:1c.0: [8086:9c10] type 01 class 0x060400
[    0.332163] pci 0000:00:1c.0: PME# supported from D0 D3hot D3cold
[    0.332475] pci 0000:00:1c.1: [8086:9c12] type 01 class 0x060400
[    0.332553] pci 0000:00:1c.1: PME# supported from D0 D3hot D3cold
[    0.332855] pci 0000:00:1c.2: [8086:9c14] type 01 class 0x060400
[    0.332933] pci 0000:00:1c.2: PME# supported from D0 D3hot D3cold
[    0.333232] pci 0000:00:1c.3: [8086:9c16] type 01 class 0x060400
[    0.333310] pci 0000:00:1c.3: PME# supported from D0 D3hot D3cold
[    0.333609] pci 0000:00:1c.4: [8086:9c18] type 01 class 0x060400
[    0.333686] pci 0000:00:1c.4: PME# supported from D0 D3hot D3cold
[    0.333988] pci 0000:00:1d.0: [8086:9c26] type 00 class 0x0c0320
[    0.334013] pci 0000:00:1d.0: reg 0x10: [mem 0xc271c000-0xc271c3ff]
[    0.334107] pci 0000:00:1d.0: PME# supported from D0 D3hot D3cold
[    0.334327] pci 0000:00:1f.0: [8086:9c43] type 00 class 0x060100
[    0.334658] pci 0000:00:1f.2: [8086:9c03] type 00 class 0x010601
[    0.334676] pci 0000:00:1f.2: reg 0x10: [io  0x6088-0x608f]
[    0.334684] pci 0000:00:1f.2: reg 0x14: [io  0x6094-0x6097]
[    0.334693] pci 0000:00:1f.2: reg 0x18: [io  0x6080-0x6087]
[    0.334701] pci 0000:00:1f.2: reg 0x1c: [io  0x6090-0x6093]
[    0.334709] pci 0000:00:1f.2: reg 0x20: [io  0x6060-0x607f]
[    0.334717] pci 0000:00:1f.2: reg 0x24: [mem 0xc271b000-0xc271b7ff]
[    0.334757] pci 0000:00:1f.2: PME# supported from D3hot
[    0.334963] pci 0000:00:1f.3: [8086:9c22] type 00 class 0x0c0500
[    0.334984] pci 0000:00:1f.3: reg 0x10: [mem 0xc2719000-0xc27190ff 64bit]
[    0.335006] pci 0000:00:1f.3: reg 0x20: [io  0x6040-0x605f]
[    0.335270] pci 0000:00:1c.0: PCI bridge to [bus 01]
[    0.335344] pci 0000:00:1c.1: PCI bridge to [bus 02-07]
[    0.335348] pci 0000:00:1c.1:   bridge window [io  0x5000-0x5fff]
[    0.335352] pci 0000:00:1c.1:   bridge window [mem 0xc1000000-0xc1ffffff]
[    0.335358] pci 0000:00:1c.1:   bridge window [mem 0xc0000000-0xc0ffffff 64bit pref]
[    0.335422] pci 0000:08:00.0: [14c3:7630] type 00 class 0x028000
[    0.335454] pci 0000:08:00.0: reg 0x10: [mem 0xc2600000-0xc26fffff]
[    0.335597] pci 0000:08:00.0: PME# supported from D0 D3hot D3cold
[    0.335720] pci 0000:00:1c.2: PCI bridge to [bus 08]
[    0.335725] pci 0000:00:1c.2:   bridge window [mem 0xc2600000-0xc26fffff]
[    0.335817] pci 0000:09:00.0: [10ec:8136] type 00 class 0x020000
[    0.335854] pci 0000:09:00.0: reg 0x10: [io  0x4000-0x40ff]
[    0.335889] pci 0000:09:00.0: reg 0x18: [mem 0xc2504000-0xc2504fff 64bit]
[    0.335913] pci 0000:09:00.0: reg 0x20: [mem 0xc2500000-0xc2503fff 64bit]
[    0.336044] pci 0000:09:00.0: supports D1 D2
[    0.336046] pci 0000:09:00.0: PME# supported from D0 D1 D2 D3hot D3cold
[    0.336216] pci 0000:00:1c.3: PCI bridge to [bus 09]
[    0.336220] pci 0000:00:1c.3:   bridge window [io  0x4000-0x4fff]
[    0.336224] pci 0000:00:1c.3:   bridge window [mem 0xc2500000-0xc25fffff]
[    0.336316] pci 0000:0a:00.0: [1002:6660] type 00 class 0x038000
[    0.336353] pci 0000:0a:00.0: reg 0x10: [mem 0xa0000000-0xafffffff 64bit pref]
[    0.336370] pci 0000:0a:00.0: reg 0x18: [mem 0xc2400000-0xc243ffff 64bit]
[    0.336381] pci 0000:0a:00.0: reg 0x20: [io  0x3000-0x30ff]
[    0.336400] pci 0000:0a:00.0: reg 0x30: [mem 0xfffe0000-0xffffffff pref]
[    0.336411] pci 0000:0a:00.0: enabling Extended Tags
[    0.336494] pci 0000:0a:00.0: supports D1 D2
[    0.336496] pci 0000:0a:00.0: PME# supported from D1 D2 D3hot
[    0.336612] pci 0000:00:1c.4: PCI bridge to [bus 0a]
[    0.336615] pci 0000:00:1c.4:   bridge window [io  0x3000-0x3fff]
[    0.336619] pci 0000:00:1c.4:   bridge window [mem 0xc2400000-0xc24fffff]
[    0.336625] pci 0000:00:1c.4:   bridge window [mem 0xa0000000-0xafffffff 64bit pref]
[    0.337983] ACPI: PCI Interrupt Link [LNKA] (IRQs 3 4 5 6 10 11 12 14 15) *0, disabled.
[    0.338089] ACPI: PCI Interrupt Link [LNKB] (IRQs 3 4 5 6 10 11 12 14 15) *0, disabled.
[    0.338191] ACPI: PCI Interrupt Link [LNKC] (IRQs 3 4 5 6 10 11 12 14 15) *0, disabled.
[    0.338293] ACPI: PCI Interrupt Link [LNKD] (IRQs 3 4 5 6 10 11 12 14 15) *0, disabled.
[    0.338396] ACPI: PCI Interrupt Link [LNKE] (IRQs 3 4 5 6 10 11 12 14 15) *0, disabled.
[    0.338507] ACPI: PCI Interrupt Link [LNKF] (IRQs 3 4 5 6 10 11 12 14 15) *0, disabled.
[    0.338614] ACPI: PCI Interrupt Link [LNKG] (IRQs 3 4 5 6 10 11 12 14 15) *0, disabled.
[    0.338716] ACPI: PCI Interrupt Link [LNKH] (IRQs 3 4 5 6 10 11 12 14 15) *0, disabled.
[    0.339082] ACPI: EC: interrupt unblocked
[    0.339105] ACPI: EC: event unblocked
[    0.339116] ACPI: \_SB_.PCI0.LPCB.EC0_: GPE=0x8, EC_CMD/EC_SC=0x66, EC_DATA=0x62
[    0.339119] ACPI: \_SB_.PCI0.LPCB.EC0_: Used as boot DSDT EC to handle transactions and events
[    0.339213] pci 0000:00:02.0: vgaarb: setting as boot VGA device
[    0.339213] pci 0000:00:02.0: vgaarb: VGA device added: decodes=io+mem,owns=io+mem,locks=none
[    0.339213] pci 0000:00:02.0: vgaarb: bridge control possible
[    0.339213] vgaarb: loaded
[    0.339213] SCSI subsystem initialized
[    0.339213] libata version 3.00 loaded.
[    0.339213] ACPI: bus type USB registered
[    0.339213] usbcore: registered new interface driver usbfs
[    0.339213] usbcore: registered new interface driver hub
[    0.339213] usbcore: registered new device driver usb
[    0.339213] pps_core: LinuxPPS API ver. 1 registered
[    0.339213] pps_core: Software ver. 5.3.6 - Copyright 2005-2007 Rodolfo Giometti <giometti@linux.it>
[    0.339213] PTP clock support registered
[    0.339213] EDAC MC: Ver: 3.0.0
[    0.339213] Registered efivars operations
[    0.373457] PCI: Using ACPI for IRQ routing
[    0.376510] PCI: pci_cache_line_size set to 64 bytes
[    0.376578] e820: reserve RAM buffer [mem 0x0006f000-0x0006ffff]
[    0.376580] e820: reserve RAM buffer [mem 0x00088000-0x0008ffff]
[    0.376582] e820: reserve RAM buffer [mem 0x9299f000-0x93ffffff]
[    0.376584] e820: reserve RAM buffer [mem 0x93000000-0x93ffffff]
[    0.376586] e820: reserve RAM buffer [mem 0x15f600000-0x15fffffff]
[    0.376737] NetLabel: Initializing
[    0.376738] NetLabel:  domain hash size = 128
[    0.376739] NetLabel:  protocols = UNLABELED CIPSOv4 CALIPSO
[    0.376759] NetLabel:  unlabeled traffic allowed by default
[    0.380063] hpet0: at MMIO 0xfed00000, IRQs 2, 8, 0, 0, 0, 0, 0, 0
[    0.380071] hpet0: 8 comparators, 64-bit 14.318180 MHz counter
[    0.382099] clocksource: Switched to clocksource tsc-early
[    0.396646] VFS: Disk quotas dquot_6.6.0
[    0.396669] VFS: Dquot-cache hash table entries: 512 (order 0, 4096 bytes)
[    0.396822] AppArmor: AppArmor Filesystem Enabled
[    0.396856] pnp: PnP ACPI init
[    0.397304] system 00:00: [io  0x0680-0x069f] has been reserved
[    0.397307] system 00:00: [io  0xffff] has been reserved
[    0.397309] system 00:00: [io  0xffff] has been reserved
[    0.397312] system 00:00: [io  0xffff] has been reserved
[    0.397314] system 00:00: [io  0x1800-0x18fe] has been reserved
[    0.397317] system 00:00: [io  0x164e-0x164f] has been reserved
[    0.397323] system 00:00: [io  0x0454-0x0457] has been reserved
[    0.397325] system 00:00: [io  0x0380-0x0387] has been reserved
[    0.397333] system 00:00: Plug and Play ACPI device, IDs PNP0c02 (active)
[    0.397410] pnp 00:01: Plug and Play ACPI device, IDs PNP0b00 (active)
[    0.397461] pnp 00:02: Plug and Play ACPI device, IDs HPQ8001 PNP0303 (active)
[    0.397507] pnp 00:03: Plug and Play ACPI device, IDs SYN1ea5 SYN1e00 SYN0002 PNP0f13 (active)
[    0.398032] pnp 00:04: disabling [mem 0xffffffff-0x100000ffe] because it overlaps 0000:0a:00.0 BAR 6 [mem 0xfffe0000-0xffffffff pref]
[    0.398062] system 00:04: [mem 0xfed1c000-0xfed1ffff] has been reserved
[    0.398065] system 00:04: [mem 0xfed10000-0xfed17fff] has been reserved
[    0.398067] system 00:04: [mem 0xfed18000-0xfed18fff] has been reserved
[    0.398070] system 00:04: [mem 0xfed19000-0xfed19fff] has been reserved
[    0.398073] system 00:04: [mem 0xe0000000-0xefffffff] has been reserved
[    0.398076] system 00:04: [mem 0xfed20000-0xfed3ffff] has been reserved
[    0.398079] system 00:04: [mem 0xfed90000-0xfed93fff] has been reserved
[    0.398081] system 00:04: [mem 0xff000000-0xffffffff] could not be reserved
[    0.398084] system 00:04: [mem 0xfee00000-0xfeefffff] could not be reserved
[    0.398087] system 00:04: [mem 0x9fa10000-0x9fa10fff] has been reserved
[    0.398094] system 00:04: Plug and Play ACPI device, IDs PNP0c02 (active)
[    0.398846] pnp: PnP ACPI: found 5 devices
[    0.405124] clocksource: acpi_pm: mask: 0xffffff max_cycles: 0xffffff, max_idle_ns: 2085701024 ns
[    0.405131] pci 0000:0a:00.0: can't claim BAR 6 [mem 0xfffe0000-0xffffffff pref]: no compatible bridge window
[    0.405144] pci 0000:00:1c.0: bridge window [io  0x1000-0x0fff] to [bus 01] add_size 1000
[    0.405147] pci 0000:00:1c.0: bridge window [mem 0x00100000-0x000fffff 64bit pref] to [bus 01] add_size 200000 add_align 100000
[    0.405150] pci 0000:00:1c.0: bridge window [mem 0x00100000-0x000fffff] to [bus 01] add_size 200000 add_align 100000
[    0.405189] pci 0000:00:1c.0: BAR 14: assigned [mem 0x9fb00000-0x9fcfffff]
[    0.405204] pci 0000:00:1c.0: BAR 15: assigned [mem 0x9fd00000-0x9fefffff 64bit pref]
[    0.405208] pci 0000:00:1c.0: BAR 13: assigned [io  0x2000-0x2fff]
[    0.405211] pci 0000:00:1c.0: PCI bridge to [bus 01]
[    0.405214] pci 0000:00:1c.0:   bridge window [io  0x2000-0x2fff]
[    0.405220] pci 0000:00:1c.0:   bridge window [mem 0x9fb00000-0x9fcfffff]
[    0.405224] pci 0000:00:1c.0:   bridge window [mem 0x9fd00000-0x9fefffff 64bit pref]
[    0.405230] pci 0000:00:1c.1: PCI bridge to [bus 02-07]
[    0.405233] pci 0000:00:1c.1:   bridge window [io  0x5000-0x5fff]
[    0.405238] pci 0000:00:1c.1:   bridge window [mem 0xc1000000-0xc1ffffff]
[    0.405242] pci 0000:00:1c.1:   bridge window [mem 0xc0000000-0xc0ffffff 64bit pref]
[    0.405248] pci 0000:00:1c.2: PCI bridge to [bus 08]
[    0.405253] pci 0000:00:1c.2:   bridge window [mem 0xc2600000-0xc26fffff]
[    0.405261] pci 0000:00:1c.3: PCI bridge to [bus 09]
[    0.405264] pci 0000:00:1c.3:   bridge window [io  0x4000-0x4fff]
[    0.405269] pci 0000:00:1c.3:   bridge window [mem 0xc2500000-0xc25fffff]
[    0.405279] pci 0000:0a:00.0: BAR 6: assigned [mem 0xc2440000-0xc245ffff pref]
[    0.405281] pci 0000:00:1c.4: PCI bridge to [bus 0a]
[    0.405284] pci 0000:00:1c.4:   bridge window [io  0x3000-0x3fff]
[    0.405289] pci 0000:00:1c.4:   bridge window [mem 0xc2400000-0xc24fffff]
[    0.405293] pci 0000:00:1c.4:   bridge window [mem 0xa0000000-0xafffffff 64bit pref]
[    0.405301] pci_bus 0000:00: resource 4 [io  0x0000-0x0cf7 window]
[    0.405303] pci_bus 0000:00: resource 5 [io  0x0d00-0xffff window]
[    0.405305] pci_bus 0000:00: resource 6 [mem 0x000a0000-0x000bffff window]
[    0.405307] pci_bus 0000:00: resource 7 [mem 0x000c0000-0x000c3fff window]
[    0.405309] pci_bus 0000:00: resource 8 [mem 0x000c4000-0x000c7fff window]
[    0.405311] pci_bus 0000:00: resource 9 [mem 0x000c8000-0x000cbfff window]
[    0.405313] pci_bus 0000:00: resource 10 [mem 0x000cc000-0x000cffff window]
[    0.405315] pci_bus 0000:00: resource 11 [mem 0x000d0000-0x000d3fff window]
[    0.405317] pci_bus 0000:00: resource 12 [mem 0x000d4000-0x000d7fff window]
[    0.405319] pci_bus 0000:00: resource 13 [mem 0x000d8000-0x000dbfff window]
[    0.405322] pci_bus 0000:00: resource 14 [mem 0x000dc000-0x000dffff window]
[    0.405324] pci_bus 0000:00: resource 15 [mem 0x000e0000-0x000e3fff window]
[    0.405326] pci_bus 0000:00: resource 16 [mem 0x000e4000-0x000e7fff window]
[    0.405328] pci_bus 0000:00: resource 17 [mem 0x000e8000-0x000ebfff window]
[    0.405330] pci_bus 0000:00: resource 18 [mem 0x000ec000-0x000effff window]
[    0.405332] pci_bus 0000:00: resource 19 [mem 0x000f0000-0x000fffff window]
[    0.405334] pci_bus 0000:00: resource 20 [mem 0x9fa00000-0xfeafffff window]
[    0.405336] pci_bus 0000:01: resource 0 [io  0x2000-0x2fff]
[    0.405338] pci_bus 0000:01: resource 1 [mem 0x9fb00000-0x9fcfffff]
[    0.405340] pci_bus 0000:01: resource 2 [mem 0x9fd00000-0x9fefffff 64bit pref]
[    0.405343] pci_bus 0000:02: resource 0 [io  0x5000-0x5fff]
[    0.405345] pci_bus 0000:02: resource 1 [mem 0xc1000000-0xc1ffffff]
[    0.405347] pci_bus 0000:02: resource 2 [mem 0xc0000000-0xc0ffffff 64bit pref]
[    0.405349] pci_bus 0000:08: resource 1 [mem 0xc2600000-0xc26fffff]
[    0.405351] pci_bus 0000:09: resource 0 [io  0x4000-0x4fff]
[    0.405353] pci_bus 0000:09: resource 1 [mem 0xc2500000-0xc25fffff]
[    0.405355] pci_bus 0000:0a: resource 0 [io  0x3000-0x3fff]
[    0.405357] pci_bus 0000:0a: resource 1 [mem 0xc2400000-0xc24fffff]
[    0.405359] pci_bus 0000:0a: resource 2 [mem 0xa0000000-0xafffffff 64bit pref]
[    0.405509] NET: Registered protocol family 2
[    0.405754] tcp_listen_portaddr_hash hash table entries: 2048 (order: 3, 32768 bytes)
[    0.405775] TCP established hash table entries: 32768 (order: 6, 262144 bytes)
[    0.405852] TCP bind hash table entries: 32768 (order: 7, 524288 bytes)
[    0.405950] TCP: Hash tables configured (established 32768 bind 32768)
[    0.405993] UDP hash table entries: 2048 (order: 4, 65536 bytes)
[    0.406011] UDP-Lite hash table entries: 2048 (order: 4, 65536 bytes)
[    0.406076] NET: Registered protocol family 1
[    0.406093] pci 0000:00:02.0: Video device with shadowed ROM at [mem 0x000c0000-0x000dffff]
[    0.429227] pci 0000:00:1d.0: quirk_usb_early_handoff+0x0/0x6c0 took 21081 usecs
[    0.429251] PCI: CLS 64 bytes, default 64
[    0.429297] Unpacking initramfs...
[   14.075501] Freeing initrd memory: 555772K
[   14.075536] PCI-DMA: Using software bounce buffering for IO (SWIOTLB)
[   14.075542] software IO TLB [mem 0x8b2f2000-0x8f2f2000] (64MB) mapped at [(____ptrval____)-(____ptrval____)]
[   14.075859] Scanning for low memory corruption every 60 seconds
[   14.076815] Initialise system trusted keyrings
[   14.076828] Key type blacklist registered
[   14.076870] workingset: timestamp_bits=36 max_order=20 bucket_order=0
[   14.078754] zbud: loaded
[   14.079458] squashfs: version 4.0 (2009/01/31) Phillip Lougher
[   14.079741] fuse init (API version 7.27)
[   14.079816] pstore: using deflate compression
[   14.081483] Key type asymmetric registered
[   14.081485] Asymmetric key parser 'x509' registered
[   14.081541] Block layer SCSI generic (bsg) driver version 0.4 loaded (major 244)
[   14.081582] io scheduler noop registered
[   14.081584] io scheduler deadline registered
[   14.081646] io scheduler cfq registered (default)
[   14.082777] efifb: probing for efifb
[   14.082793] efifb: framebuffer at 0xb0000000, using 4160k, total 4160k
[   14.082794] efifb: mode is 1366x768x32, linelength=5504, pages=1
[   14.082795] efifb: scrolling: redraw
[   14.082797] efifb: Truecolor: size=8:8:8:8, shift=24:16:8:0
[   14.086185] Console: switching to colour frame buffer device 170x48
[   14.089375] fb0: EFI VGA frame buffer device
[   14.089389] intel_idle: MWAIT substates: 0x11142120
[   14.089390] intel_idle: v0.4.1 model 0x45
[   14.089683] intel_idle: lapic_timer_reliable_states 0xffffffff
[   14.089964] ACPI: AC Adapter [ACAD] (off-line)
[   14.090050] input: Lid Switch as /devices/LNXSYSTM:00/LNXSYBUS:00/PNP0C0D:00/input/input0
[   14.090058] ACPI: Lid Switch [LID0]
[   14.090100] input: Power Button as /devices/LNXSYSTM:00/LNXSYBUS:00/PNP0C0C:00/input/input1
[   14.090110] ACPI: Power Button [PWRB]
[   14.090166] input: Power Button as /devices/LNXSYSTM:00/LNXPWRBN:00/input/input2
[   14.090184] ACPI: Power Button [PWRF]
[   14.091795] [Firmware Bug]: Invalid critical threshold (0)
[   14.094066] thermal LNXTHERM:00: registered as thermal_zone0
[   14.094068] ACPI: Thermal Zone [TZ01] (58 C)
[   14.094246] Serial: 8250/16550 driver, 32 ports, IRQ sharing enabled
[   14.097037] Linux agpgart interface v0.103
[   14.099242] loop: module loaded
[   14.099721] libphy: Fixed MDIO Bus: probed
[   14.099723] tun: Universal TUN/TAP device driver, 1.6
[   14.099792] PPP generic driver version 2.4.2
[   14.099851] ehci_hcd: USB 2.0 'Enhanced' Host Controller (EHCI) Driver
[   14.099855] ehci-pci: EHCI PCI platform driver
[   14.100075] ehci-pci 0000:00:1d.0: EHCI Host Controller
[   14.100084] ehci-pci 0000:00:1d.0: new USB bus registered, assigned bus number 1
[   14.100097] ehci-pci 0000:00:1d.0: debug port 2
[   14.104019] ehci-pci 0000:00:1d.0: cache line size of 64 is not supported
[   14.104040] ehci-pci 0000:00:1d.0: irq 23, io mem 0xc271c000
[   14.120088] ehci-pci 0000:00:1d.0: USB 2.0 started, EHCI 1.00
[   14.120164] usb usb1: New USB device found, idVendor=1d6b, idProduct=0002, bcdDevice= 4.17
[   14.120167] usb usb1: New USB device strings: Mfr=3, Product=2, SerialNumber=1
[   14.120169] usb usb1: Product: EHCI Host Controller
[   14.120171] usb usb1: Manufacturer: Linux 4.17.0-rc5-next-20180517 ehci_hcd
[   14.120173] usb usb1: SerialNumber: 0000:00:1d.0
[   14.120450] hub 1-0:1.0: USB hub found
[   14.120458] hub 1-0:1.0: 2 ports detected
[   14.120680] ehci-platform: EHCI generic platform driver
[   14.120699] ohci_hcd: USB 1.1 'Open' Host Controller (OHCI) Driver
[   14.120710] ohci-pci: OHCI PCI platform driver
[   14.120725] ohci-platform: OHCI generic platform driver
[   14.120733] uhci_hcd: USB Universal Host Controller Interface driver
[   14.120948] xhci_hcd 0000:00:14.0: xHCI Host Controller
[   14.120955] xhci_hcd 0000:00:14.0: new USB bus registered, assigned bus number 2
[   14.122006] xhci_hcd 0000:00:14.0: hcc params 0x200077c1 hci version 0x100 quirks 0x0004b810
[   14.122011] xhci_hcd 0000:00:14.0: cache line size of 64 is not supported
[   14.122158] usb usb2: New USB device found, idVendor=1d6b, idProduct=0002, bcdDevice= 4.17
[   14.122160] usb usb2: New USB device strings: Mfr=3, Product=2, SerialNumber=1
[   14.122162] usb usb2: Product: xHCI Host Controller
[   14.122164] usb usb2: Manufacturer: Linux 4.17.0-rc5-next-20180517 xhci-hcd
[   14.122166] usb usb2: SerialNumber: 0000:00:14.0
[   14.122396] hub 2-0:1.0: USB hub found
[   14.122409] hub 2-0:1.0: 9 ports detected
[   14.123322] xhci_hcd 0000:00:14.0: xHCI Host Controller
[   14.123329] xhci_hcd 0000:00:14.0: new USB bus registered, assigned bus number 3
[   14.123333] xhci_hcd 0000:00:14.0: Host supports USB 3.0  SuperSpeed
[   14.123371] usb usb3: New USB device found, idVendor=1d6b, idProduct=0003, bcdDevice= 4.17
[   14.123374] usb usb3: New USB device strings: Mfr=3, Product=2, SerialNumber=1
[   14.123376] usb usb3: Product: xHCI Host Controller
[   14.123378] usb usb3: Manufacturer: Linux 4.17.0-rc5-next-20180517 xhci-hcd
[   14.123379] usb usb3: SerialNumber: 0000:00:14.0
[   14.123558] hub 3-0:1.0: USB hub found
[   14.123567] hub 3-0:1.0: 4 ports detected
[   14.124113] i8042: PNP: PS/2 Controller [PNP0303:PS2K,PNP0f13:PS2M] at 0x60,0x64 irq 1,12
[   14.133196] serio: i8042 KBD port at 0x60,0x64 irq 1
[   14.133201] serio: i8042 AUX port at 0x60,0x64 irq 12
[   14.133538] mousedev: PS/2 mouse device common for all mice
[   14.133900] rtc_cmos 00:01: RTC can wake from S4
[   14.134080] rtc_cmos 00:01: registered as rtc0
[   14.134102] rtc_cmos 00:01: alarms up to one month, 242 bytes nvram, hpet irqs
[   14.134111] i2c /dev entries driver
[   14.134175] device-mapper: uevent: version 1.0.3
[   14.134253] device-mapper: ioctl: 4.39.0-ioctl (2018-04-03) initialised: dm-devel@redhat.com
[   14.134263] intel_pstate: Intel P-state driver initializing
[   14.134420] ledtrig-cpu: registered to indicate activity on CPUs
[   14.134423] EFI Variables Facility v0.08 2004-May-17
[   14.142309] input: AT Translated Set 2 keyboard as /devices/platform/i8042/serio0/input/input3
[   14.158389] ACPI: Battery Slot [BAT0] (battery present)
[   14.159953] NET: Registered protocol family 10
[   14.164137] Segment Routing with IPv6
[   14.164163] NET: Registered protocol family 17
[   14.164201] Key type dns_resolver registered
[   14.164448] RAS: Correctable Errors collector initialized.
[   14.164483] microcode: sig=0x40651, pf=0x40, revision=0x10
[   14.164527] microcode: Microcode Update Driver: v2.2.
[   14.164537] sched_clock: Marking stable (14164522594, 0)->(14260724862, -96202268)
[   14.164734] registered taskstats version 1
[   14.164746] Loading compiled-in X.509 certificates
[   14.167077] Loaded X.509 cert 'Build time autogenerated kernel key: 9ea39e8c1570b471aef846e93bde312e037ff7b9'
[   14.167101] zswap: loaded using pool lzo/zbud
[   14.171141] Key type big_key registered
[   14.171145] Key type trusted registered
[   14.172556] Key type encrypted registered
[   14.172559] AppArmor: AppArmor sha1 policy hashing enabled
[   14.172561] ima: No TPM chip found, activating TPM-bypass! (rc=-19)
[   14.172566] ima: Allocated hash algorithm: sha1
[   14.172579] evm: HMAC attrs: 0x1
[   14.173243]   Magic number: 2:628:184
[   14.173285] thermal LNXTHERM:00: hash matches
[   14.173347] rtc_cmos 00:01: setting system clock to 2018-05-19 15:09:45 UTC (1526742585)
[   14.464032] usb 2-1: new low-speed USB device number 2 using xhci_hcd
[   14.468017] usb 1-1: new high-speed USB device number 2 using ehci-pci
[   14.545597] Freeing unused kernel memory: 2428K
[   14.572093] Write protecting the kernel read-only data: 20480k
[   14.573684] Freeing unused kernel memory: 2008K
[   14.577375] Freeing unused kernel memory: 1828K
[   14.585926] x86/mm: Checked W+X mappings: passed, no W+X pages found.
[   14.585926] x86/mm: Checking user space page tables
[   14.594376] x86/mm: Checked W+X mappings: passed, no W+X pages found.
[   14.616169] usb 2-1: New USB device found, idVendor=04ca, idProduct=0061, bcdDevice= 1.00
[   14.616173] usb 2-1: New USB device strings: Mfr=1, Product=2, SerialNumber=0
[   14.616175] usb 2-1: Product: USB Optical Mouse
[   14.616177] usb 2-1: Manufacturer: PixArt
[   14.628438] usb 1-1: New USB device found, idVendor=8087, idProduct=8000, bcdDevice= 0.04
[   14.628441] usb 1-1: New USB device strings: Mfr=0, Product=0, SerialNumber=0
[   14.628725] hub 1-1:1.0: USB hub found
[   14.628809] hub 1-1:1.0: 8 ports detected
[   14.696047] wmi_bus wmi_bus-PNP0C14:00: WQBC data block query control method not found
[   14.696132] wmi_bus wmi_bus-PNP0C14:00: WQBJ data block query control method not found
[   14.712210] r8169 Gigabit Ethernet driver 2.3LK-NAPI loaded
[   14.712220] r8169 0000:09:00.0: can't disable ASPM; OS doesn't have ASPM control
[   14.725147] r8169 0000:09:00.0 eth0: RTL8106e, a0:48:1c:01:90:d5, XID 50900800, IRQ 41
[   14.744017] usb 2-3: new high-speed USB device number 3 using xhci_hcd
[   14.760260] ahci 0000:00:1f.2: version 3.0
[   14.770588] ahci 0000:00:1f.2: AHCI 0001.0300 32 slots 4 ports 6 Gbps 0x3 impl SATA mode
[   14.770592] ahci 0000:00:1f.2: flags: 64bit ncq pm led clo only pio slum part deso sadm sds apst 
[   14.781412] r8169 0000:09:00.0 eno1: renamed from eth0
[   14.782046] scsi host0: ahci
[   14.782219] scsi host1: ahci
[   14.782322] scsi host2: ahci
[   14.782416] scsi host3: ahci
[   14.782468] ata1: SATA max UDMA/133 abar m2048@0xc271b000 port 0xc271b100 irq 42
[   14.782470] ata2: SATA max UDMA/133 abar m2048@0xc271b000 port 0xc271b180 irq 42
[   14.782471] ata3: DUMMY
[   14.782472] ata4: DUMMY
[   15.094129] ata1: SATA link up 3.0 Gbps (SStatus 123 SControl 300)
[   15.098127] ata2: SATA link up 1.5 Gbps (SStatus 113 SControl 300)
[   15.100558] ata1.00: ATA-9: ST1000LM024 HN-M101MBB, 2AR20002, max UDMA/133
[   15.100560] ata1.00: 1953525168 sectors, multi 0: LBA48 NCQ (depth 32), AA
[   15.101694] ata2.00: ATAPI: hp       DVD-RAM UJ8DB, H.02, max UDMA/100
[   15.104162] ata2.00: configured for UDMA/100
[   15.106953] ata1.00: configured for UDMA/133
[   15.107125] scsi 0:0:0:0: Direct-Access     ATA      ST1000LM024 HN-M 0002 PQ: 0 ANSI: 5
[   15.107343] sd 0:0:0:0: [sda] 1953525168 512-byte logical blocks: (1.00 TB/932 GiB)
[   15.107346] sd 0:0:0:0: [sda] 4096-byte physical blocks
[   15.107357] sd 0:0:0:0: [sda] Write Protect is off
[   15.107359] sd 0:0:0:0: [sda] Mode Sense: 00 3a 00 00
[   15.107362] sd 0:0:0:0: Attached scsi generic sg0 type 0
[   15.107377] sd 0:0:0:0: [sda] Write cache: enabled, read cache: enabled, doesn't support DPO or FUA
[   15.109798] scsi 1:0:0:0: CD-ROM            hp       DVD-RAM UJ8DB    H.02 PQ: 0 ANSI: 5
[   15.179680] tsc: Refined TSC clocksource calibration: 2294.687 MHz
[   15.179688] clocksource: tsc: mask: 0xffffffffffffffff max_cycles: 0x21139a22526, max_idle_ns: 440795252169 ns
[   15.534266] clocksource: Switched to clocksource tsc
[   15.541930] usb 2-3: New USB device found, idVendor=05c8, idProduct=0361, bcdDevice= 1.04
[   15.541933] usb 2-3: New USB device strings: Mfr=1, Product=2, SerialNumber=0
[   15.541935] usb 2-3: Product: HP Truevision HD
[   15.541937] usb 2-3: Manufacturer: SunplusIT INC.
[   15.542367] [drm] radeon kernel modesetting enabled.
[   15.542389] vga_switcheroo: detected switching method \_SB_.PCI0.GFX0.ATPX handle
[   15.542544] ATPX version 1, functions 0x00000033
[   15.542688] checking generic (b0000000 410000) vs hw (a0000000 10000000)
[   15.542731] radeon 0000:0a:00.0: enabling device (0000 -> 0003)
[   15.542930] [drm] initializing kernel modesetting (HAINAN 0x1002:0x6660 0x103C:0x2164 0x00).
[   15.546061] checking generic (b0000000 410000) vs hw (b0000000 10000000)
[   15.546062] fb: switching to inteldrmfb from EFI VGA
[   15.546088] Console: switching to colour dummy device 80x25
[   15.546185] [drm] Replacing VGA console driver
[   15.556395] [drm] Supports vblank timestamp caching Rev 2 (21.10.2013).
[   15.556396] [drm] Driver supports precise vblank timestamp query.
[   15.556759] vga_switcheroo: enabled
[   15.556771] i915 0000:00:02.0: vgaarb: changed VGA decodes: olddecodes=io+mem,decodes=io+mem:owns=io+mem
[   15.559358] ATOM BIOS: HP/Quanta
[   15.559367] [drm] GPU not posted. posting now...
[   15.560924] random: fast init done
[   15.561167]  sda: sda1 sda2 sda3 sda4 sda5 sda6 sda7 sda8 sda9
[   15.561684] sd 0:0:0:0: [sda] Attached SCSI disk
[   15.563923] radeon 0000:0a:00.0: VRAM: 1024M 0x0000000000000000 - 0x000000003FFFFFFF (1024M used)
[   15.563925] radeon 0000:0a:00.0: GTT: 2048M 0x0000000040000000 - 0x00000000BFFFFFFF
[   15.563931] [drm] Detected VRAM RAM=1024M, BAR=256M
[   15.563932] [drm] RAM width 64bits DDR
[   15.563985] [TTM] Zone  kernel: Available graphics memory: 1905508 kiB
[   15.563986] [TTM] Initializing pool allocator
[   15.563990] [TTM] Initializing DMA pool allocator
[   15.564007] [drm] radeon: 1024M of VRAM memory ready
[   15.564008] [drm] radeon: 2048M of GTT memory ready.
[   15.564029] [drm] Loading hainan Microcode
[   15.564154] [drm] Internal thermal controller without fan control
[   15.564227] [drm] probing gen 2 caps for device 8086:9c18 = 5323c42/0
[   15.573909] [drm] radeon: dpm initialized
[   15.573914] [drm] GART: num cpu pages 524288, num gpu pages 524288
[   15.575333] [drm] probing gen 2 caps for device 8086:9c18 = 5323c42/0
[   15.575337] [drm] PCIE gen 2 link speeds already enabled
[   15.584134] [drm] PCIE GART of 2048M enabled (table at 0x0000000000040000).
[   15.584257] radeon 0000:0a:00.0: WB enabled
[   15.584260] radeon 0000:0a:00.0: fence driver on ring 0 use gpu addr 0x0000000040000c00 and cpu addr 0x(____ptrval____)
[   15.584262] radeon 0000:0a:00.0: fence driver on ring 1 use gpu addr 0x0000000040000c04 and cpu addr 0x(____ptrval____)
[   15.584264] radeon 0000:0a:00.0: fence driver on ring 2 use gpu addr 0x0000000040000c08 and cpu addr 0x(____ptrval____)
[   15.584265] radeon 0000:0a:00.0: fence driver on ring 3 use gpu addr 0x0000000040000c0c and cpu addr 0x(____ptrval____)
[   15.584266] radeon 0000:0a:00.0: fence driver on ring 4 use gpu addr 0x0000000040000c10 and cpu addr 0x(____ptrval____)
[   15.584268] [drm] Supports vblank timestamp caching Rev 2 (21.10.2013).
[   15.584268] [drm] Driver supports precise vblank timestamp query.
[   15.584269] radeon 0000:0a:00.0: radeon: MSI limited to 32-bit
[   15.584315] radeon 0000:0a:00.0: radeon: using MSI.
[   15.584340] [drm] radeon: irq initialized.
[   15.736133] usb 2-7: new high-speed USB device number 4 using xhci_hcd
[   15.818409] [drm] ring test on 0 succeeded in 1 usecs
[   15.818416] [drm] ring test on 1 succeeded in 1 usecs
[   15.818421] [drm] ring test on 2 succeeded in 1 usecs
[   15.818429] [drm] ring test on 3 succeeded in 4 usecs
[   15.818436] [drm] ring test on 4 succeeded in 4 usecs
[   15.818549] [drm] ib test on ring 0 succeeded in 0 usecs
[   15.818577] [drm] ib test on ring 1 succeeded in 0 usecs
[   15.818603] [drm] ib test on ring 2 succeeded in 0 usecs
[   15.818624] [drm] ib test on ring 3 succeeded in 0 usecs
[   15.818645] [drm] ib test on ring 4 succeeded in 0 usecs
[   15.819982] [drm] Radeon Display Connectors
[   15.822594] [drm] Initialized radeon 2.50.0 20080528 for 0000:0a:00.0 on minor 0
[   15.822932] [drm] Initialized i915 1.6.0 20180514 for 0000:00:02.0 on minor 1
[   15.823104] [Firmware Bug]: ACPI(PEGP) defines _DOD but not _DOS
[   15.824122] ACPI: Video Device [PEGP] (multi-head: yes  rom: no  post: no)
[   15.824129] ACPI BIOS Error (bug): Failure looking up [\_SB.PCI0.GFX0.DD02._BCL], AE_NOT_FOUND (20180508/psargs-330)
[   15.824142] No Local Variables are initialized for Method [_BCL]
[   15.824143] No Arguments are initialized for method [_BCL]
[   15.824145] ACPI Error: Method parse/execution failed \_SB.PCI0.RP05.PEGP.DD02._BCL, AE_NOT_FOUND (20180508/psparse-516)
[   15.824335] input: Video Bus as /devices/LNXSYSTM:00/LNXSYBUS:00/PNP0A08:00/device:18/LNXVIDEO:00/input/input7
[   15.826140] ACPI: Video Device [GFX0] (multi-head: yes  rom: no  post: no)
[   15.828263] input: Video Bus as /devices/LNXSYSTM:00/LNXSYBUS:00/PNP0A08:00/LNXVIDEO:01/input/input8
[   15.831590] fbcon: inteldrmfb (fb0) is primary device
[   15.840705] sr 1:0:0:0: [sr0] scsi3-mmc drive: 24x/24x writer dvd-ram cd/rw xa/form2 cdda tray
[   15.840707] cdrom: Uniform CD-ROM driver Revision: 3.20
[   15.840982] sr 1:0:0:0: Attached scsi CD-ROM sr0
[   15.841094] sr 1:0:0:0: Attached scsi generic sg1 type 5
[   15.850483] psmouse serio1: synaptics: queried max coordinates: x [..5696], y [..4884]
[   15.885355] psmouse serio1: synaptics: queried min coordinates: x [1276..], y [1044..]
[   15.898308] usb 2-7: New USB device found, idVendor=0e8d, idProduct=763e, bcdDevice= 1.00
[   15.898310] usb 2-7: New USB device strings: Mfr=1, Product=2, SerialNumber=3
[   15.898312] usb 2-7: Product: BT
[   15.898313] usb 2-7: Manufacturer: MediaTek
[   15.898314] usb 2-7: SerialNumber: 1.0
[   15.918844] hidraw: raw HID events driver (C) Jiri Kosina
[   15.932342] usbcore: registered new interface driver usbhid
[   15.932342] usbhid: USB HID core driver
[   15.939563] input: PixArt USB Optical Mouse as /devices/pci0000:00/0000:00:14.0/usb2/2-1/2-1:1.0/0003:04CA:0061.0001/input/input9
[   15.939677] hid-generic 0003:04CA:0061.0001: input,hidraw0: USB HID v1.11 Mouse [PixArt USB Optical Mouse] on usb-0000:00:14.0-1/input0
[   15.951232] psmouse serio1: synaptics: Touchpad model: 1, fw: 7.5, id: 0x1c0b1, caps: 0xf00133/0x240000/0xa2400/0x0, board id: 2665, fw id: 1458825
[   15.992995] input: SynPS/2 Synaptics TouchPad as /devices/platform/i8042/serio1/input/input6
[   16.497456] [drm] amdgpu kernel modesetting enabled.
[   16.497480] vga_switcheroo: detected switching method \_SB_.PCI0.GFX0.ATPX handle
[   16.497629] ATPX version 1, functions 0x00000033
[   16.990781] Console: switching to colour frame buffer device 170x48
[   17.017430] i915 0000:00:02.0: fb0: inteldrmfb frame buffer device
[   18.593662] EXT4-fs (sda9): mounted filesystem with ordered data mode. Opts: (null)
[   19.297257] random: crng init done
[   20.249471] systemd[1]: systemd 237 running in system mode. (+PAM +AUDIT +SELINUX +IMA +APPARMOR +SMACK +SYSVINIT +UTMP +LIBCRYPTSETUP +GCRYPT +GNUTLS +ACL +XZ +LZ4 +SECCOMP +BLKID +ELFUTILS +KMOD -IDN2 +IDN -PCRE2 default-hierarchy=hybrid)
[   20.268334] systemd[1]: Detected architecture x86-64.
[   20.279031] systemd[1]: Set hostname to <nishad>.
[   22.130793] systemd[1]: Reached target Remote File Systems.
[   22.131086] systemd[1]: Created slice System Slice.
[   22.131181] systemd[1]: Listening on Journal Socket.
[   22.131711] systemd[1]: Started Read required files in advance.
[   22.132390] systemd[1]: Starting Uncomplicated firewall...
[   22.133045] systemd[1]: Mounting POSIX Message Queue File System...
[   22.133215] systemd[1]: Created slice system-systemd\x2dfsck.slice.
[   22.724699] EXT4-fs (sda9): re-mounted. Opts: errors=remount-ro
[   23.282982] lp: driver loaded but no devices found
[   23.409181] ppdev: user-space parallel port driver
[   23.442286] systemd-journald[272]: Received request to flush runtime journal from PID 1
[   31.372417] input: HP Wireless hotkeys as /devices/virtual/input/input10
[   31.825864] shpchp: Standard Hot Plug PCI Controller Driver version: 0.4
[   32.156909] hp_accel: laptop model unknown, using default axes configuration
[   32.168581] lis3lv02d: 8 bits 3DC sensor found
[   32.224144] input: ST LIS3LV02DL Accelerometer as /devices/platform/lis3lv02d/input/input11
[   32.510730] hp_wmi: query 0xd returned error 0x5
[   32.510775] input: HP WMI hotkeys as /devices/virtual/input/input12
[   32.584892] [drm] probing gen 2 caps for device 8086:9c18 = 5323c42/0
[   32.584896] [drm] PCIE gen 2 link speeds already enabled
[   32.595899] [drm] PCIE GART of 2048M enabled (table at 0x0000000000040000).
[   32.596000] radeon 0000:0a:00.0: WB enabled
[   32.596002] radeon 0000:0a:00.0: fence driver on ring 0 use gpu addr 0x0000000040000c00 and cpu addr 0x00000000bbec00b6
[   32.596004] radeon 0000:0a:00.0: fence driver on ring 1 use gpu addr 0x0000000040000c04 and cpu addr 0x0000000011247768
[   32.596005] radeon 0000:0a:00.0: fence driver on ring 2 use gpu addr 0x0000000040000c08 and cpu addr 0x00000000e2d07e1c
[   32.596007] radeon 0000:0a:00.0: fence driver on ring 3 use gpu addr 0x0000000040000c0c and cpu addr 0x0000000051a4bf01
[   32.596008] radeon 0000:0a:00.0: fence driver on ring 4 use gpu addr 0x0000000040000c10 and cpu addr 0x0000000097f38c71
[   32.830455] [drm] ring test on 0 succeeded in 1 usecs
[   32.830461] [drm] ring test on 1 succeeded in 1 usecs
[   32.830466] [drm] ring test on 2 succeeded in 1 usecs
[   32.830475] [drm] ring test on 3 succeeded in 4 usecs
[   32.830481] [drm] ring test on 4 succeeded in 4 usecs
[   32.830524] [drm] ib test on ring 0 succeeded in 0 usecs
[   32.830552] [drm] ib test on ring 1 succeeded in 0 usecs
[   32.830554] RAPL PMU: API unit is 2^-32 Joules, 4 fixed counters, 655360 ms ovfl timer
[   32.830555] RAPL PMU: hw unit of domain pp0-core 2^-14 Joules
[   32.830556] RAPL PMU: hw unit of domain package 2^-14 Joules
[   32.830557] RAPL PMU: hw unit of domain dram 2^-14 Joules
[   32.830557] RAPL PMU: hw unit of domain pp1-gpu 2^-14 Joules
[   32.830583] [drm] ib test on ring 2 succeeded in 0 usecs
[   32.830603] [drm] ib test on ring 3 succeeded in 0 usecs
[   32.830622] [drm] ib test on ring 4 succeeded in 0 usecs
[   33.254553] cryptd: max_cpu_qlen set to 1000
[   33.516056] AVX2 version of gcm_enc/dec engaged.
[   33.516057] AES CTR mode by8 optimization enabled
[   33.772830] media: Linux media interface: v0.10
[   33.906780] videodev: Linux video capture interface: v2.00
[   35.101487] uvcvideo: Found UVC 1.00 device HP Truevision HD (05c8:0361)
[   35.123490] uvcvideo 2-3:1.0: Entity type for entity Extension 4 was not initialized!
[   35.123494] uvcvideo 2-3:1.0: Entity type for entity Extension 3 was not initialized!
[   35.123497] uvcvideo 2-3:1.0: Entity type for entity Processing 2 was not initialized!
[   35.123501] uvcvideo 2-3:1.0: Entity type for entity Camera 1 was not initialized!
[   35.123640] input: HP Truevision HD: HP Truevision as /devices/pci0000:00/0000:00:14.0/usb2/2-3/2-3:1.0/input/input13
[   35.123777] usbcore: registered new interface driver uvcvideo
[   35.123779] USB Video Class driver (1.1.1)
[   36.478312] snd_hda_intel 0000:00:03.0: bound 0000:00:02.0 (ops i915_audio_component_bind_ops [i915])
[   36.702701] kvm: disabled by bios
[   36.745990] kvm: disabled by bios
[   36.789899] kvm: disabled by bios
[   36.825895] kvm: disabled by bios
[   36.887164] input: HDA Intel HDMI HDMI/DP,pcm=3 as /devices/pci0000:00/0000:00:03.0/sound/card0/input14
[   36.887234] input: HDA Intel HDMI HDMI/DP,pcm=7 as /devices/pci0000:00/0000:00:03.0/sound/card0/input15
[   36.887298] input: HDA Intel HDMI HDMI/DP,pcm=8 as /devices/pci0000:00/0000:00:03.0/sound/card0/input16
[   36.887361] input: HDA Intel HDMI HDMI/DP,pcm=9 as /devices/pci0000:00/0000:00:03.0/sound/card0/input17
[   36.887424] input: HDA Intel HDMI HDMI/DP,pcm=10 as /devices/pci0000:00/0000:00:03.0/sound/card0/input18
[   36.892071] snd_hda_codec_realtek hdaudioC1D0: autoconfig for ALC3227: line_outs=1 (0x14/0x0/0x0/0x0/0x0) type:speaker
[   36.892073] snd_hda_codec_realtek hdaudioC1D0:    speaker_outs=0 (0x0/0x0/0x0/0x0/0x0)
[   36.892075] snd_hda_codec_realtek hdaudioC1D0:    hp_outs=1 (0x21/0x0/0x0/0x0/0x0)
[   36.892076] snd_hda_codec_realtek hdaudioC1D0:    mono: mono_out=0x0
[   36.892077] snd_hda_codec_realtek hdaudioC1D0:    inputs:
[   36.892079] snd_hda_codec_realtek hdaudioC1D0:      Mic=0x19
[   36.892081] snd_hda_codec_realtek hdaudioC1D0:      Internal Mic=0x12
[   37.084728] intel_rapl: Found RAPL domain package
[   37.084729] intel_rapl: Found RAPL domain core
[   37.084730] intel_rapl: Found RAPL domain uncore
[   37.084731] intel_rapl: Found RAPL domain dram
[   37.084734] intel_rapl: RAPL package 0 domain package locked by BIOS
[   37.119920] input: HDA Intel PCH Mic as /devices/pci0000:00/0000:00:1b.0/sound/card1/input19
[   37.119968] input: HDA Intel PCH Headphone as /devices/pci0000:00/0000:00:1b.0/sound/card1/input20
[   41.761259] [drm] probing gen 2 caps for device 8086:9c18 = 5323c42/0
[   41.761262] [drm] PCIE gen 2 link speeds already enabled
[   41.772472] [drm] PCIE GART of 2048M enabled (table at 0x0000000000040000).
[   41.772581] radeon 0000:0a:00.0: WB enabled
[   41.772584] radeon 0000:0a:00.0: fence driver on ring 0 use gpu addr 0x0000000040000c00 and cpu addr 0x00000000bbec00b6
[   41.772585] radeon 0000:0a:00.0: fence driver on ring 1 use gpu addr 0x0000000040000c04 and cpu addr 0x0000000011247768
[   41.772587] radeon 0000:0a:00.0: fence driver on ring 2 use gpu addr 0x0000000040000c08 and cpu addr 0x00000000e2d07e1c
[   41.772588] radeon 0000:0a:00.0: fence driver on ring 3 use gpu addr 0x0000000040000c0c and cpu addr 0x0000000051a4bf01
[   41.772589] radeon 0000:0a:00.0: fence driver on ring 4 use gpu addr 0x0000000040000c10 and cpu addr 0x0000000097f38c71
[   42.007467] [drm] ring test on 0 succeeded in 1 usecs
[   42.007473] [drm] ring test on 1 succeeded in 1 usecs
[   42.007479] [drm] ring test on 2 succeeded in 1 usecs
[   42.007487] [drm] ring test on 3 succeeded in 4 usecs
[   42.007494] [drm] ring test on 4 succeeded in 4 usecs
[   42.007535] [drm] ib test on ring 0 succeeded in 0 usecs
[   42.007560] [drm] ib test on ring 1 succeeded in 0 usecs
[   42.007584] [drm] ib test on ring 2 succeeded in 0 usecs
[   42.007603] [drm] ib test on ring 3 succeeded in 0 usecs
[   42.007616] [drm] ib test on ring 4 succeeded in 0 usecs
[   43.608781] Adding 8000508k swap on /dev/sda8.  Priority:-2 extents:1 across:8000508k FS
[   45.912607] audit: type=1400 audit(1526742617.236:2): apparmor="STATUS" operation="profile_load" profile="unconfined" name="/usr/bin/man" pid=803 comm="apparmor_parser"
[   45.913604] audit: type=1400 audit(1526742617.236:3): apparmor="STATUS" operation="profile_load" profile="unconfined" name="man_filter" pid=803 comm="apparmor_parser"
[   45.914058] audit: type=1400 audit(1526742617.236:4): apparmor="STATUS" operation="profile_load" profile="unconfined" name="man_groff" pid=803 comm="apparmor_parser"
[   45.986330] audit: type=1400 audit(1526742617.308:5): apparmor="STATUS" operation="profile_load" profile="unconfined" name="libreoffice-oopslash" pid=806 comm="apparmor_parser"
[   46.066598] audit: type=1400 audit(1526742617.388:6): apparmor="STATUS" operation="profile_load" profile="unconfined" name="/sbin/dhclient" pid=804 comm="apparmor_parser"
[   46.067165] audit: type=1400 audit(1526742617.388:7): apparmor="STATUS" operation="profile_load" profile="unconfined" name="/usr/lib/NetworkManager/nm-dhcp-client.action" pid=804 comm="apparmor_parser"
[   46.067609] audit: type=1400 audit(1526742617.388:8): apparmor="STATUS" operation="profile_load" profile="unconfined" name="/usr/lib/NetworkManager/nm-dhcp-helper" pid=804 comm="apparmor_parser"
[   46.068095] audit: type=1400 audit(1526742617.392:9): apparmor="STATUS" operation="profile_load" profile="unconfined" name="/usr/lib/connman/scripts/dhclient-script" pid=804 comm="apparmor_parser"
[   46.116210] audit: type=1400 audit(1526742617.440:10): apparmor="STATUS" operation="profile_load" profile="unconfined" name="/snap/core/4571/usr/lib/snapd/snap-confine" pid=799 comm="apparmor_parser"
[   46.116528] audit: type=1400 audit(1526742617.440:11): apparmor="STATUS" operation="profile_load" profile="unconfined" name="/snap/core/4571/usr/lib/snapd/snap-confine//mount-namespace-capture-helper" pid=799 comm="apparmor_parser"
[   49.924504] [drm] probing gen 2 caps for device 8086:9c18 = 5323c42/0
[   49.924507] [drm] PCIE gen 2 link speeds already enabled
[   49.935537] [drm] PCIE GART of 2048M enabled (table at 0x0000000000040000).
[   49.935656] radeon 0000:0a:00.0: WB enabled
[   49.935659] radeon 0000:0a:00.0: fence driver on ring 0 use gpu addr 0x0000000040000c00 and cpu addr 0x00000000bbec00b6
[   49.935660] radeon 0000:0a:00.0: fence driver on ring 1 use gpu addr 0x0000000040000c04 and cpu addr 0x0000000011247768
[   49.935662] radeon 0000:0a:00.0: fence driver on ring 2 use gpu addr 0x0000000040000c08 and cpu addr 0x00000000e2d07e1c
[   49.935663] radeon 0000:0a:00.0: fence driver on ring 3 use gpu addr 0x0000000040000c0c and cpu addr 0x0000000051a4bf01
[   49.935664] radeon 0000:0a:00.0: fence driver on ring 4 use gpu addr 0x0000000040000c10 and cpu addr 0x0000000097f38c71
[   50.170486] [drm] ring test on 0 succeeded in 1 usecs
[   50.170492] [drm] ring test on 1 succeeded in 1 usecs
[   50.170497] [drm] ring test on 2 succeeded in 1 usecs
[   50.170505] [drm] ring test on 3 succeeded in 4 usecs
[   50.170512] [drm] ring test on 4 succeeded in 4 usecs
[   50.170565] [drm] ib test on ring 0 succeeded in 0 usecs
[   50.170605] [drm] ib test on ring 1 succeeded in 0 usecs
[   50.170660] [drm] ib test on ring 2 succeeded in 0 usecs
[   50.170686] [drm] ib test on ring 3 succeeded in 0 usecs
[   50.170720] [drm] ib test on ring 4 succeeded in 0 usecs
[   55.933279] IPv6: ADDRCONF(NETDEV_UP): eno1: link is not ready
[   56.009983] r8169 0000:09:00.0 eno1: link down
[   56.010075] IPv6: ADDRCONF(NETDEV_UP): eno1: link is not ready
[   56.562481] kauditd_printk_skb: 29 callbacks suppressed
[   56.562483] audit: type=1400 audit(1526742627.884:41): apparmor="STATUS" operation="profile_replace" info="same as current profile, skipping" profile="unconfined" name="snap-update-ns.gnome-system-monitor" pid=1025 comm="apparmor_parser"
[   56.565320] audit: type=1400 audit(1526742627.888:42): apparmor="STATUS" operation="profile_replace" info="same as current profile, skipping" profile="unconfined" name="snap.gnome-system-monitor.gnome-system-monitor" pid=1027 comm="apparmor_parser"
[   57.652235] audit: type=1400 audit(1526742628.976:43): apparmor="STATUS" operation="profile_replace" profile="unconfined" name="/snap/core/4571/usr/lib/snapd/snap-confine" pid=1055 comm="apparmor_parser"
[   57.676165] audit: type=1400 audit(1526742629.000:44): apparmor="STATUS" operation="profile_replace" profile="unconfined" name="/snap/core/4571/usr/lib/snapd/snap-confine//mount-namespace-capture-helper" pid=1055 comm="apparmor_parser"
[   57.684300] audit: type=1400 audit(1526742629.008:45): apparmor="STATUS" operation="profile_replace" info="same as current profile, skipping" profile="unconfined" name="snap-update-ns.core" pid=1057 comm="apparmor_parser"
[   57.687573] audit: type=1400 audit(1526742629.008:46): apparmor="STATUS" operation="profile_replace" info="same as current profile, skipping" profile="unconfined" name="snap.core.hook.configure" pid=1059 comm="apparmor_parser"
[   57.971147] audit: type=1400 audit(1526742629.292:47): apparmor="STATUS" operation="profile_replace" info="same as current profile, skipping" profile="unconfined" name="snap-update-ns.gnome-calculator" pid=1072 comm="apparmor_parser"
[   57.974491] audit: type=1400 audit(1526742629.296:48): apparmor="STATUS" operation="profile_replace" info="same as current profile, skipping" profile="unconfined" name="snap.gnome-calculator.gnome-calculator" pid=1074 comm="apparmor_parser"
[   58.180415] audit: type=1400 audit(1526742629.504:49): apparmor="STATUS" operation="profile_replace" info="same as current profile, skipping" profile="unconfined" name="snap-update-ns.gnome-characters" pid=1081 comm="apparmor_parser"
[   58.185896] audit: type=1400 audit(1526742629.508:50): apparmor="STATUS" operation="profile_replace" info="same as current profile, skipping" profile="unconfined" name="snap.gnome-characters.gnome-characters" pid=1083 comm="apparmor_parser"
[   60.613029] [drm] probing gen 2 caps for device 8086:9c18 = 5323c42/0
[   60.613033] [drm] PCIE gen 2 link speeds already enabled
[   60.623840] [drm] PCIE GART of 2048M enabled (table at 0x0000000000040000).
[   60.623953] radeon 0000:0a:00.0: WB enabled
[   60.623955] radeon 0000:0a:00.0: fence driver on ring 0 use gpu addr 0x0000000040000c00 and cpu addr 0x00000000bbec00b6
[   60.623957] radeon 0000:0a:00.0: fence driver on ring 1 use gpu addr 0x0000000040000c04 and cpu addr 0x0000000011247768
[   60.623958] radeon 0000:0a:00.0: fence driver on ring 2 use gpu addr 0x0000000040000c08 and cpu addr 0x00000000e2d07e1c
[   60.623960] radeon 0000:0a:00.0: fence driver on ring 3 use gpu addr 0x0000000040000c0c and cpu addr 0x0000000051a4bf01
[   60.623961] radeon 0000:0a:00.0: fence driver on ring 4 use gpu addr 0x0000000040000c10 and cpu addr 0x0000000097f38c71
[   60.858549] [drm] ring test on 0 succeeded in 1 usecs
[   60.858556] [drm] ring test on 1 succeeded in 1 usecs
[   60.858561] [drm] ring test on 2 succeeded in 1 usecs
[   60.858569] [drm] ring test on 3 succeeded in 4 usecs
[   60.858576] [drm] ring test on 4 succeeded in 4 usecs
[   60.858702] [drm] ib test on ring 0 succeeded in 0 usecs
[   60.858775] [drm] ib test on ring 1 succeeded in 0 usecs
[   60.858833] [drm] ib test on ring 2 succeeded in 0 usecs
[   60.858847] [drm] ib test on ring 3 succeeded in 0 usecs
[   60.858866] [drm] ib test on ring 4 succeeded in 0 usecs
[   81.888404] [drm] probing gen 2 caps for device 8086:9c18 = 5323c42/0
[   81.888408] [drm] PCIE gen 2 link speeds already enabled
[   81.899142] [drm] PCIE GART of 2048M enabled (table at 0x0000000000040000).
[   81.899248] radeon 0000:0a:00.0: WB enabled
[   81.899251] radeon 0000:0a:00.0: fence driver on ring 0 use gpu addr 0x0000000040000c00 and cpu addr 0x00000000bbec00b6
[   81.899252] radeon 0000:0a:00.0: fence driver on ring 1 use gpu addr 0x0000000040000c04 and cpu addr 0x0000000011247768
[   81.899254] radeon 0000:0a:00.0: fence driver on ring 2 use gpu addr 0x0000000040000c08 and cpu addr 0x00000000e2d07e1c
[   81.899255] radeon 0000:0a:00.0: fence driver on ring 3 use gpu addr 0x0000000040000c0c and cpu addr 0x0000000051a4bf01
[   81.899257] radeon 0000:0a:00.0: fence driver on ring 4 use gpu addr 0x0000000040000c10 and cpu addr 0x0000000097f38c71
[   82.134151] [drm] ring test on 0 succeeded in 1 usecs
[   82.134156] [drm] ring test on 1 succeeded in 1 usecs
[   82.134161] [drm] ring test on 2 succeeded in 1 usecs
[   82.134170] [drm] ring test on 3 succeeded in 4 usecs
[   82.134176] [drm] ring test on 4 succeeded in 4 usecs
[   82.134240] [drm] ib test on ring 0 succeeded in 0 usecs
[   82.134297] [drm] ib test on ring 1 succeeded in 0 usecs
[   82.134353] [drm] ib test on ring 2 succeeded in 0 usecs
[   82.134396] [drm] ib test on ring 3 succeeded in 0 usecs
[   82.134409] [drm] ib test on ring 4 succeeded in 0 usecs
[   86.131541] rfkill: input handler disabled
